Archive member included because of file (symbol)

M:\Users\cetho\workspace.kds\Lab 3\Sources\TSS\libTSS_KXX_M0.a(TSS_ASliderDecoder.o)
                              ./Sources/TSS/TSS_SystemSetupData.o (TSS_ASliderDecoder)
M:\Users\cetho\workspace.kds\Lab 3\Sources\TSS\libTSS_KXX_M0.a(TSS_Filters.o)
                              ./Sources/TSS/TSS_SystemSetupData.o (TSS_KeyDetectorInitPrevCapSample)
M:\Users\cetho\workspace.kds\Lab 3\Sources\TSS\libTSS_KXX_M0.a(TSS_KeyDetector.o)
                              ./Sources/TSS/TSS_SystemSetupData.o (TSS_KeyDetectorRecalibrationRequest)
M:\Users\cetho\workspace.kds\Lab 3\Sources\TSS\libTSS_KXX_M0.a(TSS_Main.o)
                              ./Generated_Code/TSS1.o (TSS_Init)
r:/freescale/kds_v3/toolchain/bin/../lib/gcc/arm-none-eabi/4.8.4/armv6-m\libgcc.a(_udivsi3.o)
                              M:\Users\cetho\workspace.kds\Lab 3\Sources\TSS\libTSS_KXX_M0.a(TSS_ASliderDecoder.o) (__aeabi_uidiv)
r:/freescale/kds_v3/toolchain/bin/../lib/gcc/arm-none-eabi/4.8.4/armv6-m\libgcc.a(_divsi3.o)
                              M:\Users\cetho\workspace.kds\Lab 3\Sources\TSS\libTSS_KXX_M0.a(TSS_ASliderDecoder.o) (__aeabi_idiv)
r:/freescale/kds_v3/toolchain/bin/../lib/gcc/arm-none-eabi/4.8.4/armv6-m\libgcc.a(_dvmd_tls.o)
                              r:/freescale/kds_v3/toolchain/bin/../lib/gcc/arm-none-eabi/4.8.4/armv6-m\libgcc.a(_udivsi3.o) (__aeabi_idiv0)
r:/freescale/kds_v3/toolchain/bin/../lib/gcc/arm-none-eabi/4.8.4/../../../../arm-none-eabi/lib/armv6-m\libg_s.a(lib_a-exit.o)
                              r:/freescale/kds_v3/toolchain/bin/../lib/gcc/arm-none-eabi/4.8.4/../../../../arm-none-eabi/lib/armv6-m/crt0.o (exit)
r:/freescale/kds_v3/toolchain/bin/../lib/gcc/arm-none-eabi/4.8.4/../../../../arm-none-eabi/lib/armv6-m\libg_s.a(lib_a-impure.o)
                              r:/freescale/kds_v3/toolchain/bin/../lib/gcc/arm-none-eabi/4.8.4/../../../../arm-none-eabi/lib/armv6-m\libg_s.a(lib_a-exit.o) (_global_impure_ptr)
r:/freescale/kds_v3/toolchain/bin/../lib/gcc/arm-none-eabi/4.8.4/../../../../arm-none-eabi/lib/armv6-m\libg_s.a(lib_a-init.o)
                              r:/freescale/kds_v3/toolchain/bin/../lib/gcc/arm-none-eabi/4.8.4/../../../../arm-none-eabi/lib/armv6-m/crt0.o (__libc_init_array)
r:/freescale/kds_v3/toolchain/bin/../lib/gcc/arm-none-eabi/4.8.4/../../../../arm-none-eabi/lib/armv6-m\libg_s.a(lib_a-memset.o)
                              r:/freescale/kds_v3/toolchain/bin/../lib/gcc/arm-none-eabi/4.8.4/../../../../arm-none-eabi/lib/armv6-m/crt0.o (memset)
r:/freescale/kds_v3/toolchain/bin/../lib/gcc/arm-none-eabi/4.8.4/../../../../arm-none-eabi/lib/armv6-m\libg_s.a(lib_a-sprintf.o)
                              ./Sources/main.o (sprintf)
r:/freescale/kds_v3/toolchain/bin/../lib/gcc/arm-none-eabi/4.8.4/../../../../arm-none-eabi/lib/armv6-m\libg_s.a(lib_a-svfprintf.o)
                              r:/freescale/kds_v3/toolchain/bin/../lib/gcc/arm-none-eabi/4.8.4/../../../../arm-none-eabi/lib/armv6-m\libg_s.a(lib_a-sprintf.o) (_svfprintf_r)
r:/freescale/kds_v3/toolchain/bin/../lib/gcc/arm-none-eabi/4.8.4/../../../../arm-none-eabi/lib/armv6-m\libg_s.a(lib_a-vfprintf_i.o)
                              r:/freescale/kds_v3/toolchain/bin/../lib/gcc/arm-none-eabi/4.8.4/../../../../arm-none-eabi/lib/armv6-m\libg_s.a(lib_a-svfprintf.o) (_printf_i)
r:/freescale/kds_v3/toolchain/bin/../lib/gcc/arm-none-eabi/4.8.4/../../../../arm-none-eabi/lib/armv6-m\libg_s.a(lib_a-memchr-stub.o)
                              r:/freescale/kds_v3/toolchain/bin/../lib/gcc/arm-none-eabi/4.8.4/../../../../arm-none-eabi/lib/armv6-m\libg_s.a(lib_a-svfprintf.o) (memchr)
r:/freescale/kds_v3/toolchain/bin/../lib/gcc/arm-none-eabi/4.8.4/../../../../arm-none-eabi/lib/armv6-m\libg_s.a(lib_a-memcpy-stub.o)
                              r:/freescale/kds_v3/toolchain/bin/../lib/gcc/arm-none-eabi/4.8.4/../../../../arm-none-eabi/lib/armv6-m\libg_s.a(lib_a-svfprintf.o) (memcpy)
r:/freescale/kds_v3/toolchain/bin/../lib/gcc/arm-none-eabi/4.8.4/../../../../arm-none-eabi/lib/armv6-m\libg_s.a(lib_a-memmove.o)
                              r:/freescale/kds_v3/toolchain/bin/../lib/gcc/arm-none-eabi/4.8.4/../../../../arm-none-eabi/lib/armv6-m\libg_s.a(lib_a-svfprintf.o) (memmove)
r:/freescale/kds_v3/toolchain/bin/../lib/gcc/arm-none-eabi/4.8.4/../../../../arm-none-eabi/lib/armv6-m\libg_s.a(lib_a-nano-freer.o)
                              r:/freescale/kds_v3/toolchain/bin/../lib/gcc/arm-none-eabi/4.8.4/../../../../arm-none-eabi/lib/armv6-m\libg_s.a(lib_a-svfprintf.o) (_free_r)
r:/freescale/kds_v3/toolchain/bin/../lib/gcc/arm-none-eabi/4.8.4/../../../../arm-none-eabi/lib/armv6-m\libg_s.a(lib_a-nano-mallocr.o)
                              r:/freescale/kds_v3/toolchain/bin/../lib/gcc/arm-none-eabi/4.8.4/../../../../arm-none-eabi/lib/armv6-m\libg_s.a(lib_a-svfprintf.o) (_malloc_r)
r:/freescale/kds_v3/toolchain/bin/../lib/gcc/arm-none-eabi/4.8.4/../../../../arm-none-eabi/lib/armv6-m\libg_s.a(lib_a-nano-reallocr.o)
[...]
Memory Configuration

Name             Origin             Length             Attributes
m_interrupts     0x00000000         0x000000c0         xr
m_text           0x00000410         0x0003fbf0         xr
m_data           0x1fffe000         0x00008000         rw
m_cfmprotrom     0x00000400         0x00000010         xr
*default*        0x00000000         0xffffffff

Linker script and memory map

LOAD r:/freescale/kds_v3/toolchain/bin/../lib/gcc/arm-none-eabi/4.8.4/armv6-m/crti.o
LOAD r:/freescale/kds_v3/toolchain/bin/../lib/gcc/arm-none-eabi/4.8.4/armv6-m/crtbegin.o
LOAD r:/freescale/kds_v3/toolchain/bin/../lib/gcc/arm-none-eabi/4.8.4/../../../../arm-none-eabi/lib/armv6-m/crt0.o
LOAD ./Sources/lcd/LCD.o
LOAD ./Sources/lcd/s401.o
LOAD ./Sources/TSS/TSS_Freemaster.o
LOAD ./Sources/TSS/TSS_Sensor.o
LOAD ./Sources/TSS/TSS_SensorGPIO.o
LOAD ./Sources/TSS/TSS_SensorTSI.o
LOAD ./Sources/TSS/TSS_SensorTSIL.o
LOAD ./Sources/TSS/TSS_SystemSetupData.o
LOAD ./Sources/Events.o
LOAD ./Sources/helper.o
LOAD ./Sources/main.o
LOAD ./Project_Settings/Startup_Code/startup.o
LOAD ./Generated_Code/Cpu.o
LOAD ./Generated_Code/GPIO1.o
LOAD ./Generated_Code/LED_GREEN.o
LOAD ./Generated_Code/LED_RED.o
LOAD ./Generated_Code/PE_LDD.o
LOAD ./Generated_Code/PTC.o
LOAD ./Generated_Code/SegLCD1.o
LOAD ./Generated_Code/TI1.o
LOAD ./Generated_Code/TSS1.o
LOAD ./Generated_Code/TU1.o
LOAD ./Generated_Code/Vectors.o
LOAD M:\Users\cetho\workspace.kds\Lab 3\Sources\TSS\libTSS_KXX_M0.a
LOAD r:/freescale/kds_v3/toolchain/bin/../lib/gcc/arm-none-eabi/4.8.4/../../../../arm-none-eabi/lib/armv6-m\libstdc++_s.a
LOAD r:/freescale/kds_v3/toolchain/bin/../lib/gcc/arm-none-eabi/4.8.4/../../../../arm-none-eabi/lib/armv6-m\libm.a
START GROUP
LOAD r:/freescale/kds_v3/toolchain/bin/../lib/gcc/arm-none-eabi/4.8.4/armv6-m\libgcc.a
LOAD r:/freescale/kds_v3/toolchain/bin/../lib/gcc/arm-none-eabi/4.8.4/../../../../arm-none-eabi/lib/armv6-m\libg_s.a
LOAD r:/freescale/kds_v3/toolchain/bin/../lib/gcc/arm-none-eabi/4.8.4/../../../../arm-none-eabi/lib/armv6-m\libc_s.a
END GROUP
START GROUP
LOAD r:/freescale/kds_v3/toolchain/bin/../lib/gcc/arm-none-eabi/4.8.4/armv6-m\libgcc.a
LOAD r:/freescale/kds_v3/toolchain/bin/../lib/gcc/arm-none-eabi/4.8.4/../../../../arm-none-eabi/lib/armv6-m\libc_s.a
LOAD r:/freescale/kds_v3/toolchain/bin/../lib/gcc/arm-none-eabi/4.8.4/../../../../arm-none-eabi/lib/armv6-m\libnosys.a
END GROUP
START GROUP
LOAD r:/freescale/kds_v3/toolchain/bin/../lib/gcc/arm-none-eabi/4.8.4/armv6-m\libgcc.a
LOAD r:/freescale/kds_v3/toolchain/bin/../lib/gcc/arm-none-eabi/4.8.4/../../../../arm-none-eabi/lib/armv6-m\libc_s.a
LOAD r:/freescale/kds_v3/toolchain/bin/../lib/gcc/arm-none-eabi/4.8.4/../../../../arm-none-eabi/lib/armv6-m\libnosys.a
END GROUP
LOAD r:/freescale/kds_v3/toolchain/bin/../lib/gcc/arm-none-eabi/4.8.4/armv6-m/crtend.o
LOAD r:/freescale/kds_v3/toolchain/bin/../lib/gcc/arm-none-eabi/4.8.4/armv6-m/crtn.o
                0x20006000                _estack = 0x20006000
                0x20006000                __SP_INIT = _estack
                0x20006000                __stack = _estack
                0x00000000                __heap_size = 0x0
                0x00000400                __stack_size = 0x400

.interrupts     0x00000000       0xc0
                0x00000000                __vector_table = .
                0x00000000                . = ALIGN (0x4)
 *(.vectortable)
 .vectortable   0x00000000       0xc0 ./Generated_Code/Vectors.o
                0x00000000                __vect_table
                0x000000c0                . = ALIGN (0x4)

.cfmprotect     0x00000400       0x10
                0x00000400                . = ALIGN (0x4)
 *(.cfmconfig)
 .cfmconfig     0x00000400       0x10 ./Generated_Code/Cpu.o
                0x00000400                _cfm
                0x00000410                . = ALIGN (0x4)

.text           0x00000410     0x559c
                0x00000410                . = ALIGN (0x4)
 *(.text)
 .text          0x00000410       0x60 r:/freescale/kds_v3/toolchain/bin/../lib/gcc/arm-none-eabi/4.8.4/armv6-m/crtbegin.o
 .text          0x00000470       0x78 r:/freescale/kds_v3/toolchain/bin/../lib/gcc/arm-none-eabi/4.8.4/../../../../arm-none-eabi/lib/armv6-m/crt0.o
                0x00000470                _start
                0x00000470                _mainCRTStartup
 .text          0x000004e8       0x12 ./Sources/helper.o
                0x000004e8                timerCheck
 *fill*         0x000004fa        0x2 
 .text          0x000004fc      0x7c0 M:\Users\cetho\workspace.kds\Lab 3\Sources\TSS\libTSS_KXX_M0.a(TSS_ASliderDecoder.o)
                0x000004fc                TSS_ASliderDecoder
                0x000009d4                TSS_ASliderCalculatePosIIRFilter
                0x00000a2c                TSS_ASliderDelayControl
                0x00000aa4                TSS_ASliderTrendThreshold
                0x00000ad0                TSS_ASliderTrendControl
                0x00000bac                TSS_SetASliderConfig
                0x00000ca4                TSS_GetASliderConfig
 .text          0x00000cbc      0x5f4 M:\Users\cetho\workspace.kds\Lab 3\Sources\TSS\libTSS_KXX_M0.a(TSS_Filters.o)
                0x00000d6c                TSS_u16NoiseAmplitudeFilter
                0x00000d9e                TSS_i8NoiseAmplitudeFilter
                0x00000dd2                TSS_ShieldEquation
                0x00000e38                TSS_KeyDetectorInitPrevCapSample
                0x00000e4c                TSS_KeyDetectorCalculateIIRFilter
                0x00000e60                TSS_KeyDetectorCalculateShielding
                0x00000e74                TSS_KeyDetectorSignalDivider
                0x00000e90                TSS_KeyDetectorSignalMultiplier
                0x00000ec0                TSS_AutoCalibration
                0x000010cc                TSS_DeltaNoiseAnalysisBufferControl
                0x00001234                TSS_DeltaNoiseAnalysisIIRControl
 .text          0x000012b0      0xcd8 M:\Users\cetho\workspace.kds\Lab 3\Sources\TSS\libTSS_KXX_M0.a(TSS_KeyDetector.o)
                0x0000132e                TSS_KeyDetectorResetElectrodeDebouncing
                0x0000134c                TSS_KeyDetectorResetElectrode
                0x0000136c                TSS_KeyDetectorRestartElectrode
                0x0000145c                TSS_KeyDetectorRecalibrationRequest
                0x0000146e                TSS_KeyDetectorRecalibrateModules
                0x000014c0                TSS_KeyDetectorGetGroupCounter
                0x000014ec                TSS_KeyDetectorDecoderDataInit
                0x00001560                TSS_KeyDetectorInit
                0x00001584                TSS_KeyDetectorResetElectrodeMeasured
                0x000015b0                TSS_KeyDetectorFillDeltaLogBuffer
                0x000015c8                TSS_KeyDetectorFillSignalLogBuffer
                0x000015dc                TSS_KeyDetectorStuckKeyControl
                0x00001628                TSS_KeyDetectorResetStuckKeyCounter
                0x00001634                TSS_KeyDetectorDetect
                0x00001814                TSS_KeyDetectorDetectDecoder
                0x00001878                TSS_KeyDetectorNegativeBaselineDrop
                0x00001908                TSS_KeyDetectorCalibrate
                0x0000193c                TSS_KeyDetectorCalculateDelta
                0x00001c08                TSS_KeyDetectorMainSequenced
                0x00001da8                TSS_KeyDetectorMain
                0x00001f58                TSS_KeyDetectorSetControlIdle
 .text          0x00001f88      0x9ac M:\Users\cetho\workspace.kds\Lab 3\Sources\TSS\libTSS_KXX_M0.a(TSS_Main.o)
                0x00001f88                TSS_InitRegisterArrays
                0x00001fd8                TSS_InitInternalArrays
                0x0000208c                TSS_Init
                0x0000210c                TSS_DataCorruptionCheck
                0x000021b0                TSS_ExecuteDecoders
                0x0000223c                TSS_FaultEvaluation
                0x0000229c                TSS_TriggerControl
                0x000022f0                TSS_Task
                0x00002384                TSS_TaskSeq
                0x00002418                TSS_SetControlPrivateData
                0x00002424                TSS_GetControlPrivateData
                0x00002430                TSS_GetControlStruct
                0x0000243c                TSS_GetControlElectrodeNumber
                0x0000245c                TSS_GetControlFirstElectrodeIndex
                0x00002470                TSS_GetControlLastElectrodeIndex
                0x00002480                TSS_TriggerConfig
                0x00002504                TSS_LowPowerConfig
                0x000025c8                TSS_ProximityConfig
                0x00002620                TSS_SetSystemConfig
                0x00002860                TSS_GetSystemConfig
 .text          0x00002934       0x9c r:/freescale/kds_v3/toolchain/bin/../lib/gcc/arm-none-eabi/4.8.4/armv6-m\libgcc.a(_udivsi3.o)
                0x00002934                __aeabi_uidiv
                0x00002934                __udivsi3
                0x000029bc                __aeabi_uidivmod
 .text          0x000029d0       0xc0 r:/freescale/kds_v3/toolchain/bin/../lib/gcc/arm-none-eabi/4.8.4/armv6-m\libgcc.a(_divsi3.o)
                0x000029d0                __divsi3
                0x000029d0                __aeabi_idiv
                0x00002a7c                __aeabi_idivmod
 .text          0x00002a90        0x4 r:/freescale/kds_v3/toolchain/bin/../lib/gcc/arm-none-eabi/4.8.4/armv6-m\libgcc.a(_dvmd_tls.o)
                0x00002a90                __aeabi_idiv0
                0x00002a90                __aeabi_ldiv0
 *(.text*)
 .text.vfnLCD_Write_Msg
                0x00002a94       0x74 ./Sources/lcd/LCD.o
                0x00002a94                vfnLCD_Write_Msg
 .text.vfnLCD_All_Segments_OFF
                0x00002b08       0x48 ./Sources/lcd/LCD.o
                0x00002b08                vfnLCD_All_Segments_OFF
 .text.vfnLCD_Write_Char
                0x00002b50      0x120 ./Sources/lcd/LCD.o
                0x00002b50                vfnLCD_Write_Char
 .text.TSS_SensorInit
                0x00002c70      0x13c ./Sources/TSS/TSS_Sensor.o
                0x00002c70                TSS_SensorInit
 .text.TSIL_InitModule
                0x00002dac       0x38 ./Sources/TSS/TSS_SensorTSIL.o
                0x00002dac                TSIL_InitModule
 .text.TSIL_SetNSamples
                0x00002de4       0x68 ./Sources/TSS/TSS_SensorTSIL.o
                0x00002de4                TSIL_SetNSamples
 .text.TSIL_InitLowPower
                0x00002e4c       0x90 ./Sources/TSS/TSS_SensorTSIL.o
                0x00002e4c                TSIL_InitLowPower
 .text.TSIL_InitPEN
                0x00002edc      0x248 ./Sources/TSS/TSS_SensorTSIL.o
                0x00002edc                TSIL_InitPEN
 .text.TSIL_Recalibrate
                0x00003124      0x5cc ./Sources/TSS/TSS_SensorTSIL.o
                0x00003124                TSIL_Recalibrate
 .text.TSIL_InitThresholds
                0x000036f0      0x118 ./Sources/TSS/TSS_SensorTSIL.o
                0x000036f0                TSIL_InitThresholds
 .text.TSIL_InitTrigger
                0x00003808      0x1b8 ./Sources/TSS/TSS_SensorTSIL.o
                0x00003808                TSIL_InitTrigger
 .text.TSIL_MethodControl
                0x000039c0      0x364 ./Sources/TSS/TSS_SensorTSIL.o
                0x000039c0                TSIL_MethodControl
 .text.TSIL_ReadCounter
                0x00003d24       0xd0 ./Sources/TSS/TSS_SensorTSIL.o
                0x00003d24                TSIL_ReadCounter
 .text.TSIL_HandleMeasurement
                0x00003df4       0xf8 ./Sources/TSS/TSS_SensorTSIL.o
                0x00003df4                TSIL_HandleMeasurement
 .text.TSIL_SampleElectrode
                0x00003eec      0x1d8 ./Sources/TSS/TSS_SensorTSIL.o
                0x00003eec                TSIL_SampleElectrode
 .text.TSS_TSI0Isr
                0x000040c4      0x1a4 ./Sources/TSS/TSS_SensorTSIL.o
                0x000040c4                TSS_TSI0Isr
 .text.TSS_IIRFilterEquation
                0x00004268       0x3c ./Sources/TSS/TSS_SystemSetupData.o
                0x00004268                TSS_IIRFilterEquation
 .text.Cpu_OnNMIINT
                0x000042a4        0x8 ./Sources/Events.o
                0x000042a4                Cpu_OnNMIINT
 .text.TI1_OnInterrupt
                0x000042ac       0x14 ./Sources/Events.o
                0x000042ac                TI1_OnInterrupt
 .text.GPIO1_OnPortEvent
                0x000042c0       0x10 ./Sources/Events.o
                0x000042c0                GPIO1_OnPortEvent
 .text.TSS1_fOnFault
                0x000042d0       0x3c ./Sources/Events.o
                0x000042d0                TSS1_fOnFault
 .text.TSS1_fOnInit
                0x0000430c        0xc ./Sources/Events.o
                0x0000430c                TSS1_fOnInit
 .text.TSS1_fCallBack0
                0x00004318       0x50 ./Sources/Events.o
                0x00004318                TSS1_fCallBack0
 .text.respondToTimerInterrupt
                0x00004368       0x44 ./Sources/main.o
                0x00004368                respondToTimerInterrupt
 .text.writeToLCD
                0x000043ac       0x30 ./Sources/main.o
                0x000043ac                writeToLCD
 .text.main     0x000043dc       0x70 ./Sources/main.o
                0x000043dc                main
 .text.__copy_rom_section
                0x0000444c       0xd8 ./Project_Settings/Startup_Code/startup.o
                0x0000444c                __copy_rom_section
 .text.__copy_rom_sections_to_ram
                0x00004524       0x98 ./Project_Settings/Startup_Code/startup.o
                0x00004524                __copy_rom_sections_to_ram
 .text.__init_registers
                0x000045bc        0x8 ./Project_Settings/Startup_Code/startup.o
                0x000045bc                __init_registers
 .text.__init_user
                0x000045c4        0x8 ./Project_Settings/Startup_Code/startup.o
                0x000045c4                __init_user
 .text.__thumb_startup
                0x000045cc       0x30 ./Project_Settings/Startup_Code/startup.o
                0x000045cc                __thumb_startup
 .text.Cpu_INT_NMIInterrupt
                0x000045fc        0xc ./Generated_Code/Cpu.o
                0x000045fc                Cpu_INT_NMIInterrupt
 .text.Cpu_Interrupt
                0x00004608        0xc ./Generated_Code/Cpu.o
                0x00004608                Cpu_Interrupt
 .text.__init_hardware
                0x00004614      0x164 ./Generated_Code/Cpu.o
                0x00004614                __init_hardware
 .text.PE_low_level_init
                0x00004778      0x12c ./Generated_Code/Cpu.o
                0x00004778                PE_low_level_init
 .text.GPIO1_Init
                0x000048a4       0xa8 ./Generated_Code/GPIO1.o
                0x000048a4                GPIO1_Init
 .text.GPIO1_Interrupt
                0x0000494c       0x44 ./Generated_Code/GPIO1.o
                0x0000494c                GPIO1_Interrupt
 .text.LED_GREEN_Init
                0x00004990       0x60 ./Generated_Code/LED_GREEN.o
                0x00004990                LED_GREEN_Init
 .text.LED_RED_Init
                0x000049f0       0x64 ./Generated_Code/LED_RED.o
                0x000049f0                LED_RED_Init
 .text.PTC_Init
                0x00004a54       0x18 ./Generated_Code/PTC.o
                0x00004a54                PTC_Init
 .text.SegLCD1_Init
                0x00004a6c      0x1a0 ./Generated_Code/SegLCD1.o
                0x00004a6c                SegLCD1_Init
 .text.TI1_Init
                0x00004c0c       0x50 ./Generated_Code/TI1.o
                0x00004c0c                TI1_Init
 .text.TU1_OnCounterRestart
                0x00004c5c       0x24 ./Generated_Code/TI1.o
                0x00004c5c                TU1_OnCounterRestart
 .text.TSS1_InitDevices
                0x00004c80       0x44 ./Generated_Code/TSS1.o
                0x00004c80                TSS1_InitDevices
 .text.TSS1_Configure
                0x00004cc4      0x158 ./Generated_Code/TSS1.o
                0x00004cc4                TSS1_Configure
 .text.TU1_Init
                0x00004e1c       0xc0 ./Generated_Code/TU1.o
                0x00004e1c                TU1_Init
 .text.TU1_Interrupt
                0x00004edc       0x30 ./Generated_Code/TU1.o
                0x00004edc                TU1_Interrupt
 .text.exit     0x00004f0c       0x2c r:/freescale/kds_v3/toolchain/bin/../lib/gcc/arm-none-eabi/4.8.4/../../../../arm-none-eabi/lib/armv6-m\libg_s.a(lib_a-exit.o)
                0x00004f0c                exit
 .text.__libc_init_array
                0x00004f38       0x4c r:/freescale/kds_v3/toolchain/bin/../lib/gcc/arm-none-eabi/4.8.4/../../../../arm-none-eabi/lib/armv6-m\libg_s.a(lib_a-init.o)
                0x00004f38                __libc_init_array
 .text.memset   0x00004f84       0x10 r:/freescale/kds_v3/toolchain/bin/../lib/gcc/arm-none-eabi/4.8.4/../../../../arm-none-eabi/lib/armv6-m\libg_s.a(lib_a-memset.o)
                0x00004f84                memset
 .text.sprintf  0x00004f94       0x44 r:/freescale/kds_v3/toolchain/bin/../lib/gcc/arm-none-eabi/4.8.4/../../../../arm-none-eabi/lib/armv6-m\libg_s.a(lib_a-sprintf.o)
                0x00004f94                siprintf
                0x00004f94                sprintf
 .text.__ssputs_r
                0x00004fd8       0xc0 r:/freescale/kds_v3/toolchain/bin/../lib/gcc/arm-none-eabi/4.8.4/../../../../arm-none-eabi/lib/armv6-m\libg_s.a(lib_a-svfprintf.o)
                0x00004fd8                __ssputs_r
 .text._svfprintf_r
                0x00005098      0x1e0 r:/freescale/kds_v3/toolchain/bin/../lib/gcc/arm-none-eabi/4.8.4/../../../../arm-none-eabi/lib/armv6-m\libg_s.a(lib_a-svfprintf.o)
                0x00005098                _svfiprintf_r
                0x00005098                _svfprintf_r
 .text._printf_common
                0x00005278       0xe8 r:/freescale/kds_v3/toolchain/bin/../lib/gcc/arm-none-eabi/4.8.4/../../../../arm-none-eabi/lib/armv6-m\libg_s.a(lib_a-vfprintf_i.o)
                0x00005278                _printf_common
 .text._printf_i
                0x00005360      0x22c r:/freescale/kds_v3/toolchain/bin/../lib/gcc/arm-none-eabi/4.8.4/../../../../arm-none-eabi/lib/armv6-m\libg_s.a(lib_a-vfprintf_i.o)
                0x00005360                _printf_i
 .text.memchr   0x0000558c       0x16 r:/freescale/kds_v3/toolchain/bin/../lib/gcc/arm-none-eabi/4.8.4/../../../../arm-none-eabi/lib/armv6-m\libg_s.a(lib_a-memchr-stub.o)
                0x0000558c                memchr
 .text.memcpy   0x000055a2       0x12 r:/freescale/kds_v3/toolchain/bin/../lib/gcc/arm-none-eabi/4.8.4/../../../../arm-none-eabi/lib/armv6-m\libg_s.a(lib_a-memcpy-stub.o)
                0x000055a2                memcpy
 .text.memmove  0x000055b4       0x32 r:/freescale/kds_v3/toolchain/bin/../lib/gcc/arm-none-eabi/4.8.4/../../../../arm-none-eabi/lib/armv6-m\libg_s.a(lib_a-memmove.o)
                0x000055b4                memmove
 *fill*         0x000055e6        0x2 
 .text._free_r  0x000055e8       0x90 r:/freescale/kds_v3/toolchain/bin/../lib/gcc/arm-none-eabi/4.8.4/../../../../arm-none-eabi/lib/armv6-m\libg_s.a(lib_a-nano-freer.o)
                0x000055e8                _free_r
 .text._malloc_r
                0x00005678       0xa8 r:/freescale/kds_v3/toolchain/bin/../lib/gcc/arm-none-eabi/4.8.4/../../../../arm-none-eabi/lib/armv6-m\libg_s.a(lib_a-nano-mallocr.o)
                0x00005678                _malloc_r
 .text._realloc_r
                0x00005720       0x4c r:/freescale/kds_v3/toolchain/bin/../lib/gcc/arm-none-eabi/4.8.4/../../../../arm-none-eabi/lib/armv6-m\libg_s.a(lib_a-nano-reallocr.o)
                0x00005720                _realloc_r
 .text._sbrk_r  0x0000576c       0x24 r:/freescale/kds_v3/toolchain/bin/../lib/gcc/arm-none-eabi/4.8.4/../../../../arm-none-eabi/lib/armv6-m\libg_s.a(lib_a-sbrkr.o)
                0x0000576c                _sbrk_r
 .text.strlen   0x00005790        0xe r:/freescale/kds_v3/toolchain/bin/../lib/gcc/arm-none-eabi/4.8.4/../../../../arm-none-eabi/lib/armv6-m\libg_s.a(lib_a-strlen.o)
                0x00005790                strlen
 .text._malloc_usable_size_r
                0x0000579e       0x12 r:/freescale/kds_v3/toolchain/bin/../lib/gcc/arm-none-eabi/4.8.4/../../../../arm-none-eabi/lib/armv6-m\libg_s.a(lib_a-nano-msizer.o)
                0x0000579e                _malloc_usable_size_r
 .text._sbrk    0x000057b0       0x34 r:/freescale/kds_v3/toolchain/bin/../lib/gcc/arm-none-eabi/4.8.4/../../../../arm-none-eabi/lib/armv6-m\libnosys.a(sbrk.o)
                0x000057b0                _sbrk
 .text._exit    0x000057e4        0x4 r:/freescale/kds_v3/toolchain/bin/../lib/gcc/arm-none-eabi/4.8.4/../../../../arm-none-eabi/lib/armv6-m\libnosys.a(_exit.o)
                0x000057e4                _exit
 *(.rodata)
 .rodata        0x000057e8        0x8 ./Sources/main.o
 *(.rodata*)
 .rodata.WF_ORDERING_TABLE
                0x000057f0        0xc ./Sources/lcd/s401.o
                0x000057f0                WF_ORDERING_TABLE
 .rodata.ASCII_TO_WF_CODIFICATION_TABLE
                0x000057fc       0x64 ./Sources/lcd/s401.o
                0x000057fc                ASCII_TO_WF_CODIFICATION_TABLE
 .rodata.tss_faSampleElectrode
                0x00005860        0x8 ./Sources/TSS/TSS_Sensor.o
                0x00005860                tss_faSampleElectrode
 .rodata.tss_acp8ElectrodeROMData
                0x00005868        0x8 ./Sources/TSS/TSS_Sensor.o
                0x00005868                tss_acp8ElectrodeROMData
 .rodata.TSS_TSIL0_METHOD_ROMDATA_CONTEXT
                0x00005870       0x10 ./Sources/TSS/TSS_SensorTSIL.o
                0x00005870                TSS_TSIL0_METHOD_ROMDATA_CONTEXT
 .rodata.TSS_E0_ROMDATA_CONTEXT
                0x00005880        0xc ./Sources/TSS/TSS_SensorTSIL.o
                0x00005880                TSS_E0_ROMDATA_CONTEXT
 .rodata.TSS_E1_ROMDATA_CONTEXT
                0x0000588c        0xc ./Sources/TSS/TSS_SensorTSIL.o
                0x0000588c                TSS_E1_ROMDATA_CONTEXT
 .rodata.TSS_C0_STRUCTURE_CONTEXT
                0x00005898       0x14 ./Sources/TSS/TSS_SystemSetupData.o
                0x00005898                TSS_C0_STRUCTURE_CONTEXT
 .rodata.tss_faCallback
                0x000058ac        0x4 ./Sources/TSS/TSS_SystemSetupData.o
                0x000058ac                tss_faCallback
 .rodata.tss_acpsDecContext
                0x000058b0        0x4 ./Sources/TSS/TSS_SystemSetupData.o
                0x000058b0                tss_acpsDecContext
 .rodata.tss_acpsCSStructs
                0x000058b4        0x4 ./Sources/TSS/TSS_SystemSetupData.o
                0x000058b4                tss_acpsCSStructs
 .rodata.tss_cau8CntrlElecBound
                0x000058b8        0x4 ./Sources/TSS/TSS_SystemSetupData.o
                0x000058b8                tss_cau8CntrlElecBound
 .rodata.tss_faDecoders
                0x000058bc        0x4 ./Sources/TSS/TSS_SystemSetupData.o
                0x000058bc                tss_faDecoders
 .rodata.tss_fExecuteDecoders
                0x000058c0        0x4 ./Sources/TSS/TSS_SystemSetupData.o
                0x000058c0                tss_fExecuteDecoders
 .rodata.tss_fKeyDetectorDetectDecoder
                0x000058c4        0x4 ./Sources/TSS/TSS_SystemSetupData.o
                0x000058c4                tss_fKeyDetectorDetectDecoder
 .rodata.tss_fDecoderDataInit
                0x000058c8        0x4 ./Sources/TSS/TSS_SystemSetupData.o
                0x000058c8                tss_fDecoderDataInit
 .rodata.tss_cu8NumElecs
                0x000058cc        0x1 ./Sources/TSS/TSS_SystemSetupData.o
                0x000058cc                tss_cu8NumElecs
 .rodata.tss_cu8NumCtrls
                0x000058cd        0x1 ./Sources/TSS/TSS_SystemSetupData.o
                0x000058cd                tss_cu8NumCtrls
 .rodata.tss_cu8ElecBitFldLn
                0x000058ce        0x1 ./Sources/TSS/TSS_SystemSetupData.o
                0x000058ce                tss_cu8ElecBitFldLn
 .rodata.tss_cu8CtrlBitFldLn
                0x000058cf        0x1 ./Sources/TSS/TSS_SystemSetupData.o
                0x000058cf                tss_cu8CtrlBitFldLn
 .rodata.tss_fCalculateIIRFilter
                0x000058d0        0x4 ./Sources/TSS/TSS_SystemSetupData.o
                0x000058d0                tss_fCalculateIIRFilter
 .rodata.tss_fCalculateShielding
                0x000058d4        0x4 ./Sources/TSS/TSS_SystemSetupData.o
                0x000058d4                tss_fCalculateShielding
 .rodata.tss_fInitPrevCapSample
                0x000058d8        0x4 ./Sources/TSS/TSS_SystemSetupData.o
                0x000058d8                tss_fInitPrevCapSample
 .rodata.tss_fFillDeltaLoglBuffer
                0x000058dc        0x4 ./Sources/TSS/TSS_SystemSetupData.o
                0x000058dc                tss_fFillDeltaLoglBuffer
 .rodata.tss_fFillSignalLoglBuffer
                0x000058e0        0x4 ./Sources/TSS/TSS_SystemSetupData.o
                0x000058e0                tss_fFillSignalLoglBuffer
 .rodata.tss_fDataCorruptionCheck
                0x000058e4        0x4 ./Sources/TSS/TSS_SystemSetupData.o
                0x000058e4                tss_fDataCorruptionCheck
 .rodata.tss_fFmstrCall
                0x000058e8        0x4 ./Sources/TSS/TSS_SystemSetupData.o
                0x000058e8                tss_fFmstrCall
 .rodata.tss_fTriggerConfig
                0x000058ec        0x4 ./Sources/TSS/TSS_SystemSetupData.o
                0x000058ec                tss_fTriggerConfig
 .rodata.tss_fTriggerControl
                0x000058f0        0x4 ./Sources/TSS/TSS_SystemSetupData.o
                0x000058f0                tss_fTriggerControl
 .rodata.tss_fLowPowerConfig
                0x000058f4        0x4 ./Sources/TSS/TSS_SystemSetupData.o
                0x000058f4                tss_fLowPowerConfig
 .rodata.tss_fOnFault
                0x000058f8        0x4 ./Sources/TSS/TSS_SystemSetupData.o
                0x000058f8                tss_fOnFault
 .rodata.tss_fOnInit
                0x000058fc        0x4 ./Sources/TSS/TSS_SystemSetupData.o
                0x000058fc                tss_fOnInit
 .rodata.tss_cu8APosFilterWeight
                0x00005900        0x1 ./Sources/TSS/TSS_SystemSetupData.o
                0x00005900                tss_cu8APosFilterWeight
 *fill*         0x00005901        0x3 
 .rodata.tss_fASliderCalculatePosIIRFilter
                0x00005904        0x4 ./Sources/TSS/TSS_SystemSetupData.o
                0x00005904                tss_fASliderCalculatePosIIRFilter
 .rodata.tss_cu8ASliderDelayBufferLength
                0x00005908        0x1 ./Sources/TSS/TSS_SystemSetupData.o
                0x00005908                tss_cu8ASliderDelayBufferLength
 *fill*         0x00005909        0x3 
 .rodata.tss_fASliderDelayControl
                0x0000590c        0x4 ./Sources/TSS/TSS_SystemSetupData.o
                0x0000590c                tss_fASliderDelayControl
 .rodata.tss_cu8ASliderTrendBufferLength
                0x00005910        0x1 ./Sources/TSS/TSS_SystemSetupData.o
                0x00005910                tss_cu8ASliderTrendBufferLength
 .rodata.tss_i8ASliderTrendThreshold
                0x00005911        0x1 ./Sources/TSS/TSS_SystemSetupData.o
                0x00005911                tss_i8ASliderTrendThreshold
 *fill*         0x00005912        0x2 
 .rodata.tss_fASliderTrendThreshold
                0x00005914        0x4 ./Sources/TSS/TSS_SystemSetupData.o
                0x00005914                tss_fASliderTrendThreshold
 .rodata.tss_fASliderTrendControl
                0x00005918        0x4 ./Sources/TSS/TSS_SystemSetupData.o
                0x00005918                tss_fASliderTrendControl
 .rodata.tss_fOnProximity
                0x0000591c        0x4 ./Sources/TSS/TSS_SystemSetupData.o
                0x0000591c                tss_fOnProximity
 .rodata.tss_fProximityConfig
                0x00005920        0x4 ./Sources/TSS/TSS_SystemSetupData.o
                0x00005920                tss_fProximityConfig
 .rodata.tss_fStuckKeyControl
                0x00005924        0x4 ./Sources/TSS/TSS_SystemSetupData.o
                0x00005924                tss_fStuckKeyControl
 .rodata.tss_fResetStuckKeyCounter
                0x00005928        0x4 ./Sources/TSS/TSS_SystemSetupData.o
                0x00005928                tss_fResetStuckKeyCounter
 .rodata.tss_fNegativeBaselineDrop
                0x0000592c        0x4 ./Sources/TSS/TSS_SystemSetupData.o
                0x0000592c                tss_fNegativeBaselineDrop
 .rodata.tss_fKeyDetectorRecalibrationRequest
                0x00005930        0x4 ./Sources/TSS/TSS_SystemSetupData.o
                0x00005930                tss_fKeyDetectorRecalibrationRequest
 .rodata.tss_fSignalDivider
                0x00005934        0x4 ./Sources/TSS/TSS_SystemSetupData.o
                0x00005934                tss_fSignalDivider
 .rodata.tss_fSignalMultiplier
                0x00005938        0x4 ./Sources/TSS/TSS_SystemSetupData.o
                0x00005938                tss_fSignalMultiplier
 .rodata.tss_fAutoCalibration
                0x0000593c        0x4 ./Sources/TSS/TSS_SystemSetupData.o
                0x0000593c                tss_fAutoCalibration
 .rodata.tss_fDeltaNoiseAnalysisBufferControl
                0x00005940        0x4 ./Sources/TSS/TSS_SystemSetupData.o
                0x00005940                tss_fDeltaNoiseAnalysisBufferControl
 .rodata.tss_fDeltaNoiseAnalysisIIRControl
                0x00005944        0x4 ./Sources/TSS/TSS_SystemSetupData.o
                0x00005944                tss_fDeltaNoiseAnalysisIIRControl
 .rodata.tss_u8BaselineInitLength
                0x00005948        0x1 ./Sources/TSS/TSS_SystemSetupData.o
                0x00005948                tss_u8BaselineInitLength
 .rodata.tss_u8AutoCalibInitLength
                0x00005949        0x1 ./Sources/TSS/TSS_SystemSetupData.o
                0x00005949                tss_u8AutoCalibInitLength
 .rodata.tss_u8DeltaNoiseAnalysisBufferLength
                0x0000594a        0x1 ./Sources/TSS/TSS_SystemSetupData.o
                0x0000594a                tss_u8DeltaNoiseAnalysisBufferLength
 .rodata.tss_i8DeltaNoiseAnalysisIIRWeight1
                0x0000594b        0x1 ./Sources/TSS/TSS_SystemSetupData.o
                0x0000594b                tss_i8DeltaNoiseAnalysisIIRWeight1
 .rodata.tss_i8DeltaNoiseAnalysisIIRWeight2
                0x0000594c        0x1 ./Sources/TSS/TSS_SystemSetupData.o
                0x0000594c                tss_i8DeltaNoiseAnalysisIIRWeight2
 *fill*         0x0000594d        0x3 
 .rodata.tss_csASCContext
                0x00005950        0x8 ./Sources/TSS/TSS_SystemSetupData.o
                0x00005950                tss_csASCContext
 .rodata.str1.1
                0x00005958        0x2 r:/freescale/kds_v3/toolchain/bin/../lib/gcc/arm-none-eabi/4.8.4/../../../../arm-none-eabi/lib/armv6-m\libg_s.a(lib_a-impure.o)
 *fill*         0x0000595a        0x2 
 .rodata._global_impure_ptr
                0x0000595c        0x4 r:/freescale/kds_v3/toolchain/bin/../lib/gcc/arm-none-eabi/4.8.4/../../../../arm-none-eabi/lib/armv6-m\libg_s.a(lib_a-impure.o)
                0x0000595c                _global_impure_ptr
 .rodata.str1.1
                0x00005960       0x11 r:/freescale/kds_v3/toolchain/bin/../lib/gcc/arm-none-eabi/4.8.4/../../../../arm-none-eabi/lib/armv6-m\libg_s.a(lib_a-svfprintf.o)
 .rodata.str1.1
                0x00005971       0x22 r:/freescale/kds_v3/toolchain/bin/../lib/gcc/arm-none-eabi/4.8.4/../../../../arm-none-eabi/lib/armv6-m\libg_s.a(lib_a-vfprintf_i.o)
 *(.glue_7)
 .glue_7        0x00000000        0x0 linker stubs
 *(.glue_7t)
 .glue_7t       0x00000000        0x0 linker stubs
 *(.eh_frame)
 *fill*         0x00005993        0x1 
 .eh_frame      0x00005994        0x0 r:/freescale/kds_v3/toolchain/bin/../lib/gcc/arm-none-eabi/4.8.4/armv6-m/crtbegin.o
 *(.init)
 .init          0x00005994        0x4 r:/freescale/kds_v3/toolchain/bin/../lib/gcc/arm-none-eabi/4.8.4/armv6-m/crti.o
                0x00005994                _init
 .init          0x00005998        0x8 r:/freescale/kds_v3/toolchain/bin/../lib/gcc/arm-none-eabi/4.8.4/armv6-m/crtn.o
 *(.fini)
 .fini          0x000059a0        0x4 r:/freescale/kds_v3/toolchain/bin/../lib/gcc/arm-none-eabi/4.8.4/armv6-m/crti.o
                0x000059a0                _fini
 .fini          0x000059a4        0x8 r:/freescale/kds_v3/toolchain/bin/../lib/gcc/arm-none-eabi/4.8.4/armv6-m/crtn.o
                0x000059ac                . = ALIGN (0x4)
                0x000059ac                _etext = .

.vfp11_veneer   0x000059ac        0x0
 .vfp11_veneer  0x00000000        0x0 linker stubs

.v4_bx          0x000059ac        0x0
 .v4_bx         0x00000000        0x0 linker stubs

.iplt           0x000059ac        0x0
 .iplt          0x00000000        0x0 r:/freescale/kds_v3/toolchain/bin/../lib/gcc/arm-none-eabi/4.8.4/armv6-m/crtbegin.o

.ARM.extab
 *(.ARM.extab* .gnu.linkonce.armextab.*)

.ARM            0x000059ac        0x8
                0x000059ac                __exidx_start = .
 *(.ARM.exidx*)
 .ARM.exidx     0x000059ac        0x8 r:/freescale/kds_v3/toolchain/bin/../lib/gcc/arm-none-eabi/4.8.4/../../../../arm-none-eabi/lib/armv6-m/crt0.o
                0x000059b4                __exidx_end = .

.rel.dyn        0x000059b4        0x0
 .rel.iplt      0x00000000        0x0 r:/freescale/kds_v3/toolchain/bin/../lib/gcc/arm-none-eabi/4.8.4/armv6-m/crtbegin.o

.ctors          0x000059b4        0x0
                0x000059b4                __CTOR_LIST__ = .
 *crtbegin.o(.ctors)
 *(EXCLUDE_FILE(*crtend.o) .ctors)
 *(SORT(.ctors.*))
 *(.ctors)
                0x000059b4                __CTOR_END__ = .

.dtors          0x000059b4        0x0
                0x000059b4                __DTOR_LIST__ = .
 *crtbegin.o(.dtors)
 *(EXCLUDE_FILE(*crtend.o) .dtors)
 *(SORT(.dtors.*))
 *(.dtors)
                0x000059b4                __DTOR_END__ = .

.preinit_array  0x000059b4        0x0
                0x000059b4                PROVIDE (__preinit_array_start, .)
 *(.preinit_array*)
                0x000059b4                PROVIDE (__preinit_array_end, .)

.init_array     0x000059b4        0x4
                0x000059b4                PROVIDE (__init_array_start, .)
 *(SORT(.init_array.*))
 *(.init_array*)
 .init_array    0x000059b4        0x4 r:/freescale/kds_v3/toolchain/bin/../lib/gcc/arm-none-eabi/4.8.4/armv6-m/crtbegin.o
                0x000059b8                PROVIDE (__init_array_end, .)

.fini_array     0x000059b8        0x4
                0x000059b8                PROVIDE (__fini_array_start, .)
 *(SORT(.fini_array.*))
 *(.fini_array*)
 .fini_array    0x000059b8        0x4 r:/freescale/kds_v3/toolchain/bin/../lib/gcc/arm-none-eabi/4.8.4/armv6-m/crtbegin.o
                0x000059bc                PROVIDE (__fini_array_end, .)
                0x000059bc                ___ROM_AT = .

.mtb            0x1fffe000        0x0
                0x1fffe000                . = ALIGN (0x8)
                0x1fffe000                _mtb_start = .
 *(.mtb_buf)
                0x1fffe000                . = ALIGN (0x8)
                0x1fffe000                _mtb_end = .

.data           0x1fffe000       0x74 load address 0x000059bc
                0x1fffe000                . = ALIGN (0x4)
                0x1fffe000                _sdata = .
 *(.data)
 .data          0x1fffe000        0x1 M:\Users\cetho\workspace.kds\Lab 3\Sources\TSS\libTSS_KXX_M0.a(TSS_KeyDetector.o)
 *(.data*)
 *fill*         0x1fffe001        0x3 
 .data.AnalogSlider
                0x1fffe004        0x8 ./Sources/TSS/TSS_SystemSetupData.o
                0x1fffe004                AnalogSlider
 .data.CurrentTime
                0x1fffe00c        0x4 ./Sources/main.o
                0x1fffe00c                CurrentTime
 .data.impure_data
                0x1fffe010       0x60 r:/freescale/kds_v3/toolchain/bin/../lib/gcc/arm-none-eabi/4.8.4/../../../../arm-none-eabi/lib/armv6-m\libg_s.a(lib_a-impure.o)
 .data._impure_ptr
                0x1fffe070        0x4 r:/freescale/kds_v3/toolchain/bin/../lib/gcc/arm-none-eabi/4.8.4/../../../../arm-none-eabi/lib/armv6-m\libg_s.a(lib_a-impure.o)
                0x1fffe070                _impure_ptr
                0x1fffe074                . = ALIGN (0x4)
                0x1fffe074                _edata = .
                0x00000074                ___data_size = (_edata - _sdata)

.jcr            0x1fffe074        0x0 load address 0x00005a30
 .jcr           0x1fffe074        0x0 r:/freescale/kds_v3/toolchain/bin/../lib/gcc/arm-none-eabi/4.8.4/armv6-m/crtbegin.o

.igot.plt       0x1fffe074        0x0 load address 0x00005a30
 .igot.plt      0x00000000        0x0 r:/freescale/kds_v3/toolchain/bin/../lib/gcc/arm-none-eabi/4.8.4/armv6-m/crtbegin.o
                0x1fffe074                . = ALIGN (0x4)

.bss            0x1fffe074      0x1d4 load address 0x00005a30
                0x1fffe074                __START_BSS = .
                0x1fffe074                PROVIDE (__bss_start__, __START_BSS)
 *(.bss)
 .bss           0x1fffe074       0x1c r:/freescale/kds_v3/toolchain/bin/../lib/gcc/arm-none-eabi/4.8.4/armv6-m/crtbegin.o
 .bss           0x1fffe090        0x4 M:\Users\cetho\workspace.kds\Lab 3\Sources\TSS\libTSS_KXX_M0.a(TSS_KeyDetector.o)
 .bss           0x1fffe094        0x1 M:\Users\cetho\workspace.kds\Lab 3\Sources\TSS\libTSS_KXX_M0.a(TSS_Main.o)
 *(.bss*)
 *fill*         0x1fffe095        0x3 
 .bss.TSS_TSIL0_METHOD_RAMDATA_CONTEXT
                0x1fffe098        0x8 ./Sources/TSS/TSS_SensorTSIL.o
                0x1fffe098                TSS_TSIL0_METHOD_RAMDATA_CONTEXT
 .bss.tsi_au16Resolution
                0x1fffe0a0        0x2 ./Sources/TSS/TSS_SensorTSIL.o
 *fill*         0x1fffe0a2        0x2 
 .bss.TouchPosition
                0x1fffe0a4        0x4 ./Sources/main.o
                0x1fffe0a4                TouchPosition
 .bss.interruptCount
                0x1fffe0a8        0x4 ./Sources/main.o
                0x1fffe0a8                interruptCount
 .bss.DeviceDataPrv__DEFAULT_RTOS_ALLOC
                0x1fffe0ac        0x8 ./Generated_Code/GPIO1.o
 .bss.INT_PORTC_PORTD__DEFAULT_RTOS_ISRPARAM
                0x1fffe0b4        0x4 ./Generated_Code/GPIO1.o
 .bss.DeviceDataPrv__DEFAULT_RTOS_ALLOC
                0x1fffe0b8        0x4 ./Generated_Code/LED_GREEN.o
 .bss.DeviceDataPrv__DEFAULT_RTOS_ALLOC
                0x1fffe0bc        0x4 ./Generated_Code/LED_RED.o
 .bss.PE_LDD_DeviceDataList
                0x1fffe0c0       0x18 ./Generated_Code/PE_LDD.o
                0x1fffe0c0                PE_LDD_DeviceDataList
 .bss.DeviceDataPrv__DEFAULT_RTOS_ALLOC
                0x1fffe0d8        0x4 ./Generated_Code/SegLCD1.o
 .bss.DeviceDataPrv__DEFAULT_RTOS_ALLOC
                0x1fffe0dc        0xc ./Generated_Code/TI1.o
 .bss.DeviceDataPrv__DEFAULT_RTOS_ALLOC
                0x1fffe0e8        0x8 ./Generated_Code/TU1.o
 .bss.INT_LPTimer__DEFAULT_RTOS_ISRPARAM
                0x1fffe0f0        0x4 ./Generated_Code/TU1.o
 .bss.__malloc_sbrk_start
                0x1fffe0f4        0x4 r:/freescale/kds_v3/toolchain/bin/../lib/gcc/arm-none-eabi/4.8.4/../../../../arm-none-eabi/lib/armv6-m\libg_s.a(lib_a-nano-mallocr.o)
                0x1fffe0f4                __malloc_sbrk_start
 .bss.__malloc_free_list
                0x1fffe0f8        0x4 r:/freescale/kds_v3/toolchain/bin/../lib/gcc/arm-none-eabi/4.8.4/../../../../arm-none-eabi/lib/armv6-m\libg_s.a(lib_a-nano-mallocr.o)
                0x1fffe0f8                __malloc_free_list
 .bss.heap_end.4246
                0x1fffe0fc        0x4 r:/freescale/kds_v3/toolchain/bin/../lib/gcc/arm-none-eabi/4.8.4/../../../../arm-none-eabi/lib/armv6-m\libnosys.a(sbrk.o)
 *(COMMON)
 COMMON         0x1fffe100       0x24 ./Sources/lcd/LCD.o
                0x1fffe100                bLCD_CharPosition
                0x1fffe101                lcd_alternate_mode
                0x1fffe104                lcdBuffer
 COMMON         0x1fffe124       0x10 ./Sources/TSS/TSS_Sensor.o
                0x1fffe124                tss_u8SampleIntFlag
                0x1fffe128                tss_psElectrodeTimertAdr
                0x1fffe12c                tss_u8ElectrodeBitNum
                0x1fffe130                tss_psElectrodeRGPIOAdr
 COMMON         0x1fffe134       0x20 ./Sources/TSS/TSS_SensorTSIL.o
                0x1fffe134                TSS_TSIL0_CHANNEL_COUNTER_BUFFER
 COMMON         0x1fffe154       0xbe ./Sources/TSS/TSS_SystemSetupData.o
                0x1fffe154                tss_au8StuckCount
                0x1fffe156                tss_u8ConfCheckSum
                0x1fffe158                tss_au8Sensitivity
                0x1fffe15c                tss_ai8DeltaAmplitude
                0x1fffe160                tss_CSSys
                0x1fffe170                tss_cau8SignalMultiplier
                0x1fffe174                tss_ai8MaxDeltaAmplitude
                0x1fffe178                tss_asDeltaNoiseAnalysisBufferData
                0x1fffe17c                tss_cau8SignalDivider
                0x1fffe180                tss_ai8InstantDelta
                0x1fffe184                tss_au8ControlIdleState
                0x1fffe188                TSS_C0_DELAY_BUFFER
                0x1fffe18c                tss_au16PrevCapSample
                0x1fffe190                TSS_C0_TREND_BUFFER
                0x1fffe1b0                tss_ai8DeltaNoiseAnalysisBuffer
                0x1fffe1b4                tss_au8ControlScheduleCount
                0x1fffe1b8                TSS_C0_TREND_CONTEXT
                0x1fffe1bc                tss_au8TouchCount
                0x1fffe1c0                tss_au8ElectrodeMeasured
                0x1fffe1c4                tss_au16InstantSignal
                0x1fffe1c8                tss_ai8CalPrevDelta
                0x1fffe1cc                tss_au8DebounceCount
                0x1fffe1d0                tss_au8ElectrodeStatus
                0x1fffe1d4                tss_au8ControlIdleCounter
                0x1fffe1d8                tss_ai8NoiseAmplitude
                0x1fffe1dc                tss_asDeltaNoiseAnalysisIIRData
                0x1fffe1e8                tss_asAutoCalibrationData
                0x1fffe1f0                tss_au8ElecState
                0x1fffe1f4                TSS_C0_DELAY_CONTEXT
                0x1fffe1f8                tss_au8ElectrodeEnablers
                0x1fffe1fc                TSS_C0_POSFILTER_CONTEXT
                0x1fffe200                tss_au16ElecBaseline
                0x1fffe204                tss_au16ControlBuffers
                0x1fffe208                tss_cau8ShieldPairs
                0x1fffe20c                tss_apsControlPrivateData
                0x1fffe210                tss_au8ReleaseCount
 *fill*         0x1fffe212        0x2 
 COMMON         0x1fffe214       0x2c ./Sources/main.o
                0x1fffe214                sLCDBuffer
                0x1fffe224                main_counter
                0x1fffe228                j
                0x1fffe22c                MySegLCDPtr
                0x1fffe230                i
                0x1fffe234                GREEN
                0x1fffe238                m
                0x1fffe23c                RED
 COMMON         0x1fffe240        0x2 M:\Users\cetho\workspace.kds\Lab 3\Sources\TSS\libTSS_KXX_M0.a(TSS_KeyDetector.o)
                0x1fffe240                tss_u16CapSample
 *fill*         0x1fffe242        0x2 
 COMMON         0x1fffe244        0x4 r:/freescale/kds_v3/toolchain/bin/../lib/gcc/arm-none-eabi/4.8.4/../../../../arm-none-eabi/lib/armv6-m\libg_s.a(lib_a-reent.o)
                0x1fffe244                errno
                0x1fffe248                . = ALIGN (0x4)
                0x1fffe248                __END_BSS = .
                0x1fffe248                PROVIDE (__bss_end__, __END_BSS)
                0x00005a30                _romp_at = (___ROM_AT + SIZEOF (.data))

.romp           0x1fffe248       0x18 load address 0x00005a30
                0x00005a30                __S_romp = _romp_at
                0x1fffe248        0x4 LONG 0x59bc ___ROM_AT
                0x1fffe24c        0x4 LONG 0x1fffe000 _sdata
                0x1fffe250        0x4 LONG 0x74 ___data_size
                0x1fffe254        0x4 LONG 0x0
                0x1fffe258        0x4 LONG 0x0
                0x1fffe25c        0x4 LONG 0x0
                0x00040000                text_end = (ORIGIN (m_text) + 0x3fbf0)
                0x00005a48                data_init_end = ((___ROM_AT + SIZEOF (.data)) + SIZEOF (.romp))
                0x00000001                ASSERT ((data_init_end <= text_end), region m_text overflowed with text and data)

._user_heap_stack
                0x1fffe260      0x400 load address 0x00005a48
                0x1fffe260                . = ALIGN (0x4)
                0x1fffe260                PROVIDE (end, .)
                0x1fffe260                PROVIDE (_end, .)
                0x1fffe260                PROVIDE (__end__, .)
                0x1fffe260                __heap_addr = .
                0x1fffe260                __HeapBase = .
                0x1fffe260                . = (. + __heap_size)
                0x1fffe260                __HeapLimit = .
                0x1fffe660                . = (. + __stack_size)
 *fill*         0x1fffe260      0x400 
                0x1fffe660                . = ALIGN (0x4)

.ARM.attributes
                0x00000000       0x28
 *(.ARM.attributes)
 .ARM.attributes
                0x00000000       0x1e r:/freescale/kds_v3/toolchain/bin/../lib/gcc/arm-none-eabi/4.8.4/armv6-m/crti.o
 .ARM.attributes
                0x0000001e       0x2c r:/freescale/kds_v3/toolchain/bin/../lib/gcc/arm-none-eabi/4.8.4/armv6-m/crtbegin.o
 .ARM.attributes
                0x0000004a       0x1b r:/freescale/kds_v3/toolchain/bin/../lib/gcc/arm-none-eabi/4.8.4/../../../../arm-none-eabi/lib/armv6-m/crt0.o
 .ARM.attributes
                0x00000065       0x32 ./Sources/lcd/LCD.o
 .ARM.attributes
                0x00000097       0x32 ./Sources/lcd/s401.o
 .ARM.attributes
                0x000000c9       0x32 ./Sources/TSS/TSS_Sensor.o
 .ARM.attributes
                0x000000fb       0x32 ./Sources/TSS/TSS_SensorTSIL.o
 .ARM.attributes
                0x0000012d       0x32 ./Sources/TSS/TSS_SystemSetupData.o
 .ARM.attributes
                0x0000015f       0x32 ./Sources/Events.o
 .ARM.attributes
                0x00000191       0x22 ./Sources/helper.o
 .ARM.attributes
                0x000001b3       0x32 ./Sources/main.o
 .ARM.attributes
                0x000001e5       0x32 ./Project_Settings/Startup_Code/startup.o
 .ARM.attributes
                0x00000217       0x32 ./Generated_Code/Cpu.o
 .ARM.attributes
                0x00000249       0x32 ./Generated_Code/GPIO1.o
 .ARM.attributes
                0x0000027b       0x32 ./Generated_Code/LED_GREEN.o
 .ARM.attributes
                0x000002ad       0x32 ./Generated_Code/LED_RED.o
 .ARM.attributes
                0x000002df       0x32 ./Generated_Code/PE_LDD.o
 .ARM.attributes
                0x00000311       0x32 ./Generated_Code/PTC.o
 .ARM.attributes
                0x00000343       0x32 ./Generated_Code/SegLCD1.o
 .ARM.attributes
                0x00000375       0x32 ./Generated_Code/TI1.o
 .ARM.attributes
                0x000003a7       0x32 ./Generated_Code/TSS1.o
 .ARM.attributes
                0x000003d9       0x32 ./Generated_Code/TU1.o
 .ARM.attributes
                0x0000040b       0x32 ./Generated_Code/Vectors.o
 .ARM.attributes
                0x0000043d       0x31 M:\Users\cetho\workspace.kds\Lab 3\Sources\TSS\libTSS_KXX_M0.a(TSS_ASliderDecoder.o)
 .ARM.attributes
                0x0000046e       0x31 M:\Users\cetho\workspace.kds\Lab 3\Sources\TSS\libTSS_KXX_M0.a(TSS_Filters.o)
 .ARM.attributes
                0x0000049f       0x31 M:\Users\cetho\workspace.kds\Lab 3\Sources\TSS\libTSS_KXX_M0.a(TSS_KeyDetector.o)
 .ARM.attributes
                0x000004d0       0x31 M:\Users\cetho\workspace.kds\Lab 3\Sources\TSS\libTSS_KXX_M0.a(TSS_Main.o)
 .ARM.attributes
                0x00000501       0x1e r:/freescale/kds_v3/toolchain/bin/../lib/gcc/arm-none-eabi/4.8.4/armv6-m\libgcc.a(_udivsi3.o)
 .ARM.attributes
                0x0000051f       0x1e r:/freescale/kds_v3/toolchain/bin/../lib/gcc/arm-none-eabi/4.8.4/armv6-m\libgcc.a(_divsi3.o)
 .ARM.attributes
                0x0000053d       0x1e r:/freescale/kds_v3/toolchain/bin/../lib/gcc/arm-none-eabi/4.8.4/armv6-m\libgcc.a(_dvmd_tls.o)
 .ARM.attributes
                0x0000055b       0x2c r:/freescale/kds_v3/toolchain/bin/../lib/gcc/arm-none-eabi/4.8.4/../../../../arm-none-eabi/lib/armv6-m\libg_s.a(lib_a-exit.o)
 .ARM.attributes
                0x00000587       0x2c r:/freescale/kds_v3/toolchain/bin/../lib/gcc/arm-none-eabi/4.8.4/../../../../arm-none-eabi/lib/armv6-m\libg_s.a(lib_a-impure.o)
 .ARM.attributes
                0x000005b3       0x2c r:/freescale/kds_v3/toolchain/bin/../lib/gcc/arm-none-eabi/4.8.4/../../../../arm-none-eabi/lib/armv6-m\libg_s.a(lib_a-init.o)
 .ARM.attributes
                0x000005df       0x2c r:/freescale/kds_v3/toolchain/bin/../lib/gcc/arm-none-eabi/4.8.4/../../../../arm-none-eabi/lib/armv6-m\libg_s.a(lib_a-memset.o)
 .ARM.attributes
                0x0000060b       0x2c r:/freescale/kds_v3/toolchain/bin/../lib/gcc/arm-none-eabi/4.8.4/../../../../arm-none-eabi/lib/armv6-m\libg_s.a(lib_a-sprintf.o)
 .ARM.attributes
                0x00000637       0x2c r:/freescale/kds_v3/toolchain/bin/../lib/gcc/arm-none-eabi/4.8.4/../../../../arm-none-eabi/lib/armv6-m\libg_s.a(lib_a-svfprintf.o)
 .ARM.attributes
                0x00000663       0x2c r:/freescale/kds_v3/toolchain/bin/../lib/gcc/arm-none-eabi/4.8.4/../../../../arm-none-eabi/lib/armv6-m\libg_s.a(lib_a-vfprintf_i.o)
 .ARM.attributes
                0x0000068f       0x2c r:/freescale/kds_v3/toolchain/bin/../lib/gcc/arm-none-eabi/4.8.4/../../../../arm-none-eabi/lib/armv6-m\libg_s.a(lib_a-memchr-stub.o)
 .ARM.attributes
                0x000006bb       0x2c r:/freescale/kds_v3/toolchain/bin/../lib/gcc/arm-none-eabi/4.8.4/../../../../arm-none-eabi/lib/armv6-m\libg_s.a(lib_a-memcpy-stub.o)
 .ARM.attributes
                0x000006e7       0x2c r:/freescale/kds_v3/toolchain/bin/../lib/gcc/arm-none-eabi/4.8.4/../../../../arm-none-eabi/lib/armv6-m\libg_s.a(lib_a-memmove.o)
 .ARM.attributes
                0x00000713       0x2c r:/freescale/kds_v3/toolchain/bin/../lib/gcc/arm-none-eabi/4.8.4/../../../../arm-none-eabi/lib/armv6-m\libg_s.a(lib_a-nano-freer.o)
 .ARM.attributes
                0x0000073f       0x2c r:/freescale/kds_v3/toolchain/bin/../lib/gcc/arm-none-eabi/4.8.4/../../../../arm-none-eabi/lib/armv6-m\libg_s.a(lib_a-nano-mallocr.o)
 .ARM.attributes
                0x0000076b       0x2c r:/freescale/kds_v3/toolchain/bin/../lib/gcc/arm-none-eabi/4.8.4/../../../../arm-none-eabi/lib/armv6-m\libg_s.a(lib_a-nano-reallocr.o)
 .ARM.attributes
                0x00000797       0x2c r:/freescale/kds_v3/toolchain/bin/../lib/gcc/arm-none-eabi/4.8.4/../../../../arm-none-eabi/lib/armv6-m\libg_s.a(lib_a-sbrkr.o)
 .ARM.attributes
                0x000007c3       0x2c r:/freescale/kds_v3/toolchain/bin/../lib/gcc/arm-none-eabi/4.8.4/../../../../arm-none-eabi/lib/armv6-m\libg_s.a(lib_a-strlen.o)
 .ARM.attributes
                0x000007ef       0x2c r:/freescale/kds_v3/toolchain/bin/../lib/gcc/arm-none-eabi/4.8.4/../../../../arm-none-eabi/lib/armv6-m\libg_s.a(lib_a-nano-msizer.o)
 .ARM.attributes
                0x0000081b       0x2c r:/freescale/kds_v3/toolchain/bin/../lib/gcc/arm-none-eabi/4.8.4/../../../../arm-none-eabi/lib/armv6-m\libg_s.a(lib_a-reent.o)
 .ARM.attributes
                0x00000847       0x2c r:/freescale/kds_v3/toolchain/bin/../lib/gcc/arm-none-eabi/4.8.4/../../../../arm-none-eabi/lib/armv6-m\libnosys.a(sbrk.o)
 .ARM.attributes
                0x00000873       0x2c r:/freescale/kds_v3/toolchain/bin/../lib/gcc/arm-none-eabi/4.8.4/../../../../arm-none-eabi/lib/armv6-m\libnosys.a(_exit.o)
 .ARM.attributes
                0x0000089f       0x1e r:/freescale/kds_v3/toolchain/bin/../lib/gcc/arm-none-eabi/4.8.4/armv6-m/crtn.o
OUTPUT(Lab 3.elf elf32-littlearm)

.debug_info     0x00000000     0x63ea
 .debug_info    0x00000000      0x9d0 ./Sources/lcd/LCD.o
 .debug_info    0x000009d0       0xd4 ./Sources/lcd/s401.o
 .debug_info    0x00000aa4      0x4b5 ./Sources/TSS/TSS_Sensor.o
 .debug_info    0x00000f59      0xee1 ./Sources/TSS/TSS_SensorTSIL.o
 .debug_info    0x00001e3a     0x1024 ./Sources/TSS/TSS_SystemSetupData.o
 .debug_info    0x00002e5e      0x5e8 ./Sources/Events.o
 .debug_info    0x00003446       0x67 ./Sources/helper.o
 .debug_info    0x000034ad      0x276 ./Sources/main.o
 .debug_info    0x00003723      0x20a ./Project_Settings/Startup_Code/startup.o
 .debug_info    0x0000392d      0x843 ./Generated_Code/Cpu.o
 .debug_info    0x00004170      0x551 ./Generated_Code/GPIO1.o
 .debug_info    0x000046c1      0x3a6 ./Generated_Code/LED_GREEN.o
 .debug_info    0x00004a67      0x3a6 ./Generated_Code/LED_RED.o
 .debug_info    0x00004e0d      0x251 ./Generated_Code/PE_LDD.o
 .debug_info    0x0000505e      0x11f ./Generated_Code/PTC.o
 .debug_info    0x0000517d      0x531 ./Generated_Code/SegLCD1.o
 .debug_info    0x000056ae      0x177 ./Generated_Code/TI1.o
 .debug_info    0x00005825      0x606 ./Generated_Code/TSS1.o
 .debug_info    0x00005e2b      0x4b1 ./Generated_Code/TU1.o
 .debug_info    0x000062dc      0x10e ./Generated_Code/Vectors.o

.debug_abbrev   0x00000000     0x1818
 .debug_abbrev  0x00000000      0x25d ./Sources/lcd/LCD.o
 .debug_abbrev  0x0000025d       0x60 ./Sources/lcd/s401.o
 .debug_abbrev  0x000002bd      0x139 ./Sources/TSS/TSS_Sensor.o
 .debug_abbrev  0x000003f6      0x1f0 ./Sources/TSS/TSS_SensorTSIL.o
 .debug_abbrev  0x000005e6      0x133 ./Sources/TSS/TSS_SystemSetupData.o
 .debug_abbrev  0x00000719      0x16a ./Sources/Events.o
 .debug_abbrev  0x00000883       0x14 ./Sources/helper.o
 .debug_abbrev  0x00000897      0x12b ./Sources/main.o
 .debug_abbrev  0x000009c2      0x11e ./Project_Settings/Startup_Code/startup.o
 .debug_abbrev  0x00000ae0      0x14f ./Generated_Code/Cpu.o
 .debug_abbrev  0x00000c2f      0x1af ./Generated_Code/GPIO1.o
 .debug_abbrev  0x00000dde      0x15f ./Generated_Code/LED_GREEN.o
 .debug_abbrev  0x00000f3d      0x15f ./Generated_Code/LED_RED.o
 .debug_abbrev  0x0000109c      0x10d ./Generated_Code/PE_LDD.o
 .debug_abbrev  0x000011a9       0x8d ./Generated_Code/PTC.o
 .debug_abbrev  0x00001236      0x1a5 ./Generated_Code/SegLCD1.o
 .debug_abbrev  0x000013db       0xdd ./Generated_Code/TI1.o
 .debug_abbrev  0x000014b8      0x15f ./Generated_Code/TSS1.o
 .debug_abbrev  0x00001617      0x15d ./Generated_Code/TU1.o
 .debug_abbrev  0x00001774       0xa4 ./Generated_Code/Vectors.o

.debug_aranges  0x00000000      0x498
 .debug_aranges
                0x00000000       0xb0 ./Sources/lcd/LCD.o
 .debug_aranges
                0x000000b0       0x18 ./Sources/lcd/s401.o
 .debug_aranges
                0x000000c8       0x30 ./Sources/TSS/TSS_Sensor.o
 .debug_aranges
                0x000000f8       0x78 ./Sources/TSS/TSS_SensorTSIL.o
 .debug_aranges
                0x00000170       0x20 ./Sources/TSS/TSS_SystemSetupData.o
 .debug_aranges
                0x00000190       0x48 ./Sources/Events.o
 .debug_aranges
                0x000001d8       0x20 ./Sources/helper.o
 .debug_aranges
                0x000001f8       0x30 ./Sources/main.o
 .debug_aranges
                0x00000228       0x50 ./Project_Settings/Startup_Code/startup.o
 .debug_aranges
                0x00000278       0x38 ./Generated_Code/Cpu.o
 .debug_aranges
                0x000002b0       0x50 ./Generated_Code/GPIO1.o
 .debug_aranges
                0x00000300       0x48 ./Generated_Code/LED_GREEN.o
 .debug_aranges
                0x00000348       0x48 ./Generated_Code/LED_RED.o
 .debug_aranges
                0x00000390       0x30 ./Generated_Code/PE_LDD.o
 .debug_aranges
                0x000003c0       0x20 ./Generated_Code/PTC.o
 .debug_aranges
                0x000003e0       0x28 ./Generated_Code/SegLCD1.o
 .debug_aranges
                0x00000408       0x28 ./Generated_Code/TI1.o
 .debug_aranges
                0x00000430       0x28 ./Generated_Code/TSS1.o
 .debug_aranges
                0x00000458       0x28 ./Generated_Code/TU1.o
 .debug_aranges
                0x00000480       0x18 ./Generated_Code/Vectors.o

.debug_ranges   0x00000000      0x338
 .debug_ranges  0x00000000       0xa0 ./Sources/lcd/LCD.o
 .debug_ranges  0x000000a0       0x20 ./Sources/TSS/TSS_Sensor.o
 .debug_ranges  0x000000c0       0x68 ./Sources/TSS/TSS_SensorTSIL.o
 .debug_ranges  0x00000128       0x10 ./Sources/TSS/TSS_SystemSetupData.o
 .debug_ranges  0x00000138       0x38 ./Sources/Events.o
 .debug_ranges  0x00000170       0x20 ./Sources/main.o
 .debug_ranges  0x00000190       0x40 ./Project_Settings/Startup_Code/startup.o
 .debug_ranges  0x000001d0       0x28 ./Generated_Code/Cpu.o
 .debug_ranges  0x000001f8       0x40 ./Generated_Code/GPIO1.o
 .debug_ranges  0x00000238       0x38 ./Generated_Code/LED_GREEN.o
 .debug_ranges  0x00000270       0x38 ./Generated_Code/LED_RED.o
 .debug_ranges  0x000002a8       0x20 ./Generated_Code/PE_LDD.o
 .debug_ranges  0x000002c8       0x10 ./Generated_Code/PTC.o
 .debug_ranges  0x000002d8       0x18 ./Generated_Code/SegLCD1.o
 .debug_ranges  0x000002f0       0x18 ./Generated_Code/TI1.o
 .debug_ranges  0x00000308       0x18 ./Generated_Code/TSS1.o
 .debug_ranges  0x00000320       0x18 ./Generated_Code/TU1.o

.debug_macro    0x00000000    0x19b94
 .debug_macro   0x00000000       0xb2 ./Sources/lcd/LCD.o
 .debug_macro   0x000000b2      0x7f6 ./Sources/lcd/LCD.o
 .debug_macro   0x000008a8       0x16 ./Sources/lcd/LCD.o
 .debug_macro   0x000008be       0x44 ./Sources/lcd/LCD.o
 .debug_macro   0x00000902      0x209 ./Sources/lcd/LCD.o
 .debug_macro   0x00000b0b     0x15ae ./Sources/lcd/LCD.o
 .debug_macro   0x000020b9      0x14e ./Sources/lcd/LCD.o
 .debug_macro   0x00002207       0x64 ./Sources/lcd/LCD.o
 .debug_macro   0x0000226b     0x9005 ./Sources/lcd/LCD.o
 .debug_macro   0x0000b270       0x9a ./Sources/lcd/LCD.o
 .debug_macro   0x0000b30a      0x130 ./Sources/lcd/LCD.o
 .debug_macro   0x0000b43a      0x2e3 ./Sources/lcd/LCD.o
 .debug_macro   0x0000b71d       0x22 ./Sources/lcd/LCD.o
 .debug_macro   0x0000b73f       0x9c ./Sources/lcd/s401.o
 .debug_macro   0x0000b7db       0x10 ./Sources/lcd/s401.o
 .debug_macro   0x0000b7eb      0x124 ./Sources/lcd/s401.o
 .debug_macro   0x0000b90f       0xe8 ./Sources/TSS/TSS_Sensor.o
 .debug_macro   0x0000b9f7       0x19 ./Sources/TSS/TSS_Sensor.o
 .debug_macro   0x0000ba10       0x2d ./Sources/TSS/TSS_Sensor.o
 .debug_macro   0x0000ba3d     0x1216 ./Sources/TSS/TSS_Sensor.o
 .debug_macro   0x0000cc53       0xf2 ./Sources/TSS/TSS_SensorTSIL.o
 .debug_macro   0x0000cd45     0x1210 ./Sources/TSS/TSS_SensorTSIL.o
 .debug_macro   0x0000df55      0x137 ./Sources/TSS/TSS_SystemSetupData.o
 .debug_macro   0x0000e08c      0x17a ./Sources/Events.o
 .debug_macro   0x0000e206       0x94 ./Sources/Events.o
 .debug_macro   0x0000e29a      0x12c ./Sources/Events.o
 .debug_macro   0x0000e3c6       0x46 ./Sources/Events.o
 .debug_macro   0x0000e40c       0x4c ./Sources/Events.o
 .debug_macro   0x0000e458       0x19 ./Sources/Events.o
 .debug_macro   0x0000e471      0x25b ./Sources/Events.o
 .debug_macro   0x0000e6cc       0x4a ./Sources/Events.o
 .debug_macro   0x0000e716       0x1c ./Sources/Events.o
 .debug_macro   0x0000e732       0x18 ./Sources/Events.o
 .debug_macro   0x0000e74a      0x4ea ./Sources/Events.o
 .debug_macro   0x0000ec34       0x74 ./Sources/Events.o
 .debug_macro   0x0000eca8      0x17a ./Sources/main.o
 .debug_macro   0x0000ee22      0x12f ./Project_Settings/Startup_Code/startup.o
 .debug_macro   0x0000ef51       0x58 ./Project_Settings/Startup_Code/startup.o
 .debug_macro   0x0000efa9       0x35 ./Project_Settings/Startup_Code/startup.o
 .debug_macro   0x0000efde       0xa2 ./Project_Settings/Startup_Code/startup.o
 .debug_macro   0x0000f080      0x166 ./Project_Settings/Startup_Code/startup.o
 .debug_macro   0x0000f1e6       0x4a ./Project_Settings/Startup_Code/startup.o
 .debug_macro   0x0000f230       0x52 ./Project_Settings/Startup_Code/startup.o
 .debug_macro   0x0000f282       0x16 ./Project_Settings/Startup_Code/startup.o
 .debug_macro   0x0000f298       0x43 ./Project_Settings/Startup_Code/startup.o
 .debug_macro   0x0000f2db      0x180 ./Project_Settings/Startup_Code/startup.o
 .debug_macro   0x0000f45b      0x2a6 ./Project_Settings/Startup_Code/startup.o
 .debug_macro   0x0000f701       0x10 ./Project_Settings/Startup_Code/startup.o
 .debug_macro   0x0000f711       0x35 ./Project_Settings/Startup_Code/startup.o
 .debug_macro   0x0000f746       0x1f ./Project_Settings/Startup_Code/startup.o
 .debug_macro   0x0000f765       0x16 ./Project_Settings/Startup_Code/startup.o
 .debug_macro   0x0000f77b       0x16 ./Project_Settings/Startup_Code/startup.o
 .debug_macro   0x0000f791       0x29 ./Project_Settings/Startup_Code/startup.o
 .debug_macro   0x0000f7ba       0x10 ./Project_Settings/Startup_Code/startup.o
 .debug_macro   0x0000f7ca      0x20f ./Project_Settings/Startup_Code/startup.o
 .debug_macro   0x0000f9d9     0x8ff9 ./Project_Settings/Startup_Code/startup.o
 .debug_macro   0x000189d2      0x198 ./Generated_Code/Cpu.o
 .debug_macro   0x00018b6a       0xa0 ./Generated_Code/Cpu.o
 .debug_macro   0x00018c0a      0x17c ./Generated_Code/GPIO1.o
 .debug_macro   0x00018d86       0xa6 ./Generated_Code/LED_GREEN.o
 .debug_macro   0x00018e2c       0x46 ./Generated_Code/LED_GREEN.o
 .debug_macro   0x00018e72       0xa6 ./Generated_Code/LED_RED.o
 .debug_macro   0x00018f18      0x160 ./Generated_Code/PE_LDD.o
 .debug_macro   0x00019078       0x92 ./Generated_Code/PTC.o
 .debug_macro   0x0001910a       0x12 ./Generated_Code/PTC.o
 .debug_macro   0x0001911c       0xbc ./Generated_Code/SegLCD1.o
 .debug_macro   0x000191d8       0x12 ./Generated_Code/SegLCD1.o
 .debug_macro   0x000191ea      0x20e ./Generated_Code/SegLCD1.o
 .debug_macro   0x000193f8      0x17e ./Generated_Code/TI1.o
 .debug_macro   0x00019576      0x178 ./Generated_Code/TSS1.o
 .debug_macro   0x000196ee       0xbb ./Generated_Code/TU1.o
 .debug_macro   0x000197a9      0x255 ./Generated_Code/TU1.o
 .debug_macro   0x000199fe      0x196 ./Generated_Code/Vectors.o

.debug_line     0x00000000     0x441a
 .debug_line    0x00000000      0x494 ./Sources/lcd/LCD.o
 .debug_line    0x00000494      0x22c ./Sources/lcd/s401.o
 .debug_line    0x000006c0      0x34d ./Sources/TSS/TSS_Sensor.o
 .debug_line    0x00000a0d      0x563 ./Sources/TSS/TSS_SensorTSIL.o
 .debug_line    0x00000f70      0x2dc ./Sources/TSS/TSS_SystemSetupData.o
 .debug_line    0x0000124c      0x41c ./Sources/Events.o
 .debug_line    0x00001668       0x4d ./Sources/helper.o
 .debug_line    0x000016b5      0x3fa ./Sources/main.o
 .debug_line    0x00001aaf      0x3c2 ./Project_Settings/Startup_Code/startup.o
 .debug_line    0x00001e71      0x4bf ./Generated_Code/Cpu.o
 .debug_line    0x00002330      0x474 ./Generated_Code/GPIO1.o
 .debug_line    0x000027a4      0x2b8 ./Generated_Code/LED_GREEN.o
 .debug_line    0x00002a5c      0x2b4 ./Generated_Code/LED_RED.o
 .debug_line    0x00002d10      0x3fc ./Generated_Code/PE_LDD.o
 .debug_line    0x0000310c      0x1f9 ./Generated_Code/PTC.o
 .debug_line    0x00003305      0x294 ./Generated_Code/SegLCD1.o
 .debug_line    0x00003599      0x3dc ./Generated_Code/TI1.o
 .debug_line    0x00003975      0x3e5 ./Generated_Code/TSS1.o
 .debug_line    0x00003d5a      0x27e ./Generated_Code/TU1.o
 .debug_line    0x00003fd8      0x442 ./Generated_Code/Vectors.o

.debug_str      0x00000000    0x5afef
 .debug_str     0x00000000    0x374aa ./Sources/lcd/LCD.o
                              0x378bb (size before relaxing)
 .debug_str     0x000374aa       0x16 ./Sources/lcd/s401.o
                              0x37427 (size before relaxing)
 .debug_str     0x000374c0    0x15e9a ./Sources/TSS/TSS_Sensor.o
                              0x4c896 (size before relaxing)
 .debug_str     0x0004d35a      0xb65 ./Sources/TSS/TSS_SensorTSIL.o
                              0x4a11a (size before relaxing)
 .debug_str     0x0004debf     0x10fc ./Sources/TSS/TSS_SystemSetupData.o
                              0x420f5 (size before relaxing)
 .debug_str     0x0004efbb     0x6215 ./Sources/Events.o
                              0x47558 (size before relaxing)
 .debug_str     0x000551d0       0x91 ./Sources/main.o
                              0x4701f (size before relaxing)
 .debug_str     0x00055261     0x268e ./Project_Settings/Startup_Code/startup.o
                              0x3230c (size before relaxing)
 .debug_str     0x000578ef      0x186 ./Generated_Code/Cpu.o
                              0x4725b (size before relaxing)
 .debug_str     0x00057a75      0x1b0 ./Generated_Code/GPIO1.o
                              0x47204 (size before relaxing)
 .debug_str     0x00057c25       0xbf ./Generated_Code/LED_GREEN.o
                              0x37ae5 (size before relaxing)
 .debug_str     0x00057ce4       0x9f ./Generated_Code/LED_RED.o
                              0x37abf (size before relaxing)
 .debug_str     0x00057d83      0x177 ./Generated_Code/PE_LDD.o
                              0x4710f (size before relaxing)
 .debug_str     0x00057efa       0x21 ./Generated_Code/PTC.o
                              0x36aa9 (size before relaxing)
 .debug_str     0x00057f1b     0x2e0c ./Generated_Code/SegLCD1.o
                              0x39fcf (size before relaxing)
 .debug_str     0x0005ad27       0xa3 ./Generated_Code/TI1.o
                              0x47051 (size before relaxing)
 .debug_str     0x0005adca      0x125 ./Generated_Code/TSS1.o
                              0x4752f (size before relaxing)
 .debug_str     0x0005aeef       0xe4 ./Generated_Code/TU1.o
                              0x389f9 (size before relaxing)
 .debug_str     0x0005afd3       0x1c ./Generated_Code/Vectors.o
                              0x46fa2 (size before relaxing)

.comment        0x00000000       0xe9
 .comment       0x00000000       0x70 ./Sources/lcd/LCD.o
                                 0x71 (size before relaxing)
 .comment       0x00000000       0x71 ./Sources/lcd/s401.o
 .comment       0x00000000       0x71 ./Sources/TSS/TSS_Sensor.o
 .comment       0x00000000       0x71 ./Sources/TSS/TSS_SensorTSIL.o
 .comment       0x00000000       0x71 ./Sources/TSS/TSS_SystemSetupData.o
 .comment       0x00000000       0x71 ./Sources/Events.o
 .comment       0x00000000       0x71 ./Sources/main.o
 .comment       0x00000000       0x71 ./Project_Settings/Startup_Code/startup.o
 .comment       0x00000000       0x71 ./Generated_Code/Cpu.o
 .comment       0x00000000       0x71 ./Generated_Code/GPIO1.o
 .comment       0x00000000       0x71 ./Generated_Code/LED_GREEN.o
 .comment       0x00000000       0x71 ./Generated_Code/LED_RED.o
 .comment       0x00000000       0x71 ./Generated_Code/PE_LDD.o
 .comment       0x00000000       0x71 ./Generated_Code/PTC.o
 .comment       0x00000000       0x71 ./Generated_Code/SegLCD1.o
 .comment       0x00000000       0x71 ./Generated_Code/TI1.o
 .comment       0x00000000       0x71 ./Generated_Code/TSS1.o
 .comment       0x00000000       0x71 ./Generated_Code/TU1.o
 .comment       0x00000000       0x71 ./Generated_Code/Vectors.o
 .comment       0x00000070       0x79 M:\Users\cetho\workspace.kds\Lab 3\Sources\TSS\libTSS_KXX_M0.a(TSS_ASliderDecoder.o)
                                 0x7a (size before relaxing)
 .comment       0x00000000       0x7a M:\Users\cetho\workspace.kds\Lab 3\Sources\TSS\libTSS_KXX_M0.a(TSS_Filters.o)
 .comment       0x00000000       0x7a M:\Users\cetho\workspace.kds\Lab 3\Sources\TSS\libTSS_KXX_M0.a(TSS_KeyDetector.o)
 .comment       0x00000000       0x7a M:\Users\cetho\workspace.kds\Lab 3\Sources\TSS\libTSS_KXX_M0.a(TSS_Main.o)

.debug_frame    0x00000000      0xf2c
 .debug_frame   0x00000000      0x25c ./Sources/lcd/LCD.o
 .debug_frame   0x0000025c       0x70 ./Sources/TSS/TSS_Sensor.o
 .debug_frame   0x000002cc      0x190 ./Sources/TSS/TSS_SensorTSIL.o
 .debug_frame   0x0000045c       0x30 ./Sources/TSS/TSS_SystemSetupData.o
 .debug_frame   0x0000048c       0xc8 ./Sources/Events.o
 .debug_frame   0x00000554       0x68 ./Sources/main.o
 .debug_frame   0x000005bc       0xd0 ./Project_Settings/Startup_Code/startup.o
 .debug_frame   0x0000068c       0x80 ./Generated_Code/Cpu.o
 .debug_frame   0x0000070c       0xf0 ./Generated_Code/GPIO1.o
 .debug_frame   0x000007fc       0xd0 ./Generated_Code/LED_GREEN.o
 .debug_frame   0x000008cc       0xd0 ./Generated_Code/LED_RED.o
 .debug_frame   0x0000099c       0x6c ./Generated_Code/PE_LDD.o
 .debug_frame   0x00000a08       0x2c ./Generated_Code/PTC.o
 .debug_frame   0x00000a34       0x54 ./Generated_Code/SegLCD1.o
 .debug_frame   0x00000a88       0x50 ./Generated_Code/TI1.o
 .debug_frame   0x00000ad8       0x4c ./Generated_Code/TSS1.o
 .debug_frame   0x00000b24       0x50 ./Generated_Code/TU1.o
 .debug_frame   0x00000b74       0x20 r:/freescale/kds_v3/toolchain/bin/../lib/gcc/arm-none-eabi/4.8.4/armv6-m\libgcc.a(_udivsi3.o)
 .debug_frame   0x00000b94       0x20 r:/freescale/kds_v3/toolchain/bin/../lib/gcc/arm-none-eabi/4.8.4/armv6-m\libgcc.a(_divsi3.o)
 .debug_frame   0x00000bb4       0x28 r:/freescale/kds_v3/toolchain/bin/../lib/gcc/arm-none-eabi/4.8.4/../../../../arm-none-eabi/lib/armv6-m\libg_s.a(lib_a-exit.o)
 .debug_frame   0x00000bdc       0x2c r:/freescale/kds_v3/toolchain/bin/../lib/gcc/arm-none-eabi/4.8.4/../../../../arm-none-eabi/lib/armv6-m\libg_s.a(lib_a-init.o)
 .debug_frame   0x00000c08       0x20 r:/freescale/kds_v3/toolchain/bin/../lib/gcc/arm-none-eabi/4.8.4/../../../../arm-none-eabi/lib/armv6-m\libg_s.a(lib_a-memset.o)
 .debug_frame   0x00000c28       0x4c r:/freescale/kds_v3/toolchain/bin/../lib/gcc/arm-none-eabi/4.8.4/../../../../arm-none-eabi/lib/armv6-m\libg_s.a(lib_a-sprintf.o)
 .debug_frame   0x00000c74       0x74 r:/freescale/kds_v3/toolchain/bin/../lib/gcc/arm-none-eabi/4.8.4/../../../../arm-none-eabi/lib/armv6-m\libg_s.a(lib_a-svfprintf.o)
 .debug_frame   0x00000ce8       0x54 r:/freescale/kds_v3/toolchain/bin/../lib/gcc/arm-none-eabi/4.8.4/../../../../arm-none-eabi/lib/armv6-m\libg_s.a(lib_a-vfprintf_i.o)
 .debug_frame   0x00000d3c       0x20 r:/freescale/kds_v3/toolchain/bin/../lib/gcc/arm-none-eabi/4.8.4/../../../../arm-none-eabi/lib/armv6-m\libg_s.a(lib_a-memchr-stub.o)
 .debug_frame   0x00000d5c       0x28 r:/freescale/kds_v3/toolchain/bin/../lib/gcc/arm-none-eabi/4.8.4/../../../../arm-none-eabi/lib/armv6-m\libg_s.a(lib_a-memcpy-stub.o)
 .debug_frame   0x00000d84       0x2c r:/freescale/kds_v3/toolchain/bin/../lib/gcc/arm-none-eabi/4.8.4/../../../../arm-none-eabi/lib/armv6-m\libg_s.a(lib_a-memmove.o)
 .debug_frame   0x00000db0       0x2c r:/freescale/kds_v3/toolchain/bin/../lib/gcc/arm-none-eabi/4.8.4/../../../../arm-none-eabi/lib/armv6-m\libg_s.a(lib_a-nano-freer.o)
 .debug_frame   0x00000ddc       0x2c r:/freescale/kds_v3/toolchain/bin/../lib/gcc/arm-none-eabi/4.8.4/../../../../arm-none-eabi/lib/armv6-m\libg_s.a(lib_a-nano-mallocr.o)
 .debug_frame   0x00000e08       0x30 r:/freescale/kds_v3/toolchain/bin/../lib/gcc/arm-none-eabi/4.8.4/../../../../arm-none-eabi/lib/armv6-m\libg_s.a(lib_a-nano-reallocr.o)
 .debug_frame   0x00000e38       0x2c r:/freescale/kds_v3/toolchain/bin/../lib/gcc/arm-none-eabi/4.8.4/../../../../arm-none-eabi/lib/armv6-m\libg_s.a(lib_a-sbrkr.o)
 .debug_frame   0x00000e64       0x20 r:/freescale/kds_v3/toolchain/bin/../lib/gcc/arm-none-eabi/4.8.4/../../../../arm-none-eabi/lib/armv6-m\libg_s.a(lib_a-strlen.o)
 .debug_frame   0x00000e84       0x20 r:/freescale/kds_v3/toolchain/bin/../lib/gcc/arm-none-eabi/4.8.4/../../../../arm-none-eabi/lib/armv6-m\libg_s.a(lib_a-nano-msizer.o)
 .debug_frame   0x00000ea4       0x48 r:/freescale/kds_v3/toolchain/bin/../lib/gcc/arm-none-eabi/4.8.4/../../../../arm-none-eabi/lib/armv6-m\libg_s.a(lib_a-reent.o)
 .debug_frame   0x00000eec       0x20 r:/freescale/kds_v3/toolchain/bin/../lib/gcc/arm-none-eabi/4.8.4/../../../../arm-none-eabi/lib/armv6-m\libnosys.a(sbrk.o)
 .debug_frame   0x00000f0c       0x20 r:/freescale/kds_v3/toolchain/bin/../lib/gcc/arm-none-eabi/4.8.4/../../../../arm-none-eabi/lib/armv6-m\libnosys.a(_exit.o)
