Archive member included because of file (symbol)

M:\Users\cetho\workspace.kds\Lab 3\Sources\TSS\libTSS_KXX_M0.a(TSS_ASliderDecoder.o)
                              ./Sources/TSS/TSS_SystemSetupData.o (TSS_ASliderDecoder)
M:\Users\cetho\workspace.kds\Lab 3\Sources\TSS\libTSS_KXX_M0.a(TSS_Filters.o)
                              ./Sources/TSS/TSS_SystemSetupData.o (TSS_KeyDetectorInitPrevCapSample)
M:\Users\cetho\workspace.kds\Lab 3\Sources\TSS\libTSS_KXX_M0.a(TSS_KeyDetector.o)
                              ./Sources/TSS/TSS_SystemSetupData.o (TSS_KeyDetectorRecalibrationRequest)
M:\Users\cetho\workspace.kds\Lab 3\Sources\TSS\libTSS_KXX_M0.a(TSS_Main.o)
                              ./Generated_Code/TSS1.o (TSS_Init)
r:/freescale/kds_v3/toolchain/bin/../lib/gcc/arm-none-eabi/4.8.4/armv6-m\libgcc.a(_udivsi3.o)
                              M:\Users\cetho\workspace.kds\Lab 3\Sources\TSS\libTSS_KXX_M0.a(TSS_ASliderDecoder.o) (__aeabi_uidiv)
r:/freescale/kds_v3/toolchain/bin/../lib/gcc/arm-none-eabi/4.8.4/armv6-m\libgcc.a(_divsi3.o)
                              M:\Users\cetho\workspace.kds\Lab 3\Sources\TSS\libTSS_KXX_M0.a(TSS_ASliderDecoder.o) (__aeabi_idiv)
r:/freescale/kds_v3/toolchain/bin/../lib/gcc/arm-none-eabi/4.8.4/armv6-m\libgcc.a(_dvmd_tls.o)
                              r:/freescale/kds_v3/toolchain/bin/../lib/gcc/arm-none-eabi/4.8.4/armv6-m\libgcc.a(_udivsi3.o) (__aeabi_idiv0)
r:/freescale/kds_v3/toolchain/bin/../lib/gcc/arm-none-eabi/4.8.4/../../../../arm-none-eabi/lib/armv6-m\libg_s.a(lib_a-exit.o)
                              r:/freescale/kds_v3/toolchain/bin/../lib/gcc/arm-none-eabi/4.8.4/../../../../arm-none-eabi/lib/armv6-m/crt0.o (exit)
r:/freescale/kds_v3/toolchain/bin/../lib/gcc/arm-none-eabi/4.8.4/../../../../arm-none-eabi/lib/armv6-m\libg_s.a(lib_a-impure.o)
                              r:/freescale/kds_v3/toolchain/bin/../lib/gcc/arm-none-eabi/4.8.4/../../../../arm-none-eabi/lib/armv6-m\libg_s.a(lib_a-exit.o) (_global_impure_ptr)
r:/freescale/kds_v3/toolchain/bin/../lib/gcc/arm-none-eabi/4.8.4/../../../../arm-none-eabi/lib/armv6-m\libg_s.a(lib_a-init.o)
                              r:/freescale/kds_v3/toolchain/bin/../lib/gcc/arm-none-eabi/4.8.4/../../../../arm-none-eabi/lib/armv6-m/crt0.o (__libc_init_array)
r:/freescale/kds_v3/toolchain/bin/../lib/gcc/arm-none-eabi/4.8.4/../../../../arm-none-eabi/lib/armv6-m\libg_s.a(lib_a-memset.o)
                              r:/freescale/kds_v3/toolchain/bin/../lib/gcc/arm-none-eabi/4.8.4/../../../../arm-none-eabi/lib/armv6-m/crt0.o (memset)
r:/freescale/kds_v3/toolchain/bin/../lib/gcc/arm-none-eabi/4.8.4/../../../../arm-none-eabi/lib/armv6-m\libg_s.a(lib_a-sprintf.o)
                              ./Sources/main.o (sprintf)
r:/freescale/kds_v3/toolchain/bin/../lib/gcc/arm-none-eabi/4.8.4/../../../../arm-none-eabi/lib/armv6-m\libg_s.a(lib_a-svfprintf.o)
                              r:/freescale/kds_v3/toolchain/bin/../lib/gcc/arm-none-eabi/4.8.4/../../../../arm-none-eabi/lib/armv6-m\libg_s.a(lib_a-sprintf.o) (_svfprintf_r)
r:/freescale/kds_v3/toolchain/bin/../lib/gcc/arm-none-eabi/4.8.4/../../../../arm-none-eabi/lib/armv6-m\libg_s.a(lib_a-vfprintf_i.o)
                              r:/freescale/kds_v3/toolchain/bin/../lib/gcc/arm-none-eabi/4.8.4/../../../../arm-none-eabi/lib/armv6-m\libg_s.a(lib_a-svfprintf.o) (_printf_i)
r:/freescale/kds_v3/toolchain/bin/../lib/gcc/arm-none-eabi/4.8.4/../../../../arm-none-eabi/lib/armv6-m\libg_s.a(lib_a-memchr-stub.o)
                              r:/freescale/kds_v3/toolchain/bin/../lib/gcc/arm-none-eabi/4.8.4/../../../../arm-none-eabi/lib/armv6-m\libg_s.a(lib_a-svfprintf.o) (memchr)
r:/freescale/kds_v3/toolchain/bin/../lib/gcc/arm-none-eabi/4.8.4/../../../../arm-none-eabi/lib/armv6-m\libg_s.a(lib_a-memcpy-stub.o)
                              r:/freescale/kds_v3/toolchain/bin/../lib/gcc/arm-none-eabi/4.8.4/../../../../arm-none-eabi/lib/armv6-m\libg_s.a(lib_a-svfprintf.o) (memcpy)
r:/freescale/kds_v3/toolchain/bin/../lib/gcc/arm-none-eabi/4.8.4/../../../../arm-none-eabi/lib/armv6-m\libg_s.a(lib_a-memmove.o)
                              r:/freescale/kds_v3/toolchain/bin/../lib/gcc/arm-none-eabi/4.8.4/../../../../arm-none-eabi/lib/armv6-m\libg_s.a(lib_a-svfprintf.o) (memmove)
r:/freescale/kds_v3/toolchain/bin/../lib/gcc/arm-none-eabi/4.8.4/../../../../arm-none-eabi/lib/armv6-m\libg_s.a(lib_a-nano-freer.o)
                              r:/freescale/kds_v3/toolchain/bin/../lib/gcc/arm-none-eabi/4.8.4/../../../../arm-none-eabi/lib/armv6-m\libg_s.a(lib_a-svfprintf.o) (_free_r)
r:/freescale/kds_v3/toolchain/bin/../lib/gcc/arm-none-eabi/4.8.4/../../../../arm-none-eabi/lib/armv6-m\libg_s.a(lib_a-nano-mallocr.o)
                              r:/freescale/kds_v3/toolchain/bin/../lib/gcc/arm-none-eabi/4.8.4/../../../../arm-none-eabi/lib/armv6-m\libg_s.a(lib_a-svfprintf.o) (_malloc_r)
r:/freescale/kds_v3/toolchain/bin/../lib/gcc/arm-none-eabi/4.8.4/../../../../arm-none-eabi/lib/armv6-m\libg_s.a(lib_a-nano-reallocr.o)
[...]
Memory Configuration

Name             Origin             Length             Attributes
m_interrupts     0x00000000         0x000000c0         xr
m_text           0x00000410         0x0003fbf0         xr
m_data           0x1fffe000         0x00008000         rw
m_cfmprotrom     0x00000400         0x00000010         xr
*default*        0x00000000         0xffffffff

Linker script and memory map

LOAD r:/freescale/kds_v3/toolchain/bin/../lib/gcc/arm-none-eabi/4.8.4/armv6-m/crti.o
LOAD r:/freescale/kds_v3/toolchain/bin/../lib/gcc/arm-none-eabi/4.8.4/armv6-m/crtbegin.o
LOAD r:/freescale/kds_v3/toolchain/bin/../lib/gcc/arm-none-eabi/4.8.4/../../../../arm-none-eabi/lib/armv6-m/crt0.o
LOAD ./Sources/lcd/LCD.o
LOAD ./Sources/lcd/s401.o
LOAD ./Sources/TSS/TSS_Freemaster.o
LOAD ./Sources/TSS/TSS_Sensor.o
LOAD ./Sources/TSS/TSS_SensorGPIO.o
LOAD ./Sources/TSS/TSS_SensorTSI.o
LOAD ./Sources/TSS/TSS_SensorTSIL.o
LOAD ./Sources/TSS/TSS_SystemSetupData.o
LOAD ./Sources/Events.o
LOAD ./Sources/main.o
LOAD ./Project_Settings/Startup_Code/startup.o
LOAD ./Generated_Code/Cpu.o
LOAD ./Generated_Code/GPIO1.o
LOAD ./Generated_Code/LED_GREEN.o
LOAD ./Generated_Code/LED_RED.o
LOAD ./Generated_Code/PE_LDD.o
LOAD ./Generated_Code/PTC.o
LOAD ./Generated_Code/SegLCD1.o
LOAD ./Generated_Code/TI1.o
LOAD ./Generated_Code/TSS1.o
LOAD ./Generated_Code/TU1.o
LOAD ./Generated_Code/Vectors.o
LOAD M:\Users\cetho\workspace.kds\Lab 3\Sources\TSS\libTSS_KXX_M0.a
LOAD r:/freescale/kds_v3/toolchain/bin/../lib/gcc/arm-none-eabi/4.8.4/../../../../arm-none-eabi/lib/armv6-m\libstdc++_s.a
LOAD r:/freescale/kds_v3/toolchain/bin/../lib/gcc/arm-none-eabi/4.8.4/../../../../arm-none-eabi/lib/armv6-m\libm.a
START GROUP
LOAD r:/freescale/kds_v3/toolchain/bin/../lib/gcc/arm-none-eabi/4.8.4/armv6-m\libgcc.a
LOAD r:/freescale/kds_v3/toolchain/bin/../lib/gcc/arm-none-eabi/4.8.4/../../../../arm-none-eabi/lib/armv6-m\libg_s.a
LOAD r:/freescale/kds_v3/toolchain/bin/../lib/gcc/arm-none-eabi/4.8.4/../../../../arm-none-eabi/lib/armv6-m\libc_s.a
END GROUP
START GROUP
LOAD r:/freescale/kds_v3/toolchain/bin/../lib/gcc/arm-none-eabi/4.8.4/armv6-m\libgcc.a
LOAD r:/freescale/kds_v3/toolchain/bin/../lib/gcc/arm-none-eabi/4.8.4/../../../../arm-none-eabi/lib/armv6-m\libc_s.a
LOAD r:/freescale/kds_v3/toolchain/bin/../lib/gcc/arm-none-eabi/4.8.4/../../../../arm-none-eabi/lib/armv6-m\libnosys.a
END GROUP
START GROUP
LOAD r:/freescale/kds_v3/toolchain/bin/../lib/gcc/arm-none-eabi/4.8.4/armv6-m\libgcc.a
LOAD r:/freescale/kds_v3/toolchain/bin/../lib/gcc/arm-none-eabi/4.8.4/../../../../arm-none-eabi/lib/armv6-m\libc_s.a
LOAD r:/freescale/kds_v3/toolchain/bin/../lib/gcc/arm-none-eabi/4.8.4/../../../../arm-none-eabi/lib/armv6-m\libnosys.a
END GROUP
LOAD r:/freescale/kds_v3/toolchain/bin/../lib/gcc/arm-none-eabi/4.8.4/armv6-m/crtend.o
LOAD r:/freescale/kds_v3/toolchain/bin/../lib/gcc/arm-none-eabi/4.8.4/armv6-m/crtn.o
                0x20006000                _estack = 0x20006000
                0x20006000                __SP_INIT = _estack
                0x20006000                __stack = _estack
                0x00000000                __heap_size = 0x0
                0x00000400                __stack_size = 0x400

.interrupts     0x00000000       0xc0
                0x00000000                __vector_table = .
                0x00000000                . = ALIGN (0x4)
 *(.vectortable)
 .vectortable   0x00000000       0xc0 ./Generated_Code/Vectors.o
                0x00000000                __vect_table
                0x000000c0                . = ALIGN (0x4)

.cfmprotect     0x00000400       0x10
                0x00000400                . = ALIGN (0x4)
 *(.cfmconfig)
 .cfmconfig     0x00000400       0x10 ./Generated_Code/Cpu.o
                0x00000400                _cfm
                0x00000410                . = ALIGN (0x4)

.text           0x00000410     0x55c8
                0x00000410                . = ALIGN (0x4)
 *(.text)
 .text          0x00000410       0x60 r:/freescale/kds_v3/toolchain/bin/../lib/gcc/arm-none-eabi/4.8.4/armv6-m/crtbegin.o
 .text          0x00000470       0x78 r:/freescale/kds_v3/toolchain/bin/../lib/gcc/arm-none-eabi/4.8.4/../../../../arm-none-eabi/lib/armv6-m/crt0.o
                0x00000470                _start
                0x00000470                _mainCRTStartup
 .text          0x000004e8      0x7c0 M:\Users\cetho\workspace.kds\Lab 3\Sources\TSS\libTSS_KXX_M0.a(TSS_ASliderDecoder.o)
                0x000004e8                TSS_ASliderDecoder
                0x000009c0                TSS_ASliderCalculatePosIIRFilter
                0x00000a18                TSS_ASliderDelayControl
                0x00000a90                TSS_ASliderTrendThreshold
                0x00000abc                TSS_ASliderTrendControl
                0x00000b98                TSS_SetASliderConfig
                0x00000c90                TSS_GetASliderConfig
 .text          0x00000ca8      0x5f4 M:\Users\cetho\workspace.kds\Lab 3\Sources\TSS\libTSS_KXX_M0.a(TSS_Filters.o)
                0x00000d58                TSS_u16NoiseAmplitudeFilter
                0x00000d8a                TSS_i8NoiseAmplitudeFilter
                0x00000dbe                TSS_ShieldEquation
                0x00000e24                TSS_KeyDetectorInitPrevCapSample
                0x00000e38                TSS_KeyDetectorCalculateIIRFilter
                0x00000e4c                TSS_KeyDetectorCalculateShielding
                0x00000e60                TSS_KeyDetectorSignalDivider
                0x00000e7c                TSS_KeyDetectorSignalMultiplier
                0x00000eac                TSS_AutoCalibration
                0x000010b8                TSS_DeltaNoiseAnalysisBufferControl
                0x00001220                TSS_DeltaNoiseAnalysisIIRControl
 .text          0x0000129c      0xcd8 M:\Users\cetho\workspace.kds\Lab 3\Sources\TSS\libTSS_KXX_M0.a(TSS_KeyDetector.o)
                0x0000131a                TSS_KeyDetectorResetElectrodeDebouncing
                0x00001338                TSS_KeyDetectorResetElectrode
                0x00001358                TSS_KeyDetectorRestartElectrode
                0x00001448                TSS_KeyDetectorRecalibrationRequest
                0x0000145a                TSS_KeyDetectorRecalibrateModules
                0x000014ac                TSS_KeyDetectorGetGroupCounter
                0x000014d8                TSS_KeyDetectorDecoderDataInit
                0x0000154c                TSS_KeyDetectorInit
                0x00001570                TSS_KeyDetectorResetElectrodeMeasured
                0x0000159c                TSS_KeyDetectorFillDeltaLogBuffer
                0x000015b4                TSS_KeyDetectorFillSignalLogBuffer
                0x000015c8                TSS_KeyDetectorStuckKeyControl
                0x00001614                TSS_KeyDetectorResetStuckKeyCounter
                0x00001620                TSS_KeyDetectorDetect
                0x00001800                TSS_KeyDetectorDetectDecoder
                0x00001864                TSS_KeyDetectorNegativeBaselineDrop
                0x000018f4                TSS_KeyDetectorCalibrate
                0x00001928                TSS_KeyDetectorCalculateDelta
                0x00001bf4                TSS_KeyDetectorMainSequenced
                0x00001d94                TSS_KeyDetectorMain
                0x00001f44                TSS_KeyDetectorSetControlIdle
 .text          0x00001f74      0x9ac M:\Users\cetho\workspace.kds\Lab 3\Sources\TSS\libTSS_KXX_M0.a(TSS_Main.o)
                0x00001f74                TSS_InitRegisterArrays
                0x00001fc4                TSS_InitInternalArrays
                0x00002078                TSS_Init
                0x000020f8                TSS_DataCorruptionCheck
                0x0000219c                TSS_ExecuteDecoders
                0x00002228                TSS_FaultEvaluation
                0x00002288                TSS_TriggerControl
                0x000022dc                TSS_Task
                0x00002370                TSS_TaskSeq
                0x00002404                TSS_SetControlPrivateData
                0x00002410                TSS_GetControlPrivateData
                0x0000241c                TSS_GetControlStruct
                0x00002428                TSS_GetControlElectrodeNumber
                0x00002448                TSS_GetControlFirstElectrodeIndex
                0x0000245c                TSS_GetControlLastElectrodeIndex
                0x0000246c                TSS_TriggerConfig
                0x000024f0                TSS_LowPowerConfig
                0x000025b4                TSS_ProximityConfig
                0x0000260c                TSS_SetSystemConfig
                0x0000284c                TSS_GetSystemConfig
 .text          0x00002920       0x9c r:/freescale/kds_v3/toolchain/bin/../lib/gcc/arm-none-eabi/4.8.4/armv6-m\libgcc.a(_udivsi3.o)
                0x00002920                __aeabi_uidiv
                0x00002920                __udivsi3
                0x000029a8                __aeabi_uidivmod
 .text          0x000029bc       0xc0 r:/freescale/kds_v3/toolchain/bin/../lib/gcc/arm-none-eabi/4.8.4/armv6-m\libgcc.a(_divsi3.o)
                0x000029bc                __divsi3
                0x000029bc                __aeabi_idiv
                0x00002a68                __aeabi_idivmod
 .text          0x00002a7c        0x4 r:/freescale/kds_v3/toolchain/bin/../lib/gcc/arm-none-eabi/4.8.4/armv6-m\libgcc.a(_dvmd_tls.o)
                0x00002a7c                __aeabi_idiv0
                0x00002a7c                __aeabi_ldiv0
 *(.text*)
 .text.vfnLCD_Write_Msg
                0x00002a80       0x74 ./Sources/lcd/LCD.o
                0x00002a80                vfnLCD_Write_Msg
 .text.vfnLCD_All_Segments_OFF
                0x00002af4       0x48 ./Sources/lcd/LCD.o
                0x00002af4                vfnLCD_All_Segments_OFF
 .text.vfnLCD_Write_Char
                0x00002b3c      0x120 ./Sources/lcd/LCD.o
                0x00002b3c                vfnLCD_Write_Char
 .text.TSS_SensorInit
                0x00002c5c      0x13c ./Sources/TSS/TSS_Sensor.o
                0x00002c5c                TSS_SensorInit
 .text.TSIL_InitModule
                0x00002d98       0x38 ./Sources/TSS/TSS_SensorTSIL.o
                0x00002d98                TSIL_InitModule
 .text.TSIL_SetNSamples
                0x00002dd0       0x68 ./Sources/TSS/TSS_SensorTSIL.o
                0x00002dd0                TSIL_SetNSamples
 .text.TSIL_InitLowPower
                0x00002e38       0x90 ./Sources/TSS/TSS_SensorTSIL.o
                0x00002e38                TSIL_InitLowPower
 .text.TSIL_InitPEN
                0x00002ec8      0x248 ./Sources/TSS/TSS_SensorTSIL.o
                0x00002ec8                TSIL_InitPEN
 .text.TSIL_Recalibrate
                0x00003110      0x5cc ./Sources/TSS/TSS_SensorTSIL.o
                0x00003110                TSIL_Recalibrate
 .text.TSIL_InitThresholds
                0x000036dc      0x118 ./Sources/TSS/TSS_SensorTSIL.o
                0x000036dc                TSIL_InitThresholds
 .text.TSIL_InitTrigger
                0x000037f4      0x1b8 ./Sources/TSS/TSS_SensorTSIL.o
                0x000037f4                TSIL_InitTrigger
 .text.TSIL_MethodControl
                0x000039ac      0x364 ./Sources/TSS/TSS_SensorTSIL.o
                0x000039ac                TSIL_MethodControl
 .text.TSIL_ReadCounter
                0x00003d10       0xd0 ./Sources/TSS/TSS_SensorTSIL.o
                0x00003d10                TSIL_ReadCounter
 .text.TSIL_HandleMeasurement
                0x00003de0       0xf8 ./Sources/TSS/TSS_SensorTSIL.o
                0x00003de0                TSIL_HandleMeasurement
 .text.TSIL_SampleElectrode
                0x00003ed8      0x1d8 ./Sources/TSS/TSS_SensorTSIL.o
                0x00003ed8                TSIL_SampleElectrode
 .text.TSS_TSI0Isr
                0x000040b0      0x1a4 ./Sources/TSS/TSS_SensorTSIL.o
                0x000040b0                TSS_TSI0Isr
 .text.TSS_IIRFilterEquation
                0x00004254       0x3c ./Sources/TSS/TSS_SystemSetupData.o
                0x00004254                TSS_IIRFilterEquation
 .text.Cpu_OnNMIINT
                0x00004290        0x8 ./Sources/Events.o
                0x00004290                Cpu_OnNMIINT
 .text.TI1_OnInterrupt
                0x00004298       0x14 ./Sources/Events.o
                0x00004298                TI1_OnInterrupt
 .text.GPIO1_OnPortEvent
                0x000042ac       0x14 ./Sources/Events.o
                0x000042ac                GPIO1_OnPortEvent
 .text.TSS1_fOnFault
                0x000042c0       0x3c ./Sources/Events.o
                0x000042c0                TSS1_fOnFault
 .text.TSS1_fOnInit
                0x000042fc        0xc ./Sources/Events.o
                0x000042fc                TSS1_fOnInit
 .text.TSS1_fCallBack0
                0x00004308       0x50 ./Sources/Events.o
                0x00004308                TSS1_fCallBack0
 .text.increment
                0x00004358       0x58 ./Sources/main.o
                0x00004358                increment
 .text.main     0x000043b0       0x94 ./Sources/main.o
                0x000043b0                main
 .text.__copy_rom_section
                0x00004444       0xd8 ./Project_Settings/Startup_Code/startup.o
                0x00004444                __copy_rom_section
 .text.__copy_rom_sections_to_ram
                0x0000451c       0x98 ./Project_Settings/Startup_Code/startup.o
                0x0000451c                __copy_rom_sections_to_ram
 .text.__init_registers
                0x000045b4        0x8 ./Project_Settings/Startup_Code/startup.o
                0x000045b4                __init_registers
 .text.__init_user
                0x000045bc        0x8 ./Project_Settings/Startup_Code/startup.o
                0x000045bc                __init_user
 .text.__thumb_startup
                0x000045c4       0x30 ./Project_Settings/Startup_Code/startup.o
                0x000045c4                __thumb_startup
 .text.Cpu_INT_NMIInterrupt
                0x000045f4        0xc ./Generated_Code/Cpu.o
                0x000045f4                Cpu_INT_NMIInterrupt
 .text.Cpu_Interrupt
                0x00004600        0xc ./Generated_Code/Cpu.o
                0x00004600                Cpu_Interrupt
 .text.__init_hardware
                0x0000460c      0x164 ./Generated_Code/Cpu.o
                0x0000460c                __init_hardware
 .text.PE_low_level_init
                0x00004770      0x12c ./Generated_Code/Cpu.o
                0x00004770                PE_low_level_init
 .text.GPIO1_Init
                0x0000489c       0xa8 ./Generated_Code/GPIO1.o
                0x0000489c                GPIO1_Init
 .text.GPIO1_Interrupt
                0x00004944       0x44 ./Generated_Code/GPIO1.o
                0x00004944                GPIO1_Interrupt
 .text.LED_GREEN_Init
                0x00004988       0x60 ./Generated_Code/LED_GREEN.o
                0x00004988                LED_GREEN_Init
 .text.LED_GREEN_NegVal
                0x000049e8       0x18 ./Generated_Code/LED_GREEN.o
                0x000049e8                LED_GREEN_NegVal
 .text.LED_RED_Init
                0x00004a00       0x64 ./Generated_Code/LED_RED.o
                0x00004a00                LED_RED_Init
 .text.LED_RED_NegVal
                0x00004a64       0x1c ./Generated_Code/LED_RED.o
                0x00004a64                LED_RED_NegVal
 .text.PTC_Init
                0x00004a80       0x18 ./Generated_Code/PTC.o
                0x00004a80                PTC_Init
 .text.SegLCD1_Init
                0x00004a98      0x1a0 ./Generated_Code/SegLCD1.o
                0x00004a98                SegLCD1_Init
 .text.TI1_Init
                0x00004c38       0x50 ./Generated_Code/TI1.o
                0x00004c38                TI1_Init
 .text.TU1_OnCounterRestart
                0x00004c88       0x24 ./Generated_Code/TI1.o
                0x00004c88                TU1_OnCounterRestart
 .text.TSS1_InitDevices
                0x00004cac       0x44 ./Generated_Code/TSS1.o
                0x00004cac                TSS1_InitDevices
 .text.TSS1_Configure
                0x00004cf0      0x158 ./Generated_Code/TSS1.o
                0x00004cf0                TSS1_Configure
 .text.TU1_Init
                0x00004e48       0xc0 ./Generated_Code/TU1.o
                0x00004e48                TU1_Init
 .text.TU1_Interrupt
                0x00004f08       0x30 ./Generated_Code/TU1.o
                0x00004f08                TU1_Interrupt
 .text.exit     0x00004f38       0x2c r:/freescale/kds_v3/toolchain/bin/../lib/gcc/arm-none-eabi/4.8.4/../../../../arm-none-eabi/lib/armv6-m\libg_s.a(lib_a-exit.o)
                0x00004f38                exit
 .text.__libc_init_array
                0x00004f64       0x4c r:/freescale/kds_v3/toolchain/bin/../lib/gcc/arm-none-eabi/4.8.4/../../../../arm-none-eabi/lib/armv6-m\libg_s.a(lib_a-init.o)
                0x00004f64                __libc_init_array
 .text.memset   0x00004fb0       0x10 r:/freescale/kds_v3/toolchain/bin/../lib/gcc/arm-none-eabi/4.8.4/../../../../arm-none-eabi/lib/armv6-m\libg_s.a(lib_a-memset.o)
                0x00004fb0                memset
 .text.sprintf  0x00004fc0       0x44 r:/freescale/kds_v3/toolchain/bin/../lib/gcc/arm-none-eabi/4.8.4/../../../../arm-none-eabi/lib/armv6-m\libg_s.a(lib_a-sprintf.o)
                0x00004fc0                siprintf
                0x00004fc0                sprintf
 .text.__ssputs_r
                0x00005004       0xc0 r:/freescale/kds_v3/toolchain/bin/../lib/gcc/arm-none-eabi/4.8.4/../../../../arm-none-eabi/lib/armv6-m\libg_s.a(lib_a-svfprintf.o)
                0x00005004                __ssputs_r
 .text._svfprintf_r
                0x000050c4      0x1e0 r:/freescale/kds_v3/toolchain/bin/../lib/gcc/arm-none-eabi/4.8.4/../../../../arm-none-eabi/lib/armv6-m\libg_s.a(lib_a-svfprintf.o)
                0x000050c4                _svfiprintf_r
                0x000050c4                _svfprintf_r
 .text._printf_common
                0x000052a4       0xe8 r:/freescale/kds_v3/toolchain/bin/../lib/gcc/arm-none-eabi/4.8.4/../../../../arm-none-eabi/lib/armv6-m\libg_s.a(lib_a-vfprintf_i.o)
                0x000052a4                _printf_common
 .text._printf_i
                0x0000538c      0x22c r:/freescale/kds_v3/toolchain/bin/../lib/gcc/arm-none-eabi/4.8.4/../../../../arm-none-eabi/lib/armv6-m\libg_s.a(lib_a-vfprintf_i.o)
                0x0000538c                _printf_i
 .text.memchr   0x000055b8       0x16 r:/freescale/kds_v3/toolchain/bin/../lib/gcc/arm-none-eabi/4.8.4/../../../../arm-none-eabi/lib/armv6-m\libg_s.a(lib_a-memchr-stub.o)
                0x000055b8                memchr
 .text.memcpy   0x000055ce       0x12 r:/freescale/kds_v3/toolchain/bin/../lib/gcc/arm-none-eabi/4.8.4/../../../../arm-none-eabi/lib/armv6-m\libg_s.a(lib_a-memcpy-stub.o)
                0x000055ce                memcpy
 .text.memmove  0x000055e0       0x32 r:/freescale/kds_v3/toolchain/bin/../lib/gcc/arm-none-eabi/4.8.4/../../../../arm-none-eabi/lib/armv6-m\libg_s.a(lib_a-memmove.o)
                0x000055e0                memmove
 *fill*         0x00005612        0x2 
 .text._free_r  0x00005614       0x90 r:/freescale/kds_v3/toolchain/bin/../lib/gcc/arm-none-eabi/4.8.4/../../../../arm-none-eabi/lib/armv6-m\libg_s.a(lib_a-nano-freer.o)
                0x00005614                _free_r
 .text._malloc_r
                0x000056a4       0xa8 r:/freescale/kds_v3/toolchain/bin/../lib/gcc/arm-none-eabi/4.8.4/../../../../arm-none-eabi/lib/armv6-m\libg_s.a(lib_a-nano-mallocr.o)
                0x000056a4                _malloc_r
 .text._realloc_r
                0x0000574c       0x4c r:/freescale/kds_v3/toolchain/bin/../lib/gcc/arm-none-eabi/4.8.4/../../../../arm-none-eabi/lib/armv6-m\libg_s.a(lib_a-nano-reallocr.o)
                0x0000574c                _realloc_r
 .text._sbrk_r  0x00005798       0x24 r:/freescale/kds_v3/toolchain/bin/../lib/gcc/arm-none-eabi/4.8.4/../../../../arm-none-eabi/lib/armv6-m\libg_s.a(lib_a-sbrkr.o)
                0x00005798                _sbrk_r
 .text.strlen   0x000057bc        0xe r:/freescale/kds_v3/toolchain/bin/../lib/gcc/arm-none-eabi/4.8.4/../../../../arm-none-eabi/lib/armv6-m\libg_s.a(lib_a-strlen.o)
                0x000057bc                strlen
 .text._malloc_usable_size_r
                0x000057ca       0x12 r:/freescale/kds_v3/toolchain/bin/../lib/gcc/arm-none-eabi/4.8.4/../../../../arm-none-eabi/lib/armv6-m\libg_s.a(lib_a-nano-msizer.o)
                0x000057ca                _malloc_usable_size_r
 .text._sbrk    0x000057dc       0x34 r:/freescale/kds_v3/toolchain/bin/../lib/gcc/arm-none-eabi/4.8.4/../../../../arm-none-eabi/lib/armv6-m\libnosys.a(sbrk.o)
                0x000057dc                _sbrk
 .text._exit    0x00005810        0x4 r:/freescale/kds_v3/toolchain/bin/../lib/gcc/arm-none-eabi/4.8.4/../../../../arm-none-eabi/lib/armv6-m\libnosys.a(_exit.o)
                0x00005810                _exit
 *(.rodata)
 .rodata        0x00005814        0x8 ./Sources/main.o
 *(.rodata*)
 .rodata.WF_ORDERING_TABLE
                0x0000581c        0xc ./Sources/lcd/s401.o
                0x0000581c                WF_ORDERING_TABLE
 .rodata.ASCII_TO_WF_CODIFICATION_TABLE
                0x00005828       0x64 ./Sources/lcd/s401.o
                0x00005828                ASCII_TO_WF_CODIFICATION_TABLE
 .rodata.tss_faSampleElectrode
                0x0000588c        0x8 ./Sources/TSS/TSS_Sensor.o
                0x0000588c                tss_faSampleElectrode
 .rodata.tss_acp8ElectrodeROMData
                0x00005894        0x8 ./Sources/TSS/TSS_Sensor.o
                0x00005894                tss_acp8ElectrodeROMData
 .rodata.TSS_TSIL0_METHOD_ROMDATA_CONTEXT
                0x0000589c       0x10 ./Sources/TSS/TSS_SensorTSIL.o
                0x0000589c                TSS_TSIL0_METHOD_ROMDATA_CONTEXT
 .rodata.TSS_E0_ROMDATA_CONTEXT
                0x000058ac        0xc ./Sources/TSS/TSS_SensorTSIL.o
                0x000058ac                TSS_E0_ROMDATA_CONTEXT
 .rodata.TSS_E1_ROMDATA_CONTEXT
                0x000058b8        0xc ./Sources/TSS/TSS_SensorTSIL.o
                0x000058b8                TSS_E1_ROMDATA_CONTEXT
 .rodata.TSS_C0_STRUCTURE_CONTEXT
                0x000058c4       0x14 ./Sources/TSS/TSS_SystemSetupData.o
                0x000058c4                TSS_C0_STRUCTURE_CONTEXT
 .rodata.tss_faCallback
                0x000058d8        0x4 ./Sources/TSS/TSS_SystemSetupData.o
                0x000058d8                tss_faCallback
 .rodata.tss_acpsDecContext
                0x000058dc        0x4 ./Sources/TSS/TSS_SystemSetupData.o
                0x000058dc                tss_acpsDecContext
 .rodata.tss_acpsCSStructs
                0x000058e0        0x4 ./Sources/TSS/TSS_SystemSetupData.o
                0x000058e0                tss_acpsCSStructs
 .rodata.tss_cau8CntrlElecBound
                0x000058e4        0x4 ./Sources/TSS/TSS_SystemSetupData.o
                0x000058e4                tss_cau8CntrlElecBound
 .rodata.tss_faDecoders
                0x000058e8        0x4 ./Sources/TSS/TSS_SystemSetupData.o
                0x000058e8                tss_faDecoders
 .rodata.tss_fExecuteDecoders
                0x000058ec        0x4 ./Sources/TSS/TSS_SystemSetupData.o
                0x000058ec                tss_fExecuteDecoders
 .rodata.tss_fKeyDetectorDetectDecoder
                0x000058f0        0x4 ./Sources/TSS/TSS_SystemSetupData.o
                0x000058f0                tss_fKeyDetectorDetectDecoder
 .rodata.tss_fDecoderDataInit
                0x000058f4        0x4 ./Sources/TSS/TSS_SystemSetupData.o
                0x000058f4                tss_fDecoderDataInit
 .rodata.tss_cu8NumElecs
                0x000058f8        0x1 ./Sources/TSS/TSS_SystemSetupData.o
                0x000058f8                tss_cu8NumElecs
 .rodata.tss_cu8NumCtrls
                0x000058f9        0x1 ./Sources/TSS/TSS_SystemSetupData.o
                0x000058f9                tss_cu8NumCtrls
 .rodata.tss_cu8ElecBitFldLn
                0x000058fa        0x1 ./Sources/TSS/TSS_SystemSetupData.o
                0x000058fa                tss_cu8ElecBitFldLn
 .rodata.tss_cu8CtrlBitFldLn
                0x000058fb        0x1 ./Sources/TSS/TSS_SystemSetupData.o
                0x000058fb                tss_cu8CtrlBitFldLn
 .rodata.tss_fCalculateIIRFilter
                0x000058fc        0x4 ./Sources/TSS/TSS_SystemSetupData.o
                0x000058fc                tss_fCalculateIIRFilter
 .rodata.tss_fCalculateShielding
                0x00005900        0x4 ./Sources/TSS/TSS_SystemSetupData.o
                0x00005900                tss_fCalculateShielding
 .rodata.tss_fInitPrevCapSample
                0x00005904        0x4 ./Sources/TSS/TSS_SystemSetupData.o
                0x00005904                tss_fInitPrevCapSample
 .rodata.tss_fFillDeltaLoglBuffer
                0x00005908        0x4 ./Sources/TSS/TSS_SystemSetupData.o
                0x00005908                tss_fFillDeltaLoglBuffer
 .rodata.tss_fFillSignalLoglBuffer
                0x0000590c        0x4 ./Sources/TSS/TSS_SystemSetupData.o
                0x0000590c                tss_fFillSignalLoglBuffer
 .rodata.tss_fDataCorruptionCheck
                0x00005910        0x4 ./Sources/TSS/TSS_SystemSetupData.o
                0x00005910                tss_fDataCorruptionCheck
 .rodata.tss_fFmstrCall
                0x00005914        0x4 ./Sources/TSS/TSS_SystemSetupData.o
                0x00005914                tss_fFmstrCall
 .rodata.tss_fTriggerConfig
                0x00005918        0x4 ./Sources/TSS/TSS_SystemSetupData.o
                0x00005918                tss_fTriggerConfig
 .rodata.tss_fTriggerControl
                0x0000591c        0x4 ./Sources/TSS/TSS_SystemSetupData.o
                0x0000591c                tss_fTriggerControl
 .rodata.tss_fLowPowerConfig
                0x00005920        0x4 ./Sources/TSS/TSS_SystemSetupData.o
                0x00005920                tss_fLowPowerConfig
 .rodata.tss_fOnFault
                0x00005924        0x4 ./Sources/TSS/TSS_SystemSetupData.o
                0x00005924                tss_fOnFault
 .rodata.tss_fOnInit
                0x00005928        0x4 ./Sources/TSS/TSS_SystemSetupData.o
                0x00005928                tss_fOnInit
 .rodata.tss_cu8APosFilterWeight
                0x0000592c        0x1 ./Sources/TSS/TSS_SystemSetupData.o
                0x0000592c                tss_cu8APosFilterWeight
 *fill*         0x0000592d        0x3 
 .rodata.tss_fASliderCalculatePosIIRFilter
                0x00005930        0x4 ./Sources/TSS/TSS_SystemSetupData.o
                0x00005930                tss_fASliderCalculatePosIIRFilter
 .rodata.tss_cu8ASliderDelayBufferLength
                0x00005934        0x1 ./Sources/TSS/TSS_SystemSetupData.o
                0x00005934                tss_cu8ASliderDelayBufferLength
 *fill*         0x00005935        0x3 
 .rodata.tss_fASliderDelayControl
                0x00005938        0x4 ./Sources/TSS/TSS_SystemSetupData.o
                0x00005938                tss_fASliderDelayControl
 .rodata.tss_cu8ASliderTrendBufferLength
                0x0000593c        0x1 ./Sources/TSS/TSS_SystemSetupData.o
                0x0000593c                tss_cu8ASliderTrendBufferLength
 .rodata.tss_i8ASliderTrendThreshold
                0x0000593d        0x1 ./Sources/TSS/TSS_SystemSetupData.o
                0x0000593d                tss_i8ASliderTrendThreshold
 *fill*         0x0000593e        0x2 
 .rodata.tss_fASliderTrendThreshold
                0x00005940        0x4 ./Sources/TSS/TSS_SystemSetupData.o
                0x00005940                tss_fASliderTrendThreshold
 .rodata.tss_fASliderTrendControl
                0x00005944        0x4 ./Sources/TSS/TSS_SystemSetupData.o
                0x00005944                tss_fASliderTrendControl
 .rodata.tss_fOnProximity
                0x00005948        0x4 ./Sources/TSS/TSS_SystemSetupData.o
                0x00005948                tss_fOnProximity
 .rodata.tss_fProximityConfig
                0x0000594c        0x4 ./Sources/TSS/TSS_SystemSetupData.o
                0x0000594c                tss_fProximityConfig
 .rodata.tss_fStuckKeyControl
                0x00005950        0x4 ./Sources/TSS/TSS_SystemSetupData.o
                0x00005950                tss_fStuckKeyControl
 .rodata.tss_fResetStuckKeyCounter
                0x00005954        0x4 ./Sources/TSS/TSS_SystemSetupData.o
                0x00005954                tss_fResetStuckKeyCounter
 .rodata.tss_fNegativeBaselineDrop
                0x00005958        0x4 ./Sources/TSS/TSS_SystemSetupData.o
                0x00005958                tss_fNegativeBaselineDrop
 .rodata.tss_fKeyDetectorRecalibrationRequest
                0x0000595c        0x4 ./Sources/TSS/TSS_SystemSetupData.o
                0x0000595c                tss_fKeyDetectorRecalibrationRequest
 .rodata.tss_fSignalDivider
                0x00005960        0x4 ./Sources/TSS/TSS_SystemSetupData.o
                0x00005960                tss_fSignalDivider
 .rodata.tss_fSignalMultiplier
                0x00005964        0x4 ./Sources/TSS/TSS_SystemSetupData.o
                0x00005964                tss_fSignalMultiplier
 .rodata.tss_fAutoCalibration
                0x00005968        0x4 ./Sources/TSS/TSS_SystemSetupData.o
                0x00005968                tss_fAutoCalibration
 .rodata.tss_fDeltaNoiseAnalysisBufferControl
                0x0000596c        0x4 ./Sources/TSS/TSS_SystemSetupData.o
                0x0000596c                tss_fDeltaNoiseAnalysisBufferControl
 .rodata.tss_fDeltaNoiseAnalysisIIRControl
                0x00005970        0x4 ./Sources/TSS/TSS_SystemSetupData.o
                0x00005970                tss_fDeltaNoiseAnalysisIIRControl
 .rodata.tss_u8BaselineInitLength
                0x00005974        0x1 ./Sources/TSS/TSS_SystemSetupData.o
                0x00005974                tss_u8BaselineInitLength
 .rodata.tss_u8AutoCalibInitLength
                0x00005975        0x1 ./Sources/TSS/TSS_SystemSetupData.o
                0x00005975                tss_u8AutoCalibInitLength
 .rodata.tss_u8DeltaNoiseAnalysisBufferLength
                0x00005976        0x1 ./Sources/TSS/TSS_SystemSetupData.o
                0x00005976                tss_u8DeltaNoiseAnalysisBufferLength
 .rodata.tss_i8DeltaNoiseAnalysisIIRWeight1
                0x00005977        0x1 ./Sources/TSS/TSS_SystemSetupData.o
                0x00005977                tss_i8DeltaNoiseAnalysisIIRWeight1
 .rodata.tss_i8DeltaNoiseAnalysisIIRWeight2
                0x00005978        0x1 ./Sources/TSS/TSS_SystemSetupData.o
                0x00005978                tss_i8DeltaNoiseAnalysisIIRWeight2
 *fill*         0x00005979        0x3 
 .rodata.tss_csASCContext
                0x0000597c        0x8 ./Sources/TSS/TSS_SystemSetupData.o
                0x0000597c                tss_csASCContext
 .rodata.str1.1
                0x00005984        0x2 r:/freescale/kds_v3/toolchain/bin/../lib/gcc/arm-none-eabi/4.8.4/../../../../arm-none-eabi/lib/armv6-m\libg_s.a(lib_a-impure.o)
 *fill*         0x00005986        0x2 
 .rodata._global_impure_ptr
                0x00005988        0x4 r:/freescale/kds_v3/toolchain/bin/../lib/gcc/arm-none-eabi/4.8.4/../../../../arm-none-eabi/lib/armv6-m\libg_s.a(lib_a-impure.o)
                0x00005988                _global_impure_ptr
 .rodata.str1.1
                0x0000598c       0x11 r:/freescale/kds_v3/toolchain/bin/../lib/gcc/arm-none-eabi/4.8.4/../../../../arm-none-eabi/lib/armv6-m\libg_s.a(lib_a-svfprintf.o)
 .rodata.str1.1
                0x0000599d       0x22 r:/freescale/kds_v3/toolchain/bin/../lib/gcc/arm-none-eabi/4.8.4/../../../../arm-none-eabi/lib/armv6-m\libg_s.a(lib_a-vfprintf_i.o)
 *(.glue_7)
 .glue_7        0x00000000        0x0 linker stubs
 *(.glue_7t)
 .glue_7t       0x00000000        0x0 linker stubs
 *(.eh_frame)
 *fill*         0x000059bf        0x1 
 .eh_frame      0x000059c0        0x0 r:/freescale/kds_v3/toolchain/bin/../lib/gcc/arm-none-eabi/4.8.4/armv6-m/crtbegin.o
 *(.init)
 .init          0x000059c0        0x4 r:/freescale/kds_v3/toolchain/bin/../lib/gcc/arm-none-eabi/4.8.4/armv6-m/crti.o
                0x000059c0                _init
 .init          0x000059c4        0x8 r:/freescale/kds_v3/toolchain/bin/../lib/gcc/arm-none-eabi/4.8.4/armv6-m/crtn.o
 *(.fini)
 .fini          0x000059cc        0x4 r:/freescale/kds_v3/toolchain/bin/../lib/gcc/arm-none-eabi/4.8.4/armv6-m/crti.o
                0x000059cc                _fini
 .fini          0x000059d0        0x8 r:/freescale/kds_v3/toolchain/bin/../lib/gcc/arm-none-eabi/4.8.4/armv6-m/crtn.o
                0x000059d8                . = ALIGN (0x4)
                0x000059d8                _etext = .

.vfp11_veneer   0x000059d8        0x0
 .vfp11_veneer  0x00000000        0x0 linker stubs

.v4_bx          0x000059d8        0x0
 .v4_bx         0x00000000        0x0 linker stubs

.iplt           0x000059d8        0x0
 .iplt          0x00000000        0x0 r:/freescale/kds_v3/toolchain/bin/../lib/gcc/arm-none-eabi/4.8.4/armv6-m/crtbegin.o

.ARM.extab
 *(.ARM.extab* .gnu.linkonce.armextab.*)

.ARM            0x000059d8        0x8
                0x000059d8                __exidx_start = .
 *(.ARM.exidx*)
 .ARM.exidx     0x000059d8        0x8 r:/freescale/kds_v3/toolchain/bin/../lib/gcc/arm-none-eabi/4.8.4/../../../../arm-none-eabi/lib/armv6-m/crt0.o
                0x000059e0                __exidx_end = .

.rel.dyn        0x000059e0        0x0
 .rel.iplt      0x00000000        0x0 r:/freescale/kds_v3/toolchain/bin/../lib/gcc/arm-none-eabi/4.8.4/armv6-m/crtbegin.o

.ctors          0x000059e0        0x0
                0x000059e0                __CTOR_LIST__ = .
 *crtbegin.o(.ctors)
 *(EXCLUDE_FILE(*crtend.o) .ctors)
 *(SORT(.ctors.*))
 *(.ctors)
                0x000059e0                __CTOR_END__ = .

.dtors          0x000059e0        0x0
                0x000059e0                __DTOR_LIST__ = .
 *crtbegin.o(.dtors)
 *(EXCLUDE_FILE(*crtend.o) .dtors)
 *(SORT(.dtors.*))
 *(.dtors)
                0x000059e0                __DTOR_END__ = .

.preinit_array  0x000059e0        0x0
                0x000059e0                PROVIDE (__preinit_array_start, .)
 *(.preinit_array*)
                0x000059e0                PROVIDE (__preinit_array_end, .)

.init_array     0x000059e0        0x4
                0x000059e0                PROVIDE (__init_array_start, .)
 *(SORT(.init_array.*))
 *(.init_array*)
 .init_array    0x000059e0        0x4 r:/freescale/kds_v3/toolchain/bin/../lib/gcc/arm-none-eabi/4.8.4/armv6-m/crtbegin.o
                0x000059e4                PROVIDE (__init_array_end, .)

.fini_array     0x000059e4        0x4
                0x000059e4                PROVIDE (__fini_array_start, .)
 *(SORT(.fini_array.*))
 *(.fini_array*)
 .fini_array    0x000059e4        0x4 r:/freescale/kds_v3/toolchain/bin/../lib/gcc/arm-none-eabi/4.8.4/armv6-m/crtbegin.o
                0x000059e8                PROVIDE (__fini_array_end, .)
                0x000059e8                ___ROM_AT = .

.mtb            0x1fffe000        0x0
                0x1fffe000                . = ALIGN (0x8)
                0x1fffe000                _mtb_start = .
 *(.mtb_buf)
                0x1fffe000                . = ALIGN (0x8)
                0x1fffe000                _mtb_end = .

.data           0x1fffe000       0x70 load address 0x000059e8
                0x1fffe000                . = ALIGN (0x4)
                0x1fffe000                _sdata = .
 *(.data)
 .data          0x1fffe000        0x1 M:\Users\cetho\workspace.kds\Lab 3\Sources\TSS\libTSS_KXX_M0.a(TSS_KeyDetector.o)
 *(.data*)
 *fill*         0x1fffe001        0x3 
 .data.AnalogSlider
                0x1fffe004        0x8 ./Sources/TSS/TSS_SystemSetupData.o
                0x1fffe004                AnalogSlider
 .data.impure_data
                0x1fffe00c       0x60 r:/freescale/kds_v3/toolchain/bin/../lib/gcc/arm-none-eabi/4.8.4/../../../../arm-none-eabi/lib/armv6-m\libg_s.a(lib_a-impure.o)
 .data._impure_ptr
                0x1fffe06c        0x4 r:/freescale/kds_v3/toolchain/bin/../lib/gcc/arm-none-eabi/4.8.4/../../../../arm-none-eabi/lib/armv6-m\libg_s.a(lib_a-impure.o)
                0x1fffe06c                _impure_ptr
                0x1fffe070                . = ALIGN (0x4)
                0x1fffe070                _edata = .
                0x00000070                ___data_size = (_edata - _sdata)

.jcr            0x1fffe070        0x0 load address 0x00005a58
 .jcr           0x1fffe070        0x0 r:/freescale/kds_v3/toolchain/bin/../lib/gcc/arm-none-eabi/4.8.4/armv6-m/crtbegin.o

.igot.plt       0x1fffe070        0x0 load address 0x00005a58
 .igot.plt      0x00000000        0x0 r:/freescale/kds_v3/toolchain/bin/../lib/gcc/arm-none-eabi/4.8.4/armv6-m/crtbegin.o
                0x1fffe070                . = ALIGN (0x4)

.bss            0x1fffe070      0x1d0 load address 0x00005a58
                0x1fffe070                __START_BSS = .
                0x1fffe070                PROVIDE (__bss_start__, __START_BSS)
 *(.bss)
 .bss           0x1fffe070       0x1c r:/freescale/kds_v3/toolchain/bin/../lib/gcc/arm-none-eabi/4.8.4/armv6-m/crtbegin.o
 .bss           0x1fffe08c        0x4 M:\Users\cetho\workspace.kds\Lab 3\Sources\TSS\libTSS_KXX_M0.a(TSS_KeyDetector.o)
 .bss           0x1fffe090        0x1 M:\Users\cetho\workspace.kds\Lab 3\Sources\TSS\libTSS_KXX_M0.a(TSS_Main.o)
 *(.bss*)
 *fill*         0x1fffe091        0x3 
 .bss.TSS_TSIL0_METHOD_RAMDATA_CONTEXT
                0x1fffe094        0x8 ./Sources/TSS/TSS_SensorTSIL.o
                0x1fffe094                TSS_TSIL0_METHOD_RAMDATA_CONTEXT
 .bss.tsi_au16Resolution
                0x1fffe09c        0x2 ./Sources/TSS/TSS_SensorTSIL.o
 *fill*         0x1fffe09e        0x2 
 .bss.TouchPosition
                0x1fffe0a0        0x4 ./Sources/main.o
                0x1fffe0a0                TouchPosition
 .bss.DeviceDataPrv__DEFAULT_RTOS_ALLOC
                0x1fffe0a4        0x8 ./Generated_Code/GPIO1.o
 .bss.INT_PORTC_PORTD__DEFAULT_RTOS_ISRPARAM
                0x1fffe0ac        0x4 ./Generated_Code/GPIO1.o
 .bss.DeviceDataPrv__DEFAULT_RTOS_ALLOC
                0x1fffe0b0        0x4 ./Generated_Code/LED_GREEN.o
 .bss.DeviceDataPrv__DEFAULT_RTOS_ALLOC
                0x1fffe0b4        0x4 ./Generated_Code/LED_RED.o
 .bss.PE_LDD_DeviceDataList
                0x1fffe0b8       0x18 ./Generated_Code/PE_LDD.o
                0x1fffe0b8                PE_LDD_DeviceDataList
 .bss.DeviceDataPrv__DEFAULT_RTOS_ALLOC
                0x1fffe0d0        0x4 ./Generated_Code/SegLCD1.o
 .bss.DeviceDataPrv__DEFAULT_RTOS_ALLOC
                0x1fffe0d4        0xc ./Generated_Code/TI1.o
 .bss.DeviceDataPrv__DEFAULT_RTOS_ALLOC
                0x1fffe0e0        0x8 ./Generated_Code/TU1.o
 .bss.INT_LPTimer__DEFAULT_RTOS_ISRPARAM
                0x1fffe0e8        0x4 ./Generated_Code/TU1.o
 .bss.__malloc_sbrk_start
                0x1fffe0ec        0x4 r:/freescale/kds_v3/toolchain/bin/../lib/gcc/arm-none-eabi/4.8.4/../../../../arm-none-eabi/lib/armv6-m\libg_s.a(lib_a-nano-mallocr.o)
                0x1fffe0ec                __malloc_sbrk_start
 .bss.__malloc_free_list
                0x1fffe0f0        0x4 r:/freescale/kds_v3/toolchain/bin/../lib/gcc/arm-none-eabi/4.8.4/../../../../arm-none-eabi/lib/armv6-m\libg_s.a(lib_a-nano-mallocr.o)
                0x1fffe0f0                __malloc_free_list
 .bss.heap_end.4246
                0x1fffe0f4        0x4 r:/freescale/kds_v3/toolchain/bin/../lib/gcc/arm-none-eabi/4.8.4/../../../../arm-none-eabi/lib/armv6-m\libnosys.a(sbrk.o)
 *(COMMON)
 COMMON         0x1fffe0f8       0x24 ./Sources/lcd/LCD.o
                0x1fffe0f8                bLCD_CharPosition
                0x1fffe0f9                lcd_alternate_mode
                0x1fffe0fc                lcdBuffer
 COMMON         0x1fffe11c       0x10 ./Sources/TSS/TSS_Sensor.o
                0x1fffe11c                tss_u8SampleIntFlag
                0x1fffe120                tss_psElectrodeTimertAdr
                0x1fffe124                tss_u8ElectrodeBitNum
                0x1fffe128                tss_psElectrodeRGPIOAdr
 COMMON         0x1fffe12c       0x20 ./Sources/TSS/TSS_SensorTSIL.o
                0x1fffe12c                TSS_TSIL0_CHANNEL_COUNTER_BUFFER
 COMMON         0x1fffe14c       0xbe ./Sources/TSS/TSS_SystemSetupData.o
                0x1fffe14c                tss_au8StuckCount
                0x1fffe14e                tss_u8ConfCheckSum
                0x1fffe150                tss_au8Sensitivity
                0x1fffe154                tss_ai8DeltaAmplitude
                0x1fffe158                tss_CSSys
                0x1fffe168                tss_cau8SignalMultiplier
                0x1fffe16c                tss_ai8MaxDeltaAmplitude
                0x1fffe170                tss_asDeltaNoiseAnalysisBufferData
                0x1fffe174                tss_cau8SignalDivider
                0x1fffe178                tss_ai8InstantDelta
                0x1fffe17c                tss_au8ControlIdleState
                0x1fffe180                TSS_C0_DELAY_BUFFER
                0x1fffe184                tss_au16PrevCapSample
                0x1fffe188                TSS_C0_TREND_BUFFER
                0x1fffe1a8                tss_ai8DeltaNoiseAnalysisBuffer
                0x1fffe1ac                tss_au8ControlScheduleCount
                0x1fffe1b0                TSS_C0_TREND_CONTEXT
                0x1fffe1b4                tss_au8TouchCount
                0x1fffe1b8                tss_au8ElectrodeMeasured
                0x1fffe1bc                tss_au16InstantSignal
                0x1fffe1c0                tss_ai8CalPrevDelta
                0x1fffe1c4                tss_au8DebounceCount
                0x1fffe1c8                tss_au8ElectrodeStatus
                0x1fffe1cc                tss_au8ControlIdleCounter
                0x1fffe1d0                tss_ai8NoiseAmplitude
                0x1fffe1d4                tss_asDeltaNoiseAnalysisIIRData
                0x1fffe1e0                tss_asAutoCalibrationData
                0x1fffe1e8                tss_au8ElecState
                0x1fffe1ec                TSS_C0_DELAY_CONTEXT
                0x1fffe1f0                tss_au8ElectrodeEnablers
                0x1fffe1f4                TSS_C0_POSFILTER_CONTEXT
                0x1fffe1f8                tss_au16ElecBaseline
                0x1fffe1fc                tss_au16ControlBuffers
                0x1fffe200                tss_cau8ShieldPairs
                0x1fffe204                tss_apsControlPrivateData
                0x1fffe208                tss_au8ReleaseCount
 *fill*         0x1fffe20a        0x2 
 COMMON         0x1fffe20c       0x2c ./Sources/main.o
                0x1fffe20c                sLCDBuffer
                0x1fffe21c                main_counter
                0x1fffe220                j
                0x1fffe224                MySegLCDPtr
                0x1fffe228                i
                0x1fffe22c                GREEN
                0x1fffe230                m
                0x1fffe234                RED
 COMMON         0x1fffe238        0x2 M:\Users\cetho\workspace.kds\Lab 3\Sources\TSS\libTSS_KXX_M0.a(TSS_KeyDetector.o)
                0x1fffe238                tss_u16CapSample
 *fill*         0x1fffe23a        0x2 
 COMMON         0x1fffe23c        0x4 r:/freescale/kds_v3/toolchain/bin/../lib/gcc/arm-none-eabi/4.8.4/../../../../arm-none-eabi/lib/armv6-m\libg_s.a(lib_a-reent.o)
                0x1fffe23c                errno
                0x1fffe240                . = ALIGN (0x4)
                0x1fffe240                __END_BSS = .
                0x1fffe240                PROVIDE (__bss_end__, __END_BSS)
                0x00005a58                _romp_at = (___ROM_AT + SIZEOF (.data))

.romp           0x1fffe240       0x18 load address 0x00005a58
                0x00005a58                __S_romp = _romp_at
                0x1fffe240        0x4 LONG 0x59e8 ___ROM_AT
                0x1fffe244        0x4 LONG 0x1fffe000 _sdata
                0x1fffe248        0x4 LONG 0x70 ___data_size
                0x1fffe24c        0x4 LONG 0x0
                0x1fffe250        0x4 LONG 0x0
                0x1fffe254        0x4 LONG 0x0
                0x00040000                text_end = (ORIGIN (m_text) + 0x3fbf0)
                0x00005a70                data_init_end = ((___ROM_AT + SIZEOF (.data)) + SIZEOF (.romp))
                0x00000001                ASSERT ((data_init_end <= text_end), region m_text overflowed with text and data)

._user_heap_stack
                0x1fffe258      0x400 load address 0x00005a70
                0x1fffe258                . = ALIGN (0x4)
                0x1fffe258                PROVIDE (end, .)
                0x1fffe258                PROVIDE (_end, .)
                0x1fffe258                PROVIDE (__end__, .)
                0x1fffe258                __heap_addr = .
                0x1fffe258                __HeapBase = .
                0x1fffe258                . = (. + __heap_size)
                0x1fffe258                __HeapLimit = .
                0x1fffe658                . = (. + __stack_size)
 *fill*         0x1fffe258      0x400 
                0x1fffe658                . = ALIGN (0x4)

.ARM.attributes
                0x00000000       0x28
 *(.ARM.attributes)
 .ARM.attributes
                0x00000000       0x1e r:/freescale/kds_v3/toolchain/bin/../lib/gcc/arm-none-eabi/4.8.4/armv6-m/crti.o
 .ARM.attributes
                0x0000001e       0x2c r:/freescale/kds_v3/toolchain/bin/../lib/gcc/arm-none-eabi/4.8.4/armv6-m/crtbegin.o
 .ARM.attributes
                0x0000004a       0x1b r:/freescale/kds_v3/toolchain/bin/../lib/gcc/arm-none-eabi/4.8.4/../../../../arm-none-eabi/lib/armv6-m/crt0.o
 .ARM.attributes
                0x00000065       0x32 ./Sources/lcd/LCD.o
 .ARM.attributes
                0x00000097       0x32 ./Sources/lcd/s401.o
 .ARM.attributes
                0x000000c9       0x32 ./Sources/TSS/TSS_Sensor.o
 .ARM.attributes
                0x000000fb       0x32 ./Sources/TSS/TSS_SensorTSIL.o
 .ARM.attributes
                0x0000012d       0x32 ./Sources/TSS/TSS_SystemSetupData.o
 .ARM.attributes
                0x0000015f       0x32 ./Sources/Events.o
 .ARM.attributes
                0x00000191       0x32 ./Sources/main.o
 .ARM.attributes
                0x000001c3       0x32 ./Project_Settings/Startup_Code/startup.o
 .ARM.attributes
                0x000001f5       0x32 ./Generated_Code/Cpu.o
 .ARM.attributes
                0x00000227       0x32 ./Generated_Code/GPIO1.o
 .ARM.attributes
                0x00000259       0x32 ./Generated_Code/LED_GREEN.o
 .ARM.attributes
                0x0000028b       0x32 ./Generated_Code/LED_RED.o
 .ARM.attributes
                0x000002bd       0x32 ./Generated_Code/PE_LDD.o
 .ARM.attributes
                0x000002ef       0x32 ./Generated_Code/PTC.o
 .ARM.attributes
                0x00000321       0x32 ./Generated_Code/SegLCD1.o
 .ARM.attributes
                0x00000353       0x32 ./Generated_Code/TI1.o
 .ARM.attributes
                0x00000385       0x32 ./Generated_Code/TSS1.o
 .ARM.attributes
                0x000003b7       0x32 ./Generated_Code/TU1.o
 .ARM.attributes
                0x000003e9       0x32 ./Generated_Code/Vectors.o
 .ARM.attributes
                0x0000041b       0x31 M:\Users\cetho\workspace.kds\Lab 3\Sources\TSS\libTSS_KXX_M0.a(TSS_ASliderDecoder.o)
 .ARM.attributes
                0x0000044c       0x31 M:\Users\cetho\workspace.kds\Lab 3\Sources\TSS\libTSS_KXX_M0.a(TSS_Filters.o)
 .ARM.attributes
                0x0000047d       0x31 M:\Users\cetho\workspace.kds\Lab 3\Sources\TSS\libTSS_KXX_M0.a(TSS_KeyDetector.o)
 .ARM.attributes
                0x000004ae       0x31 M:\Users\cetho\workspace.kds\Lab 3\Sources\TSS\libTSS_KXX_M0.a(TSS_Main.o)
 .ARM.attributes
                0x000004df       0x1e r:/freescale/kds_v3/toolchain/bin/../lib/gcc/arm-none-eabi/4.8.4/armv6-m\libgcc.a(_udivsi3.o)
 .ARM.attributes
                0x000004fd       0x1e r:/freescale/kds_v3/toolchain/bin/../lib/gcc/arm-none-eabi/4.8.4/armv6-m\libgcc.a(_divsi3.o)
 .ARM.attributes
                0x0000051b       0x1e r:/freescale/kds_v3/toolchain/bin/../lib/gcc/arm-none-eabi/4.8.4/armv6-m\libgcc.a(_dvmd_tls.o)
 .ARM.attributes
                0x00000539       0x2c r:/freescale/kds_v3/toolchain/bin/../lib/gcc/arm-none-eabi/4.8.4/../../../../arm-none-eabi/lib/armv6-m\libg_s.a(lib_a-exit.o)
 .ARM.attributes
                0x00000565       0x2c r:/freescale/kds_v3/toolchain/bin/../lib/gcc/arm-none-eabi/4.8.4/../../../../arm-none-eabi/lib/armv6-m\libg_s.a(lib_a-impure.o)
 .ARM.attributes
                0x00000591       0x2c r:/freescale/kds_v3/toolchain/bin/../lib/gcc/arm-none-eabi/4.8.4/../../../../arm-none-eabi/lib/armv6-m\libg_s.a(lib_a-init.o)
 .ARM.attributes
                0x000005bd       0x2c r:/freescale/kds_v3/toolchain/bin/../lib/gcc/arm-none-eabi/4.8.4/../../../../arm-none-eabi/lib/armv6-m\libg_s.a(lib_a-memset.o)
 .ARM.attributes
                0x000005e9       0x2c r:/freescale/kds_v3/toolchain/bin/../lib/gcc/arm-none-eabi/4.8.4/../../../../arm-none-eabi/lib/armv6-m\libg_s.a(lib_a-sprintf.o)
 .ARM.attributes
                0x00000615       0x2c r:/freescale/kds_v3/toolchain/bin/../lib/gcc/arm-none-eabi/4.8.4/../../../../arm-none-eabi/lib/armv6-m\libg_s.a(lib_a-svfprintf.o)
 .ARM.attributes
                0x00000641       0x2c r:/freescale/kds_v3/toolchain/bin/../lib/gcc/arm-none-eabi/4.8.4/../../../../arm-none-eabi/lib/armv6-m\libg_s.a(lib_a-vfprintf_i.o)
 .ARM.attributes
                0x0000066d       0x2c r:/freescale/kds_v3/toolchain/bin/../lib/gcc/arm-none-eabi/4.8.4/../../../../arm-none-eabi/lib/armv6-m\libg_s.a(lib_a-memchr-stub.o)
 .ARM.attributes
                0x00000699       0x2c r:/freescale/kds_v3/toolchain/bin/../lib/gcc/arm-none-eabi/4.8.4/../../../../arm-none-eabi/lib/armv6-m\libg_s.a(lib_a-memcpy-stub.o)
 .ARM.attributes
                0x000006c5       0x2c r:/freescale/kds_v3/toolchain/bin/../lib/gcc/arm-none-eabi/4.8.4/../../../../arm-none-eabi/lib/armv6-m\libg_s.a(lib_a-memmove.o)
 .ARM.attributes
                0x000006f1       0x2c r:/freescale/kds_v3/toolchain/bin/../lib/gcc/arm-none-eabi/4.8.4/../../../../arm-none-eabi/lib/armv6-m\libg_s.a(lib_a-nano-freer.o)
 .ARM.attributes
                0x0000071d       0x2c r:/freescale/kds_v3/toolchain/bin/../lib/gcc/arm-none-eabi/4.8.4/../../../../arm-none-eabi/lib/armv6-m\libg_s.a(lib_a-nano-mallocr.o)
 .ARM.attributes
                0x00000749       0x2c r:/freescale/kds_v3/toolchain/bin/../lib/gcc/arm-none-eabi/4.8.4/../../../../arm-none-eabi/lib/armv6-m\libg_s.a(lib_a-nano-reallocr.o)
 .ARM.attributes
                0x00000775       0x2c r:/freescale/kds_v3/toolchain/bin/../lib/gcc/arm-none-eabi/4.8.4/../../../../arm-none-eabi/lib/armv6-m\libg_s.a(lib_a-sbrkr.o)
 .ARM.attributes
                0x000007a1       0x2c r:/freescale/kds_v3/toolchain/bin/../lib/gcc/arm-none-eabi/4.8.4/../../../../arm-none-eabi/lib/armv6-m\libg_s.a(lib_a-strlen.o)
 .ARM.attributes
                0x000007cd       0x2c r:/freescale/kds_v3/toolchain/bin/../lib/gcc/arm-none-eabi/4.8.4/../../../../arm-none-eabi/lib/armv6-m\libg_s.a(lib_a-nano-msizer.o)
 .ARM.attributes
                0x000007f9       0x2c r:/freescale/kds_v3/toolchain/bin/../lib/gcc/arm-none-eabi/4.8.4/../../../../arm-none-eabi/lib/armv6-m\libg_s.a(lib_a-reent.o)
 .ARM.attributes
                0x00000825       0x2c r:/freescale/kds_v3/toolchain/bin/../lib/gcc/arm-none-eabi/4.8.4/../../../../arm-none-eabi/lib/armv6-m\libnosys.a(sbrk.o)
 .ARM.attributes
                0x00000851       0x2c r:/freescale/kds_v3/toolchain/bin/../lib/gcc/arm-none-eabi/4.8.4/../../../../arm-none-eabi/lib/armv6-m\libnosys.a(_exit.o)
 .ARM.attributes
                0x0000087d       0x1e r:/freescale/kds_v3/toolchain/bin/../lib/gcc/arm-none-eabi/4.8.4/armv6-m/crtn.o
OUTPUT(Lab 3.elf elf32-littlearm)

.debug_info     0x00000000     0x633e
 .debug_info    0x00000000      0x9d0 ./Sources/lcd/LCD.o
 .debug_info    0x000009d0       0xd4 ./Sources/lcd/s401.o
 .debug_info    0x00000aa4      0x4b5 ./Sources/TSS/TSS_Sensor.o
 .debug_info    0x00000f59      0xee1 ./Sources/TSS/TSS_SensorTSIL.o
 .debug_info    0x00001e3a     0x1024 ./Sources/TSS/TSS_SystemSetupData.o
 .debug_info    0x00002e5e      0x5f5 ./Sources/Events.o
 .debug_info    0x00003453      0x224 ./Sources/main.o
 .debug_info    0x00003677      0x20a ./Project_Settings/Startup_Code/startup.o
 .debug_info    0x00003881      0x843 ./Generated_Code/Cpu.o
 .debug_info    0x000040c4      0x551 ./Generated_Code/GPIO1.o
 .debug_info    0x00004615      0x3a6 ./Generated_Code/LED_GREEN.o
 .debug_info    0x000049bb      0x3a6 ./Generated_Code/LED_RED.o
 .debug_info    0x00004d61      0x251 ./Generated_Code/PE_LDD.o
 .debug_info    0x00004fb2      0x11f ./Generated_Code/PTC.o
 .debug_info    0x000050d1      0x531 ./Generated_Code/SegLCD1.o
 .debug_info    0x00005602      0x177 ./Generated_Code/TI1.o
 .debug_info    0x00005779      0x606 ./Generated_Code/TSS1.o
 .debug_info    0x00005d7f      0x4b1 ./Generated_Code/TU1.o
 .debug_info    0x00006230      0x10e ./Generated_Code/Vectors.o

.debug_abbrev   0x00000000     0x17dd
 .debug_abbrev  0x00000000      0x25d ./Sources/lcd/LCD.o
 .debug_abbrev  0x0000025d       0x60 ./Sources/lcd/s401.o
 .debug_abbrev  0x000002bd      0x139 ./Sources/TSS/TSS_Sensor.o
 .debug_abbrev  0x000003f6      0x1f0 ./Sources/TSS/TSS_SensorTSIL.o
 .debug_abbrev  0x000005e6      0x133 ./Sources/TSS/TSS_SystemSetupData.o
 .debug_abbrev  0x00000719      0x16a ./Sources/Events.o
 .debug_abbrev  0x00000883      0x104 ./Sources/main.o
 .debug_abbrev  0x00000987      0x11e ./Project_Settings/Startup_Code/startup.o
 .debug_abbrev  0x00000aa5      0x14f ./Generated_Code/Cpu.o
 .debug_abbrev  0x00000bf4      0x1af ./Generated_Code/GPIO1.o
 .debug_abbrev  0x00000da3      0x15f ./Generated_Code/LED_GREEN.o
 .debug_abbrev  0x00000f02      0x15f ./Generated_Code/LED_RED.o
 .debug_abbrev  0x00001061      0x10d ./Generated_Code/PE_LDD.o
 .debug_abbrev  0x0000116e       0x8d ./Generated_Code/PTC.o
 .debug_abbrev  0x000011fb      0x1a5 ./Generated_Code/SegLCD1.o
 .debug_abbrev  0x000013a0       0xdd ./Generated_Code/TI1.o
 .debug_abbrev  0x0000147d      0x15f ./Generated_Code/TSS1.o
 .debug_abbrev  0x000015dc      0x15d ./Generated_Code/TU1.o
 .debug_abbrev  0x00001739       0xa4 ./Generated_Code/Vectors.o

.debug_aranges  0x00000000      0x470
 .debug_aranges
                0x00000000       0xb0 ./Sources/lcd/LCD.o
 .debug_aranges
                0x000000b0       0x18 ./Sources/lcd/s401.o
 .debug_aranges
                0x000000c8       0x30 ./Sources/TSS/TSS_Sensor.o
 .debug_aranges
                0x000000f8       0x78 ./Sources/TSS/TSS_SensorTSIL.o
 .debug_aranges
                0x00000170       0x20 ./Sources/TSS/TSS_SystemSetupData.o
 .debug_aranges
                0x00000190       0x48 ./Sources/Events.o
 .debug_aranges
                0x000001d8       0x28 ./Sources/main.o
 .debug_aranges
                0x00000200       0x50 ./Project_Settings/Startup_Code/startup.o
 .debug_aranges
                0x00000250       0x38 ./Generated_Code/Cpu.o
 .debug_aranges
                0x00000288       0x50 ./Generated_Code/GPIO1.o
 .debug_aranges
                0x000002d8       0x48 ./Generated_Code/LED_GREEN.o
 .debug_aranges
                0x00000320       0x48 ./Generated_Code/LED_RED.o
 .debug_aranges
                0x00000368       0x30 ./Generated_Code/PE_LDD.o
 .debug_aranges
                0x00000398       0x20 ./Generated_Code/PTC.o
 .debug_aranges
                0x000003b8       0x28 ./Generated_Code/SegLCD1.o
 .debug_aranges
                0x000003e0       0x28 ./Generated_Code/TI1.o
 .debug_aranges
                0x00000408       0x28 ./Generated_Code/TSS1.o
 .debug_aranges
                0x00000430       0x28 ./Generated_Code/TU1.o
 .debug_aranges
                0x00000458       0x18 ./Generated_Code/Vectors.o

.debug_ranges   0x00000000      0x330
 .debug_ranges  0x00000000       0xa0 ./Sources/lcd/LCD.o
 .debug_ranges  0x000000a0       0x20 ./Sources/TSS/TSS_Sensor.o
 .debug_ranges  0x000000c0       0x68 ./Sources/TSS/TSS_SensorTSIL.o
 .debug_ranges  0x00000128       0x10 ./Sources/TSS/TSS_SystemSetupData.o
 .debug_ranges  0x00000138       0x38 ./Sources/Events.o
 .debug_ranges  0x00000170       0x18 ./Sources/main.o
 .debug_ranges  0x00000188       0x40 ./Project_Settings/Startup_Code/startup.o
 .debug_ranges  0x000001c8       0x28 ./Generated_Code/Cpu.o
 .debug_ranges  0x000001f0       0x40 ./Generated_Code/GPIO1.o
 .debug_ranges  0x00000230       0x38 ./Generated_Code/LED_GREEN.o
 .debug_ranges  0x00000268       0x38 ./Generated_Code/LED_RED.o
 .debug_ranges  0x000002a0       0x20 ./Generated_Code/PE_LDD.o
 .debug_ranges  0x000002c0       0x10 ./Generated_Code/PTC.o
 .debug_ranges  0x000002d0       0x18 ./Generated_Code/SegLCD1.o
 .debug_ranges  0x000002e8       0x18 ./Generated_Code/TI1.o
 .debug_ranges  0x00000300       0x18 ./Generated_Code/TSS1.o
 .debug_ranges  0x00000318       0x18 ./Generated_Code/TU1.o

.debug_macro    0x00000000    0x19b94
 .debug_macro   0x00000000       0xb2 ./Sources/lcd/LCD.o
 .debug_macro   0x000000b2      0x7f6 ./Sources/lcd/LCD.o
 .debug_macro   0x000008a8       0x16 ./Sources/lcd/LCD.o
 .debug_macro   0x000008be       0x44 ./Sources/lcd/LCD.o
 .debug_macro   0x00000902      0x209 ./Sources/lcd/LCD.o
 .debug_macro   0x00000b0b     0x15ae ./Sources/lcd/LCD.o
 .debug_macro   0x000020b9      0x14e ./Sources/lcd/LCD.o
 .debug_macro   0x00002207       0x64 ./Sources/lcd/LCD.o
 .debug_macro   0x0000226b     0x9005 ./Sources/lcd/LCD.o
 .debug_macro   0x0000b270       0x9a ./Sources/lcd/LCD.o
 .debug_macro   0x0000b30a      0x130 ./Sources/lcd/LCD.o
 .debug_macro   0x0000b43a      0x2e3 ./Sources/lcd/LCD.o
 .debug_macro   0x0000b71d       0x22 ./Sources/lcd/LCD.o
 .debug_macro   0x0000b73f       0x9c ./Sources/lcd/s401.o
 .debug_macro   0x0000b7db       0x10 ./Sources/lcd/s401.o
 .debug_macro   0x0000b7eb      0x124 ./Sources/lcd/s401.o
 .debug_macro   0x0000b90f       0xe8 ./Sources/TSS/TSS_Sensor.o
 .debug_macro   0x0000b9f7       0x19 ./Sources/TSS/TSS_Sensor.o
 .debug_macro   0x0000ba10       0x2d ./Sources/TSS/TSS_Sensor.o
 .debug_macro   0x0000ba3d     0x1216 ./Sources/TSS/TSS_Sensor.o
 .debug_macro   0x0000cc53       0xf2 ./Sources/TSS/TSS_SensorTSIL.o
 .debug_macro   0x0000cd45     0x1210 ./Sources/TSS/TSS_SensorTSIL.o
 .debug_macro   0x0000df55      0x137 ./Sources/TSS/TSS_SystemSetupData.o
 .debug_macro   0x0000e08c      0x17a ./Sources/Events.o
 .debug_macro   0x0000e206       0x94 ./Sources/Events.o
 .debug_macro   0x0000e29a      0x12c ./Sources/Events.o
 .debug_macro   0x0000e3c6       0x46 ./Sources/Events.o
 .debug_macro   0x0000e40c       0x4c ./Sources/Events.o
 .debug_macro   0x0000e458       0x19 ./Sources/Events.o
 .debug_macro   0x0000e471      0x25b ./Sources/Events.o
 .debug_macro   0x0000e6cc       0x4a ./Sources/Events.o
 .debug_macro   0x0000e716       0x1c ./Sources/Events.o
 .debug_macro   0x0000e732       0x18 ./Sources/Events.o
 .debug_macro   0x0000e74a      0x4ea ./Sources/Events.o
 .debug_macro   0x0000ec34       0x74 ./Sources/Events.o
 .debug_macro   0x0000eca8      0x17a ./Sources/main.o
 .debug_macro   0x0000ee22      0x12f ./Project_Settings/Startup_Code/startup.o
 .debug_macro   0x0000ef51       0x58 ./Project_Settings/Startup_Code/startup.o
 .debug_macro   0x0000efa9       0x35 ./Project_Settings/Startup_Code/startup.o
 .debug_macro   0x0000efde       0xa2 ./Project_Settings/Startup_Code/startup.o
 .debug_macro   0x0000f080      0x166 ./Project_Settings/Startup_Code/startup.o
 .debug_macro   0x0000f1e6       0x4a ./Project_Settings/Startup_Code/startup.o
 .debug_macro   0x0000f230       0x52 ./Project_Settings/Startup_Code/startup.o
 .debug_macro   0x0000f282       0x16 ./Project_Settings/Startup_Code/startup.o
 .debug_macro   0x0000f298       0x43 ./Project_Settings/Startup_Code/startup.o
 .debug_macro   0x0000f2db      0x180 ./Project_Settings/Startup_Code/startup.o
 .debug_macro   0x0000f45b      0x2a6 ./Project_Settings/Startup_Code/startup.o
 .debug_macro   0x0000f701       0x10 ./Project_Settings/Startup_Code/startup.o
 .debug_macro   0x0000f711       0x35 ./Project_Settings/Startup_Code/startup.o
 .debug_macro   0x0000f746       0x1f ./Project_Settings/Startup_Code/startup.o
 .debug_macro   0x0000f765       0x16 ./Project_Settings/Startup_Code/startup.o
 .debug_macro   0x0000f77b       0x16 ./Project_Settings/Startup_Code/startup.o
 .debug_macro   0x0000f791       0x29 ./Project_Settings/Startup_Code/startup.o
 .debug_macro   0x0000f7ba       0x10 ./Project_Settings/Startup_Code/startup.o
 .debug_macro   0x0000f7ca      0x20f ./Project_Settings/Startup_Code/startup.o
 .debug_macro   0x0000f9d9     0x8ff9 ./Project_Settings/Startup_Code/startup.o
 .debug_macro   0x000189d2      0x198 ./Generated_Code/Cpu.o
 .debug_macro   0x00018b6a       0xa0 ./Generated_Code/Cpu.o
 .debug_macro   0x00018c0a      0x17c ./Generated_Code/GPIO1.o
 .debug_macro   0x00018d86       0xa6 ./Generated_Code/LED_GREEN.o
 .debug_macro   0x00018e2c       0x46 ./Generated_Code/LED_GREEN.o
 .debug_macro   0x00018e72       0xa6 ./Generated_Code/LED_RED.o
 .debug_macro   0x00018f18      0x160 ./Generated_Code/PE_LDD.o
 .debug_macro   0x00019078       0x92 ./Generated_Code/PTC.o
 .debug_macro   0x0001910a       0x12 ./Generated_Code/PTC.o
 .debug_macro   0x0001911c       0xbc ./Generated_Code/SegLCD1.o
 .debug_macro   0x000191d8       0x12 ./Generated_Code/SegLCD1.o
 .debug_macro   0x000191ea      0x20e ./Generated_Code/SegLCD1.o
 .debug_macro   0x000193f8      0x17e ./Generated_Code/TI1.o
 .debug_macro   0x00019576      0x178 ./Generated_Code/TSS1.o
 .debug_macro   0x000196ee       0xbb ./Generated_Code/TU1.o
 .debug_macro   0x000197a9      0x255 ./Generated_Code/TU1.o
 .debug_macro   0x000199fe      0x196 ./Generated_Code/Vectors.o

.debug_line     0x00000000     0x43bd
 .debug_line    0x00000000      0x494 ./Sources/lcd/LCD.o
 .debug_line    0x00000494      0x22c ./Sources/lcd/s401.o
 .debug_line    0x000006c0      0x34d ./Sources/TSS/TSS_Sensor.o
 .debug_line    0x00000a0d      0x563 ./Sources/TSS/TSS_SensorTSIL.o
 .debug_line    0x00000f70      0x2dc ./Sources/TSS/TSS_SystemSetupData.o
 .debug_line    0x0000124c      0x41d ./Sources/Events.o
 .debug_line    0x00001669      0x3e9 ./Sources/main.o
 .debug_line    0x00001a52      0x3c2 ./Project_Settings/Startup_Code/startup.o
 .debug_line    0x00001e14      0x4bf ./Generated_Code/Cpu.o
 .debug_line    0x000022d3      0x474 ./Generated_Code/GPIO1.o
 .debug_line    0x00002747      0x2b8 ./Generated_Code/LED_GREEN.o
 .debug_line    0x000029ff      0x2b4 ./Generated_Code/LED_RED.o
 .debug_line    0x00002cb3      0x3fc ./Generated_Code/PE_LDD.o
 .debug_line    0x000030af      0x1f9 ./Generated_Code/PTC.o
 .debug_line    0x000032a8      0x294 ./Generated_Code/SegLCD1.o
 .debug_line    0x0000353c      0x3dc ./Generated_Code/TI1.o
 .debug_line    0x00003918      0x3e5 ./Generated_Code/TSS1.o
 .debug_line    0x00003cfd      0x27e ./Generated_Code/TU1.o
 .debug_line    0x00003f7b      0x442 ./Generated_Code/Vectors.o

.debug_str      0x00000000    0x5afa9
 .debug_str     0x00000000    0x374aa ./Sources/lcd/LCD.o
                              0x378bb (size before relaxing)
 .debug_str     0x000374aa       0x16 ./Sources/lcd/s401.o
                              0x37427 (size before relaxing)
 .debug_str     0x000374c0    0x15e9a ./Sources/TSS/TSS_Sensor.o
                              0x4c896 (size before relaxing)
 .debug_str     0x0004d35a      0xb65 ./Sources/TSS/TSS_SensorTSIL.o
                              0x4a11a (size before relaxing)
 .debug_str     0x0004debf     0x10fc ./Sources/TSS/TSS_SystemSetupData.o
                              0x420f5 (size before relaxing)
 .debug_str     0x0004efbb     0x6207 ./Sources/Events.o
                              0x4754a (size before relaxing)
 .debug_str     0x000551c2       0x59 ./Sources/main.o
                              0x46fd9 (size before relaxing)
 .debug_str     0x0005521b     0x268e ./Project_Settings/Startup_Code/startup.o
                              0x3230c (size before relaxing)
 .debug_str     0x000578a9      0x186 ./Generated_Code/Cpu.o
                              0x4725b (size before relaxing)
 .debug_str     0x00057a2f      0x1b0 ./Generated_Code/GPIO1.o
                              0x47204 (size before relaxing)
 .debug_str     0x00057bdf       0xbf ./Generated_Code/LED_GREEN.o
                              0x37ae5 (size before relaxing)
 .debug_str     0x00057c9e       0x9f ./Generated_Code/LED_RED.o
                              0x37abf (size before relaxing)
 .debug_str     0x00057d3d      0x177 ./Generated_Code/PE_LDD.o
                              0x4710f (size before relaxing)
 .debug_str     0x00057eb4       0x21 ./Generated_Code/PTC.o
                              0x36aa9 (size before relaxing)
 .debug_str     0x00057ed5     0x2e0c ./Generated_Code/SegLCD1.o
                              0x39fcf (size before relaxing)
 .debug_str     0x0005ace1       0xa3 ./Generated_Code/TI1.o
                              0x47051 (size before relaxing)
 .debug_str     0x0005ad84      0x125 ./Generated_Code/TSS1.o
                              0x4752f (size before relaxing)
 .debug_str     0x0005aea9       0xe4 ./Generated_Code/TU1.o
                              0x389f9 (size before relaxing)
 .debug_str     0x0005af8d       0x1c ./Generated_Code/Vectors.o
                              0x46fa2 (size before relaxing)

.comment        0x00000000       0xe9
 .comment       0x00000000       0x70 ./Sources/lcd/LCD.o
                                 0x71 (size before relaxing)
 .comment       0x00000000       0x71 ./Sources/lcd/s401.o
 .comment       0x00000000       0x71 ./Sources/TSS/TSS_Sensor.o
 .comment       0x00000000       0x71 ./Sources/TSS/TSS_SensorTSIL.o
 .comment       0x00000000       0x71 ./Sources/TSS/TSS_SystemSetupData.o
 .comment       0x00000000       0x71 ./Sources/Events.o
 .comment       0x00000000       0x71 ./Sources/main.o
 .comment       0x00000000       0x71 ./Project_Settings/Startup_Code/startup.o
 .comment       0x00000000       0x71 ./Generated_Code/Cpu.o
 .comment       0x00000000       0x71 ./Generated_Code/GPIO1.o
 .comment       0x00000000       0x71 ./Generated_Code/LED_GREEN.o
 .comment       0x00000000       0x71 ./Generated_Code/LED_RED.o
 .comment       0x00000000       0x71 ./Generated_Code/PE_LDD.o
 .comment       0x00000000       0x71 ./Generated_Code/PTC.o
 .comment       0x00000000       0x71 ./Generated_Code/SegLCD1.o
 .comment       0x00000000       0x71 ./Generated_Code/TI1.o
 .comment       0x00000000       0x71 ./Generated_Code/TSS1.o
 .comment       0x00000000       0x71 ./Generated_Code/TU1.o
 .comment       0x00000000       0x71 ./Generated_Code/Vectors.o
 .comment       0x00000070       0x79 M:\Users\cetho\workspace.kds\Lab 3\Sources\TSS\libTSS_KXX_M0.a(TSS_ASliderDecoder.o)
                                 0x7a (size before relaxing)
 .comment       0x00000000       0x7a M:\Users\cetho\workspace.kds\Lab 3\Sources\TSS\libTSS_KXX_M0.a(TSS_Filters.o)
 .comment       0x00000000       0x7a M:\Users\cetho\workspace.kds\Lab 3\Sources\TSS\libTSS_KXX_M0.a(TSS_KeyDetector.o)
 .comment       0x00000000       0x7a M:\Users\cetho\workspace.kds\Lab 3\Sources\TSS\libTSS_KXX_M0.a(TSS_Main.o)

.debug_frame    0x00000000      0xf0c
 .debug_frame   0x00000000      0x25c ./Sources/lcd/LCD.o
 .debug_frame   0x0000025c       0x70 ./Sources/TSS/TSS_Sensor.o
 .debug_frame   0x000002cc      0x190 ./Sources/TSS/TSS_SensorTSIL.o
 .debug_frame   0x0000045c       0x30 ./Sources/TSS/TSS_SystemSetupData.o
 .debug_frame   0x0000048c       0xc8 ./Sources/Events.o
 .debug_frame   0x00000554       0x48 ./Sources/main.o
 .debug_frame   0x0000059c       0xd0 ./Project_Settings/Startup_Code/startup.o
 .debug_frame   0x0000066c       0x80 ./Generated_Code/Cpu.o
 .debug_frame   0x000006ec       0xf0 ./Generated_Code/GPIO1.o
 .debug_frame   0x000007dc       0xd0 ./Generated_Code/LED_GREEN.o
 .debug_frame   0x000008ac       0xd0 ./Generated_Code/LED_RED.o
 .debug_frame   0x0000097c       0x6c ./Generated_Code/PE_LDD.o
 .debug_frame   0x000009e8       0x2c ./Generated_Code/PTC.o
 .debug_frame   0x00000a14       0x54 ./Generated_Code/SegLCD1.o
 .debug_frame   0x00000a68       0x50 ./Generated_Code/TI1.o
 .debug_frame   0x00000ab8       0x4c ./Generated_Code/TSS1.o
 .debug_frame   0x00000b04       0x50 ./Generated_Code/TU1.o
 .debug_frame   0x00000b54       0x20 r:/freescale/kds_v3/toolchain/bin/../lib/gcc/arm-none-eabi/4.8.4/armv6-m\libgcc.a(_udivsi3.o)
 .debug_frame   0x00000b74       0x20 r:/freescale/kds_v3/toolchain/bin/../lib/gcc/arm-none-eabi/4.8.4/armv6-m\libgcc.a(_divsi3.o)
 .debug_frame   0x00000b94       0x28 r:/freescale/kds_v3/toolchain/bin/../lib/gcc/arm-none-eabi/4.8.4/../../../../arm-none-eabi/lib/armv6-m\libg_s.a(lib_a-exit.o)
 .debug_frame   0x00000bbc       0x2c r:/freescale/kds_v3/toolchain/bin/../lib/gcc/arm-none-eabi/4.8.4/../../../../arm-none-eabi/lib/armv6-m\libg_s.a(lib_a-init.o)
 .debug_frame   0x00000be8       0x20 r:/freescale/kds_v3/toolchain/bin/../lib/gcc/arm-none-eabi/4.8.4/../../../../arm-none-eabi/lib/armv6-m\libg_s.a(lib_a-memset.o)
 .debug_frame   0x00000c08       0x4c r:/freescale/kds_v3/toolchain/bin/../lib/gcc/arm-none-eabi/4.8.4/../../../../arm-none-eabi/lib/armv6-m\libg_s.a(lib_a-sprintf.o)
 .debug_frame   0x00000c54       0x74 r:/freescale/kds_v3/toolchain/bin/../lib/gcc/arm-none-eabi/4.8.4/../../../../arm-none-eabi/lib/armv6-m\libg_s.a(lib_a-svfprintf.o)
 .debug_frame   0x00000cc8       0x54 r:/freescale/kds_v3/toolchain/bin/../lib/gcc/arm-none-eabi/4.8.4/../../../../arm-none-eabi/lib/armv6-m\libg_s.a(lib_a-vfprintf_i.o)
 .debug_frame   0x00000d1c       0x20 r:/freescale/kds_v3/toolchain/bin/../lib/gcc/arm-none-eabi/4.8.4/../../../../arm-none-eabi/lib/armv6-m\libg_s.a(lib_a-memchr-stub.o)
 .debug_frame   0x00000d3c       0x28 r:/freescale/kds_v3/toolchain/bin/../lib/gcc/arm-none-eabi/4.8.4/../../../../arm-none-eabi/lib/armv6-m\libg_s.a(lib_a-memcpy-stub.o)
 .debug_frame   0x00000d64       0x2c r:/freescale/kds_v3/toolchain/bin/../lib/gcc/arm-none-eabi/4.8.4/../../../../arm-none-eabi/lib/armv6-m\libg_s.a(lib_a-memmove.o)
 .debug_frame   0x00000d90       0x2c r:/freescale/kds_v3/toolchain/bin/../lib/gcc/arm-none-eabi/4.8.4/../../../../arm-none-eabi/lib/armv6-m\libg_s.a(lib_a-nano-freer.o)
 .debug_frame   0x00000dbc       0x2c r:/freescale/kds_v3/toolchain/bin/../lib/gcc/arm-none-eabi/4.8.4/../../../../arm-none-eabi/lib/armv6-m\libg_s.a(lib_a-nano-mallocr.o)
 .debug_frame   0x00000de8       0x30 r:/freescale/kds_v3/toolchain/bin/../lib/gcc/arm-none-eabi/4.8.4/../../../../arm-none-eabi/lib/armv6-m\libg_s.a(lib_a-nano-reallocr.o)
 .debug_frame   0x00000e18       0x2c r:/freescale/kds_v3/toolchain/bin/../lib/gcc/arm-none-eabi/4.8.4/../../../../arm-none-eabi/lib/armv6-m\libg_s.a(lib_a-sbrkr.o)
 .debug_frame   0x00000e44       0x20 r:/freescale/kds_v3/toolchain/bin/../lib/gcc/arm-none-eabi/4.8.4/../../../../arm-none-eabi/lib/armv6-m\libg_s.a(lib_a-strlen.o)
 .debug_frame   0x00000e64       0x20 r:/freescale/kds_v3/toolchain/bin/../lib/gcc/arm-none-eabi/4.8.4/../../../../arm-none-eabi/lib/armv6-m\libg_s.a(lib_a-nano-msizer.o)
 .debug_frame   0x00000e84       0x48 r:/freescale/kds_v3/toolchain/bin/../lib/gcc/arm-none-eabi/4.8.4/../../../../arm-none-eabi/lib/armv6-m\libg_s.a(lib_a-reent.o)
 .debug_frame   0x00000ecc       0x20 r:/freescale/kds_v3/toolchain/bin/../lib/gcc/arm-none-eabi/4.8.4/../../../../arm-none-eabi/lib/armv6-m\libnosys.a(sbrk.o)
 .debug_frame   0x00000eec       0x20 r:/freescale/kds_v3/toolchain/bin/../lib/gcc/arm-none-eabi/4.8.4/../../../../arm-none-eabi/lib/armv6-m\libnosys.a(_exit.o)
