Archive member included because of file (symbol)

M:\Users\cetho\workspace.kds\Lab 3\Sources\TSS\libTSS_KXX_M0.a(TSS_ASliderDecoder.o)
                              ./Sources/TSS/TSS_SystemSetupData.o (TSS_ASliderDecoder)
M:\Users\cetho\workspace.kds\Lab 3\Sources\TSS\libTSS_KXX_M0.a(TSS_Filters.o)
                              ./Sources/TSS/TSS_SystemSetupData.o (TSS_KeyDetectorInitPrevCapSample)
M:\Users\cetho\workspace.kds\Lab 3\Sources\TSS\libTSS_KXX_M0.a(TSS_KeyDetector.o)
                              ./Sources/TSS/TSS_SystemSetupData.o (TSS_KeyDetectorRecalibrationRequest)
M:\Users\cetho\workspace.kds\Lab 3\Sources\TSS\libTSS_KXX_M0.a(TSS_Main.o)
                              ./Generated_Code/TSS1.o (TSS_Init)
r:/freescale/kds_v3/toolchain/bin/../lib/gcc/arm-none-eabi/4.8.4/armv6-m\libgcc.a(_udivsi3.o)
                              M:\Users\cetho\workspace.kds\Lab 3\Sources\TSS\libTSS_KXX_M0.a(TSS_ASliderDecoder.o) (__aeabi_uidiv)
r:/freescale/kds_v3/toolchain/bin/../lib/gcc/arm-none-eabi/4.8.4/armv6-m\libgcc.a(_divsi3.o)
                              M:\Users\cetho\workspace.kds\Lab 3\Sources\TSS\libTSS_KXX_M0.a(TSS_ASliderDecoder.o) (__aeabi_idiv)
r:/freescale/kds_v3/toolchain/bin/../lib/gcc/arm-none-eabi/4.8.4/armv6-m\libgcc.a(_dvmd_tls.o)
                              r:/freescale/kds_v3/toolchain/bin/../lib/gcc/arm-none-eabi/4.8.4/armv6-m\libgcc.a(_udivsi3.o) (__aeabi_idiv0)
r:/freescale/kds_v3/toolchain/bin/../lib/gcc/arm-none-eabi/4.8.4/../../../../arm-none-eabi/lib/armv6-m\libg_s.a(lib_a-exit.o)
                              r:/freescale/kds_v3/toolchain/bin/../lib/gcc/arm-none-eabi/4.8.4/../../../../arm-none-eabi/lib/armv6-m/crt0.o (exit)
r:/freescale/kds_v3/toolchain/bin/../lib/gcc/arm-none-eabi/4.8.4/../../../../arm-none-eabi/lib/armv6-m\libg_s.a(lib_a-impure.o)
                              r:/freescale/kds_v3/toolchain/bin/../lib/gcc/arm-none-eabi/4.8.4/../../../../arm-none-eabi/lib/armv6-m\libg_s.a(lib_a-exit.o) (_global_impure_ptr)
r:/freescale/kds_v3/toolchain/bin/../lib/gcc/arm-none-eabi/4.8.4/../../../../arm-none-eabi/lib/armv6-m\libg_s.a(lib_a-init.o)
                              r:/freescale/kds_v3/toolchain/bin/../lib/gcc/arm-none-eabi/4.8.4/../../../../arm-none-eabi/lib/armv6-m/crt0.o (__libc_init_array)
r:/freescale/kds_v3/toolchain/bin/../lib/gcc/arm-none-eabi/4.8.4/../../../../arm-none-eabi/lib/armv6-m\libg_s.a(lib_a-memset.o)
                              r:/freescale/kds_v3/toolchain/bin/../lib/gcc/arm-none-eabi/4.8.4/../../../../arm-none-eabi/lib/armv6-m/crt0.o (memset)
r:/freescale/kds_v3/toolchain/bin/../lib/gcc/arm-none-eabi/4.8.4/../../../../arm-none-eabi/lib/armv6-m\libg_s.a(lib_a-sprintf.o)
                              ./Sources/main.o (sprintf)
r:/freescale/kds_v3/toolchain/bin/../lib/gcc/arm-none-eabi/4.8.4/../../../../arm-none-eabi/lib/armv6-m\libg_s.a(lib_a-svfprintf.o)
                              r:/freescale/kds_v3/toolchain/bin/../lib/gcc/arm-none-eabi/4.8.4/../../../../arm-none-eabi/lib/armv6-m\libg_s.a(lib_a-sprintf.o) (_svfprintf_r)
r:/freescale/kds_v3/toolchain/bin/../lib/gcc/arm-none-eabi/4.8.4/../../../../arm-none-eabi/lib/armv6-m\libg_s.a(lib_a-vfprintf_i.o)
                              r:/freescale/kds_v3/toolchain/bin/../lib/gcc/arm-none-eabi/4.8.4/../../../../arm-none-eabi/lib/armv6-m\libg_s.a(lib_a-svfprintf.o) (_printf_i)
r:/freescale/kds_v3/toolchain/bin/../lib/gcc/arm-none-eabi/4.8.4/../../../../arm-none-eabi/lib/armv6-m\libg_s.a(lib_a-memchr-stub.o)
                              r:/freescale/kds_v3/toolchain/bin/../lib/gcc/arm-none-eabi/4.8.4/../../../../arm-none-eabi/lib/armv6-m\libg_s.a(lib_a-svfprintf.o) (memchr)
r:/freescale/kds_v3/toolchain/bin/../lib/gcc/arm-none-eabi/4.8.4/../../../../arm-none-eabi/lib/armv6-m\libg_s.a(lib_a-memcpy-stub.o)
                              r:/freescale/kds_v3/toolchain/bin/../lib/gcc/arm-none-eabi/4.8.4/../../../../arm-none-eabi/lib/armv6-m\libg_s.a(lib_a-svfprintf.o) (memcpy)
r:/freescale/kds_v3/toolchain/bin/../lib/gcc/arm-none-eabi/4.8.4/../../../../arm-none-eabi/lib/armv6-m\libg_s.a(lib_a-memmove.o)
                              r:/freescale/kds_v3/toolchain/bin/../lib/gcc/arm-none-eabi/4.8.4/../../../../arm-none-eabi/lib/armv6-m\libg_s.a(lib_a-svfprintf.o) (memmove)
r:/freescale/kds_v3/toolchain/bin/../lib/gcc/arm-none-eabi/4.8.4/../../../../arm-none-eabi/lib/armv6-m\libg_s.a(lib_a-nano-freer.o)
                              r:/freescale/kds_v3/toolchain/bin/../lib/gcc/arm-none-eabi/4.8.4/../../../../arm-none-eabi/lib/armv6-m\libg_s.a(lib_a-svfprintf.o) (_free_r)
r:/freescale/kds_v3/toolchain/bin/../lib/gcc/arm-none-eabi/4.8.4/../../../../arm-none-eabi/lib/armv6-m\libg_s.a(lib_a-nano-mallocr.o)
                              r:/freescale/kds_v3/toolchain/bin/../lib/gcc/arm-none-eabi/4.8.4/../../../../arm-none-eabi/lib/armv6-m\libg_s.a(lib_a-svfprintf.o) (_malloc_r)
r:/freescale/kds_v3/toolchain/bin/../lib/gcc/arm-none-eabi/4.8.4/../../../../arm-none-eabi/lib/armv6-m\libg_s.a(lib_a-nano-reallocr.o)
[...]
Memory Configuration

Name             Origin             Length             Attributes
m_interrupts     0x00000000         0x000000c0         xr
m_text           0x00000410         0x0003fbf0         xr
m_data           0x1fffe000         0x00008000         rw
m_cfmprotrom     0x00000400         0x00000010         xr
*default*        0x00000000         0xffffffff

Linker script and memory map

LOAD r:/freescale/kds_v3/toolchain/bin/../lib/gcc/arm-none-eabi/4.8.4/armv6-m/crti.o
LOAD r:/freescale/kds_v3/toolchain/bin/../lib/gcc/arm-none-eabi/4.8.4/armv6-m/crtbegin.o
LOAD r:/freescale/kds_v3/toolchain/bin/../lib/gcc/arm-none-eabi/4.8.4/../../../../arm-none-eabi/lib/armv6-m/crt0.o
LOAD ./Sources/lcd/LCD.o
LOAD ./Sources/lcd/s401.o
LOAD ./Sources/TSS/TSS_Freemaster.o
LOAD ./Sources/TSS/TSS_Sensor.o
LOAD ./Sources/TSS/TSS_SensorGPIO.o
LOAD ./Sources/TSS/TSS_SensorTSI.o
LOAD ./Sources/TSS/TSS_SensorTSIL.o
LOAD ./Sources/TSS/TSS_SystemSetupData.o
LOAD ./Sources/Events.o
LOAD ./Sources/helper.o
LOAD ./Sources/main.o
LOAD ./Project_Settings/Startup_Code/startup.o
LOAD ./Generated_Code/Cpu.o
LOAD ./Generated_Code/GPIO1.o
LOAD ./Generated_Code/GPIO2.o
LOAD ./Generated_Code/LED_GREEN.o
LOAD ./Generated_Code/LED_RED.o
LOAD ./Generated_Code/PE_LDD.o
LOAD ./Generated_Code/PTC.o
LOAD ./Generated_Code/SegLCD1.o
LOAD ./Generated_Code/TI1.o
LOAD ./Generated_Code/TSS1.o
LOAD ./Generated_Code/TU1.o
LOAD ./Generated_Code/Vectors.o
LOAD M:\Users\cetho\workspace.kds\Lab 3\Sources\TSS\libTSS_KXX_M0.a
LOAD r:/freescale/kds_v3/toolchain/bin/../lib/gcc/arm-none-eabi/4.8.4/../../../../arm-none-eabi/lib/armv6-m\libstdc++_s.a
LOAD r:/freescale/kds_v3/toolchain/bin/../lib/gcc/arm-none-eabi/4.8.4/../../../../arm-none-eabi/lib/armv6-m\libm.a
START GROUP
LOAD r:/freescale/kds_v3/toolchain/bin/../lib/gcc/arm-none-eabi/4.8.4/armv6-m\libgcc.a
LOAD r:/freescale/kds_v3/toolchain/bin/../lib/gcc/arm-none-eabi/4.8.4/../../../../arm-none-eabi/lib/armv6-m\libg_s.a
LOAD r:/freescale/kds_v3/toolchain/bin/../lib/gcc/arm-none-eabi/4.8.4/../../../../arm-none-eabi/lib/armv6-m\libc_s.a
END GROUP
START GROUP
LOAD r:/freescale/kds_v3/toolchain/bin/../lib/gcc/arm-none-eabi/4.8.4/armv6-m\libgcc.a
LOAD r:/freescale/kds_v3/toolchain/bin/../lib/gcc/arm-none-eabi/4.8.4/../../../../arm-none-eabi/lib/armv6-m\libc_s.a
LOAD r:/freescale/kds_v3/toolchain/bin/../lib/gcc/arm-none-eabi/4.8.4/../../../../arm-none-eabi/lib/armv6-m\libnosys.a
END GROUP
START GROUP
LOAD r:/freescale/kds_v3/toolchain/bin/../lib/gcc/arm-none-eabi/4.8.4/armv6-m\libgcc.a
LOAD r:/freescale/kds_v3/toolchain/bin/../lib/gcc/arm-none-eabi/4.8.4/../../../../arm-none-eabi/lib/armv6-m\libc_s.a
LOAD r:/freescale/kds_v3/toolchain/bin/../lib/gcc/arm-none-eabi/4.8.4/../../../../arm-none-eabi/lib/armv6-m\libnosys.a
END GROUP
LOAD r:/freescale/kds_v3/toolchain/bin/../lib/gcc/arm-none-eabi/4.8.4/armv6-m/crtend.o
LOAD r:/freescale/kds_v3/toolchain/bin/../lib/gcc/arm-none-eabi/4.8.4/armv6-m/crtn.o
                0x20006000                _estack = 0x20006000
                0x20006000                __SP_INIT = _estack
                0x20006000                __stack = _estack
                0x00000000                __heap_size = 0x0
                0x00000400                __stack_size = 0x400

.interrupts     0x00000000       0xc0
                0x00000000                __vector_table = .
                0x00000000                . = ALIGN (0x4)
 *(.vectortable)
 .vectortable   0x00000000       0xc0 ./Generated_Code/Vectors.o
                0x00000000                __vect_table
                0x000000c0                . = ALIGN (0x4)

.cfmprotect     0x00000400       0x10
                0x00000400                . = ALIGN (0x4)
 *(.cfmconfig)
 .cfmconfig     0x00000400       0x10 ./Generated_Code/Cpu.o
                0x00000400                _cfm
                0x00000410                . = ALIGN (0x4)

.text           0x00000410     0x5830
                0x00000410                . = ALIGN (0x4)
 *(.text)
 .text          0x00000410       0x60 r:/freescale/kds_v3/toolchain/bin/../lib/gcc/arm-none-eabi/4.8.4/armv6-m/crtbegin.o
 .text          0x00000470       0x78 r:/freescale/kds_v3/toolchain/bin/../lib/gcc/arm-none-eabi/4.8.4/../../../../arm-none-eabi/lib/armv6-m/crt0.o
                0x00000470                _start
                0x00000470                _mainCRTStartup
 .text          0x000004e8       0x1c ./Sources/helper.o
                0x000004e8                timerUpdate
                0x000004fa                timerDoneCheck
 .text          0x00000504      0x7c0 M:\Users\cetho\workspace.kds\Lab 3\Sources\TSS\libTSS_KXX_M0.a(TSS_ASliderDecoder.o)
                0x00000504                TSS_ASliderDecoder
                0x000009dc                TSS_ASliderCalculatePosIIRFilter
                0x00000a34                TSS_ASliderDelayControl
                0x00000aac                TSS_ASliderTrendThreshold
                0x00000ad8                TSS_ASliderTrendControl
                0x00000bb4                TSS_SetASliderConfig
                0x00000cac                TSS_GetASliderConfig
 .text          0x00000cc4      0x5f4 M:\Users\cetho\workspace.kds\Lab 3\Sources\TSS\libTSS_KXX_M0.a(TSS_Filters.o)
                0x00000d74                TSS_u16NoiseAmplitudeFilter
                0x00000da6                TSS_i8NoiseAmplitudeFilter
                0x00000dda                TSS_ShieldEquation
                0x00000e40                TSS_KeyDetectorInitPrevCapSample
                0x00000e54                TSS_KeyDetectorCalculateIIRFilter
                0x00000e68                TSS_KeyDetectorCalculateShielding
                0x00000e7c                TSS_KeyDetectorSignalDivider
                0x00000e98                TSS_KeyDetectorSignalMultiplier
                0x00000ec8                TSS_AutoCalibration
                0x000010d4                TSS_DeltaNoiseAnalysisBufferControl
                0x0000123c                TSS_DeltaNoiseAnalysisIIRControl
 .text          0x000012b8      0xcd8 M:\Users\cetho\workspace.kds\Lab 3\Sources\TSS\libTSS_KXX_M0.a(TSS_KeyDetector.o)
                0x00001336                TSS_KeyDetectorResetElectrodeDebouncing
                0x00001354                TSS_KeyDetectorResetElectrode
                0x00001374                TSS_KeyDetectorRestartElectrode
                0x00001464                TSS_KeyDetectorRecalibrationRequest
                0x00001476                TSS_KeyDetectorRecalibrateModules
                0x000014c8                TSS_KeyDetectorGetGroupCounter
                0x000014f4                TSS_KeyDetectorDecoderDataInit
                0x00001568                TSS_KeyDetectorInit
                0x0000158c                TSS_KeyDetectorResetElectrodeMeasured
                0x000015b8                TSS_KeyDetectorFillDeltaLogBuffer
                0x000015d0                TSS_KeyDetectorFillSignalLogBuffer
                0x000015e4                TSS_KeyDetectorStuckKeyControl
                0x00001630                TSS_KeyDetectorResetStuckKeyCounter
                0x0000163c                TSS_KeyDetectorDetect
                0x0000181c                TSS_KeyDetectorDetectDecoder
                0x00001880                TSS_KeyDetectorNegativeBaselineDrop
                0x00001910                TSS_KeyDetectorCalibrate
                0x00001944                TSS_KeyDetectorCalculateDelta
                0x00001c10                TSS_KeyDetectorMainSequenced
                0x00001db0                TSS_KeyDetectorMain
                0x00001f60                TSS_KeyDetectorSetControlIdle
 .text          0x00001f90      0x9ac M:\Users\cetho\workspace.kds\Lab 3\Sources\TSS\libTSS_KXX_M0.a(TSS_Main.o)
                0x00001f90                TSS_InitRegisterArrays
                0x00001fe0                TSS_InitInternalArrays
                0x00002094                TSS_Init
                0x00002114                TSS_DataCorruptionCheck
                0x000021b8                TSS_ExecuteDecoders
                0x00002244                TSS_FaultEvaluation
                0x000022a4                TSS_TriggerControl
                0x000022f8                TSS_Task
                0x0000238c                TSS_TaskSeq
                0x00002420                TSS_SetControlPrivateData
                0x0000242c                TSS_GetControlPrivateData
                0x00002438                TSS_GetControlStruct
                0x00002444                TSS_GetControlElectrodeNumber
                0x00002464                TSS_GetControlFirstElectrodeIndex
                0x00002478                TSS_GetControlLastElectrodeIndex
                0x00002488                TSS_TriggerConfig
                0x0000250c                TSS_LowPowerConfig
                0x000025d0                TSS_ProximityConfig
                0x00002628                TSS_SetSystemConfig
                0x00002868                TSS_GetSystemConfig
 .text          0x0000293c       0x9c r:/freescale/kds_v3/toolchain/bin/../lib/gcc/arm-none-eabi/4.8.4/armv6-m\libgcc.a(_udivsi3.o)
                0x0000293c                __aeabi_uidiv
                0x0000293c                __udivsi3
                0x000029c4                __aeabi_uidivmod
 .text          0x000029d8       0xc0 r:/freescale/kds_v3/toolchain/bin/../lib/gcc/arm-none-eabi/4.8.4/armv6-m\libgcc.a(_divsi3.o)
                0x000029d8                __divsi3
                0x000029d8                __aeabi_idiv
                0x00002a84                __aeabi_idivmod
 .text          0x00002a98        0x4 r:/freescale/kds_v3/toolchain/bin/../lib/gcc/arm-none-eabi/4.8.4/armv6-m\libgcc.a(_dvmd_tls.o)
                0x00002a98                __aeabi_idiv0
                0x00002a98                __aeabi_ldiv0
 *(.text*)
 .text.vfnLCD_Write_Msg
                0x00002a9c       0x74 ./Sources/lcd/LCD.o
                0x00002a9c                vfnLCD_Write_Msg
 .text.vfnLCD_All_Segments_OFF
                0x00002b10       0x48 ./Sources/lcd/LCD.o
                0x00002b10                vfnLCD_All_Segments_OFF
 .text.vfnLCD_Write_Char
                0x00002b58      0x120 ./Sources/lcd/LCD.o
                0x00002b58                vfnLCD_Write_Char
 .text.TSS_SensorInit
                0x00002c78      0x13c ./Sources/TSS/TSS_Sensor.o
                0x00002c78                TSS_SensorInit
 .text.TSIL_InitModule
                0x00002db4       0x38 ./Sources/TSS/TSS_SensorTSIL.o
                0x00002db4                TSIL_InitModule
 .text.TSIL_SetNSamples
                0x00002dec       0x68 ./Sources/TSS/TSS_SensorTSIL.o
                0x00002dec                TSIL_SetNSamples
 .text.TSIL_InitLowPower
                0x00002e54       0x90 ./Sources/TSS/TSS_SensorTSIL.o
                0x00002e54                TSIL_InitLowPower
 .text.TSIL_InitPEN
                0x00002ee4      0x248 ./Sources/TSS/TSS_SensorTSIL.o
                0x00002ee4                TSIL_InitPEN
 .text.TSIL_Recalibrate
                0x0000312c      0x5cc ./Sources/TSS/TSS_SensorTSIL.o
                0x0000312c                TSIL_Recalibrate
 .text.TSIL_InitThresholds
                0x000036f8      0x118 ./Sources/TSS/TSS_SensorTSIL.o
                0x000036f8                TSIL_InitThresholds
 .text.TSIL_InitTrigger
                0x00003810      0x1b8 ./Sources/TSS/TSS_SensorTSIL.o
                0x00003810                TSIL_InitTrigger
 .text.TSIL_MethodControl
                0x000039c8      0x364 ./Sources/TSS/TSS_SensorTSIL.o
                0x000039c8                TSIL_MethodControl
 .text.TSIL_ReadCounter
                0x00003d2c       0xd0 ./Sources/TSS/TSS_SensorTSIL.o
                0x00003d2c                TSIL_ReadCounter
 .text.TSIL_HandleMeasurement
                0x00003dfc       0xf8 ./Sources/TSS/TSS_SensorTSIL.o
                0x00003dfc                TSIL_HandleMeasurement
 .text.TSIL_SampleElectrode
                0x00003ef4      0x1d8 ./Sources/TSS/TSS_SensorTSIL.o
                0x00003ef4                TSIL_SampleElectrode
 .text.TSS_TSI0Isr
                0x000040cc      0x1a4 ./Sources/TSS/TSS_SensorTSIL.o
                0x000040cc                TSS_TSI0Isr
 .text.TSS_IIRFilterEquation
                0x00004270       0x3c ./Sources/TSS/TSS_SystemSetupData.o
                0x00004270                TSS_IIRFilterEquation
 .text.Cpu_OnNMIINT
                0x000042ac        0x8 ./Sources/Events.o
                0x000042ac                Cpu_OnNMIINT
 .text.TI1_OnInterrupt
                0x000042b4       0x14 ./Sources/Events.o
                0x000042b4                TI1_OnInterrupt
 .text.GPIO1_OnPortEvent
                0x000042c8       0x14 ./Sources/Events.o
                0x000042c8                GPIO1_OnPortEvent
 .text.TSS1_fOnFault
                0x000042dc       0x3c ./Sources/Events.o
                0x000042dc                TSS1_fOnFault
 .text.TSS1_fOnInit
                0x00004318        0xc ./Sources/Events.o
                0x00004318                TSS1_fOnInit
 .text.TSS1_fCallBack0
                0x00004324       0x50 ./Sources/Events.o
                0x00004324                TSS1_fCallBack0
 .text.GPIO2_OnPortEvent
                0x00004374       0x14 ./Sources/Events.o
                0x00004374                GPIO2_OnPortEvent
 .text.respondToTimerInterrupt
                0x00004388       0xd8 ./Sources/main.o
                0x00004388                respondToTimerInterrupt
 .text.handleLeftButtonPress
                0x00004460       0x24 ./Sources/main.o
                0x00004460                handleLeftButtonPress
 .text.handleRightButtonPress
                0x00004484       0x28 ./Sources/main.o
                0x00004484                handleRightButtonPress
 .text.writeToLCD
                0x000044ac       0x30 ./Sources/main.o
                0x000044ac                writeToLCD
 .text.main     0x000044dc       0x70 ./Sources/main.o
                0x000044dc                main
 .text.__copy_rom_section
                0x0000454c       0xd8 ./Project_Settings/Startup_Code/startup.o
                0x0000454c                __copy_rom_section
 .text.__copy_rom_sections_to_ram
                0x00004624       0x98 ./Project_Settings/Startup_Code/startup.o
                0x00004624                __copy_rom_sections_to_ram
 .text.__init_registers
                0x000046bc        0x8 ./Project_Settings/Startup_Code/startup.o
                0x000046bc                __init_registers
 .text.__init_user
                0x000046c4        0x8 ./Project_Settings/Startup_Code/startup.o
                0x000046c4                __init_user
 .text.__thumb_startup
                0x000046cc       0x30 ./Project_Settings/Startup_Code/startup.o
                0x000046cc                __thumb_startup
 .text.Cpu_ivINT_PORTC_PORTD
                0x000046fc       0x10 ./Generated_Code/Cpu.o
                0x000046fc                Cpu_ivINT_PORTC_PORTD
 .text.Cpu_INT_NMIInterrupt
                0x0000470c        0xc ./Generated_Code/Cpu.o
                0x0000470c                Cpu_INT_NMIInterrupt
 .text.Cpu_Interrupt
                0x00004718        0xc ./Generated_Code/Cpu.o
                0x00004718                Cpu_Interrupt
 .text.__init_hardware
                0x00004724      0x164 ./Generated_Code/Cpu.o
                0x00004724                __init_hardware
 .text.PE_low_level_init
                0x00004888      0x144 ./Generated_Code/Cpu.o
                0x00004888                PE_low_level_init
 .text.GPIO1_Init
                0x000049cc       0xa8 ./Generated_Code/GPIO1.o
                0x000049cc                GPIO1_Init
 .text.GPIO1_Interrupt
                0x00004a74       0x4c ./Generated_Code/GPIO1.o
                0x00004a74                GPIO1_Interrupt
 .text.GPIO2_Init
                0x00004ac0       0xac ./Generated_Code/GPIO2.o
                0x00004ac0                GPIO2_Init
 .text.GPIO2_Interrupt
                0x00004b6c       0x4c ./Generated_Code/GPIO2.o
                0x00004b6c                GPIO2_Interrupt
 .text.LED_GREEN_Init
                0x00004bb8       0x60 ./Generated_Code/LED_GREEN.o
                0x00004bb8                LED_GREEN_Init
 .text.LED_GREEN_SetVal
                0x00004c18       0x18 ./Generated_Code/LED_GREEN.o
                0x00004c18                LED_GREEN_SetVal
 .text.LED_GREEN_NegVal
                0x00004c30       0x18 ./Generated_Code/LED_GREEN.o
                0x00004c30                LED_GREEN_NegVal
 .text.LED_RED_Init
                0x00004c48       0x64 ./Generated_Code/LED_RED.o
                0x00004c48                LED_RED_Init
 .text.LED_RED_SetVal
                0x00004cac       0x1c ./Generated_Code/LED_RED.o
                0x00004cac                LED_RED_SetVal
 .text.LED_RED_NegVal
                0x00004cc8       0x1c ./Generated_Code/LED_RED.o
                0x00004cc8                LED_RED_NegVal
 .text.PTC_Init
                0x00004ce4       0x1c ./Generated_Code/PTC.o
                0x00004ce4                PTC_Init
 .text.SegLCD1_Init
                0x00004d00      0x1a0 ./Generated_Code/SegLCD1.o
                0x00004d00                SegLCD1_Init
 .text.TI1_Init
                0x00004ea0       0x50 ./Generated_Code/TI1.o
                0x00004ea0                TI1_Init
 .text.TU1_OnCounterRestart
                0x00004ef0       0x24 ./Generated_Code/TI1.o
                0x00004ef0                TU1_OnCounterRestart
 .text.TSS1_InitDevices
                0x00004f14       0x44 ./Generated_Code/TSS1.o
                0x00004f14                TSS1_InitDevices
 .text.TSS1_Configure
                0x00004f58      0x158 ./Generated_Code/TSS1.o
                0x00004f58                TSS1_Configure
 .text.TU1_Init
                0x000050b0       0xc0 ./Generated_Code/TU1.o
                0x000050b0                TU1_Init
 .text.TU1_Interrupt
                0x00005170       0x30 ./Generated_Code/TU1.o
                0x00005170                TU1_Interrupt
 .text.exit     0x000051a0       0x2c r:/freescale/kds_v3/toolchain/bin/../lib/gcc/arm-none-eabi/4.8.4/../../../../arm-none-eabi/lib/armv6-m\libg_s.a(lib_a-exit.o)
                0x000051a0                exit
 .text.__libc_init_array
                0x000051cc       0x4c r:/freescale/kds_v3/toolchain/bin/../lib/gcc/arm-none-eabi/4.8.4/../../../../arm-none-eabi/lib/armv6-m\libg_s.a(lib_a-init.o)
                0x000051cc                __libc_init_array
 .text.memset   0x00005218       0x10 r:/freescale/kds_v3/toolchain/bin/../lib/gcc/arm-none-eabi/4.8.4/../../../../arm-none-eabi/lib/armv6-m\libg_s.a(lib_a-memset.o)
                0x00005218                memset
 .text.sprintf  0x00005228       0x44 r:/freescale/kds_v3/toolchain/bin/../lib/gcc/arm-none-eabi/4.8.4/../../../../arm-none-eabi/lib/armv6-m\libg_s.a(lib_a-sprintf.o)
                0x00005228                siprintf
                0x00005228                sprintf
 .text.__ssputs_r
                0x0000526c       0xc0 r:/freescale/kds_v3/toolchain/bin/../lib/gcc/arm-none-eabi/4.8.4/../../../../arm-none-eabi/lib/armv6-m\libg_s.a(lib_a-svfprintf.o)
                0x0000526c                __ssputs_r
 .text._svfprintf_r
                0x0000532c      0x1e0 r:/freescale/kds_v3/toolchain/bin/../lib/gcc/arm-none-eabi/4.8.4/../../../../arm-none-eabi/lib/armv6-m\libg_s.a(lib_a-svfprintf.o)
                0x0000532c                _svfiprintf_r
                0x0000532c                _svfprintf_r
 .text._printf_common
                0x0000550c       0xe8 r:/freescale/kds_v3/toolchain/bin/../lib/gcc/arm-none-eabi/4.8.4/../../../../arm-none-eabi/lib/armv6-m\libg_s.a(lib_a-vfprintf_i.o)
                0x0000550c                _printf_common
 .text._printf_i
                0x000055f4      0x22c r:/freescale/kds_v3/toolchain/bin/../lib/gcc/arm-none-eabi/4.8.4/../../../../arm-none-eabi/lib/armv6-m\libg_s.a(lib_a-vfprintf_i.o)
                0x000055f4                _printf_i
 .text.memchr   0x00005820       0x16 r:/freescale/kds_v3/toolchain/bin/../lib/gcc/arm-none-eabi/4.8.4/../../../../arm-none-eabi/lib/armv6-m\libg_s.a(lib_a-memchr-stub.o)
                0x00005820                memchr
 .text.memcpy   0x00005836       0x12 r:/freescale/kds_v3/toolchain/bin/../lib/gcc/arm-none-eabi/4.8.4/../../../../arm-none-eabi/lib/armv6-m\libg_s.a(lib_a-memcpy-stub.o)
                0x00005836                memcpy
 .text.memmove  0x00005848       0x32 r:/freescale/kds_v3/toolchain/bin/../lib/gcc/arm-none-eabi/4.8.4/../../../../arm-none-eabi/lib/armv6-m\libg_s.a(lib_a-memmove.o)
                0x00005848                memmove
 *fill*         0x0000587a        0x2 
 .text._free_r  0x0000587c       0x90 r:/freescale/kds_v3/toolchain/bin/../lib/gcc/arm-none-eabi/4.8.4/../../../../arm-none-eabi/lib/armv6-m\libg_s.a(lib_a-nano-freer.o)
                0x0000587c                _free_r
 .text._malloc_r
                0x0000590c       0xa8 r:/freescale/kds_v3/toolchain/bin/../lib/gcc/arm-none-eabi/4.8.4/../../../../arm-none-eabi/lib/armv6-m\libg_s.a(lib_a-nano-mallocr.o)
                0x0000590c                _malloc_r
 .text._realloc_r
                0x000059b4       0x4c r:/freescale/kds_v3/toolchain/bin/../lib/gcc/arm-none-eabi/4.8.4/../../../../arm-none-eabi/lib/armv6-m\libg_s.a(lib_a-nano-reallocr.o)
                0x000059b4                _realloc_r
 .text._sbrk_r  0x00005a00       0x24 r:/freescale/kds_v3/toolchain/bin/../lib/gcc/arm-none-eabi/4.8.4/../../../../arm-none-eabi/lib/armv6-m\libg_s.a(lib_a-sbrkr.o)
                0x00005a00                _sbrk_r
 .text.strlen   0x00005a24        0xe r:/freescale/kds_v3/toolchain/bin/../lib/gcc/arm-none-eabi/4.8.4/../../../../arm-none-eabi/lib/armv6-m\libg_s.a(lib_a-strlen.o)
                0x00005a24                strlen
 .text._malloc_usable_size_r
                0x00005a32       0x12 r:/freescale/kds_v3/toolchain/bin/../lib/gcc/arm-none-eabi/4.8.4/../../../../arm-none-eabi/lib/armv6-m\libg_s.a(lib_a-nano-msizer.o)
                0x00005a32                _malloc_usable_size_r
 .text._sbrk    0x00005a44       0x34 r:/freescale/kds_v3/toolchain/bin/../lib/gcc/arm-none-eabi/4.8.4/../../../../arm-none-eabi/lib/armv6-m\libnosys.a(sbrk.o)
                0x00005a44                _sbrk
 .text._exit    0x00005a78        0x4 r:/freescale/kds_v3/toolchain/bin/../lib/gcc/arm-none-eabi/4.8.4/../../../../arm-none-eabi/lib/armv6-m\libnosys.a(_exit.o)
                0x00005a78                _exit
 *(.rodata)
 .rodata        0x00005a7c        0x8 ./Sources/main.o
 *(.rodata*)
 .rodata.WF_ORDERING_TABLE
                0x00005a84        0xc ./Sources/lcd/s401.o
                0x00005a84                WF_ORDERING_TABLE
 .rodata.ASCII_TO_WF_CODIFICATION_TABLE
                0x00005a90       0x64 ./Sources/lcd/s401.o
                0x00005a90                ASCII_TO_WF_CODIFICATION_TABLE
 .rodata.tss_faSampleElectrode
                0x00005af4        0x8 ./Sources/TSS/TSS_Sensor.o
                0x00005af4                tss_faSampleElectrode
 .rodata.tss_acp8ElectrodeROMData
                0x00005afc        0x8 ./Sources/TSS/TSS_Sensor.o
                0x00005afc                tss_acp8ElectrodeROMData
 .rodata.TSS_TSIL0_METHOD_ROMDATA_CONTEXT
                0x00005b04       0x10 ./Sources/TSS/TSS_SensorTSIL.o
                0x00005b04                TSS_TSIL0_METHOD_ROMDATA_CONTEXT
 .rodata.TSS_E0_ROMDATA_CONTEXT
                0x00005b14        0xc ./Sources/TSS/TSS_SensorTSIL.o
                0x00005b14                TSS_E0_ROMDATA_CONTEXT
 .rodata.TSS_E1_ROMDATA_CONTEXT
                0x00005b20        0xc ./Sources/TSS/TSS_SensorTSIL.o
                0x00005b20                TSS_E1_ROMDATA_CONTEXT
 .rodata.TSS_C0_STRUCTURE_CONTEXT
                0x00005b2c       0x14 ./Sources/TSS/TSS_SystemSetupData.o
                0x00005b2c                TSS_C0_STRUCTURE_CONTEXT
 .rodata.tss_faCallback
                0x00005b40        0x4 ./Sources/TSS/TSS_SystemSetupData.o
                0x00005b40                tss_faCallback
 .rodata.tss_acpsDecContext
                0x00005b44        0x4 ./Sources/TSS/TSS_SystemSetupData.o
                0x00005b44                tss_acpsDecContext
 .rodata.tss_acpsCSStructs
                0x00005b48        0x4 ./Sources/TSS/TSS_SystemSetupData.o
                0x00005b48                tss_acpsCSStructs
 .rodata.tss_cau8CntrlElecBound
                0x00005b4c        0x4 ./Sources/TSS/TSS_SystemSetupData.o
                0x00005b4c                tss_cau8CntrlElecBound
 .rodata.tss_faDecoders
                0x00005b50        0x4 ./Sources/TSS/TSS_SystemSetupData.o
                0x00005b50                tss_faDecoders
 .rodata.tss_fExecuteDecoders
                0x00005b54        0x4 ./Sources/TSS/TSS_SystemSetupData.o
                0x00005b54                tss_fExecuteDecoders
 .rodata.tss_fKeyDetectorDetectDecoder
                0x00005b58        0x4 ./Sources/TSS/TSS_SystemSetupData.o
                0x00005b58                tss_fKeyDetectorDetectDecoder
 .rodata.tss_fDecoderDataInit
                0x00005b5c        0x4 ./Sources/TSS/TSS_SystemSetupData.o
                0x00005b5c                tss_fDecoderDataInit
 .rodata.tss_cu8NumElecs
                0x00005b60        0x1 ./Sources/TSS/TSS_SystemSetupData.o
                0x00005b60                tss_cu8NumElecs
 .rodata.tss_cu8NumCtrls
                0x00005b61        0x1 ./Sources/TSS/TSS_SystemSetupData.o
                0x00005b61                tss_cu8NumCtrls
 .rodata.tss_cu8ElecBitFldLn
                0x00005b62        0x1 ./Sources/TSS/TSS_SystemSetupData.o
                0x00005b62                tss_cu8ElecBitFldLn
 .rodata.tss_cu8CtrlBitFldLn
                0x00005b63        0x1 ./Sources/TSS/TSS_SystemSetupData.o
                0x00005b63                tss_cu8CtrlBitFldLn
 .rodata.tss_fCalculateIIRFilter
                0x00005b64        0x4 ./Sources/TSS/TSS_SystemSetupData.o
                0x00005b64                tss_fCalculateIIRFilter
 .rodata.tss_fCalculateShielding
                0x00005b68        0x4 ./Sources/TSS/TSS_SystemSetupData.o
                0x00005b68                tss_fCalculateShielding
 .rodata.tss_fInitPrevCapSample
                0x00005b6c        0x4 ./Sources/TSS/TSS_SystemSetupData.o
                0x00005b6c                tss_fInitPrevCapSample
 .rodata.tss_fFillDeltaLoglBuffer
                0x00005b70        0x4 ./Sources/TSS/TSS_SystemSetupData.o
                0x00005b70                tss_fFillDeltaLoglBuffer
 .rodata.tss_fFillSignalLoglBuffer
                0x00005b74        0x4 ./Sources/TSS/TSS_SystemSetupData.o
                0x00005b74                tss_fFillSignalLoglBuffer
 .rodata.tss_fDataCorruptionCheck
                0x00005b78        0x4 ./Sources/TSS/TSS_SystemSetupData.o
                0x00005b78                tss_fDataCorruptionCheck
 .rodata.tss_fFmstrCall
                0x00005b7c        0x4 ./Sources/TSS/TSS_SystemSetupData.o
                0x00005b7c                tss_fFmstrCall
 .rodata.tss_fTriggerConfig
                0x00005b80        0x4 ./Sources/TSS/TSS_SystemSetupData.o
                0x00005b80                tss_fTriggerConfig
 .rodata.tss_fTriggerControl
                0x00005b84        0x4 ./Sources/TSS/TSS_SystemSetupData.o
                0x00005b84                tss_fTriggerControl
 .rodata.tss_fLowPowerConfig
                0x00005b88        0x4 ./Sources/TSS/TSS_SystemSetupData.o
                0x00005b88                tss_fLowPowerConfig
 .rodata.tss_fOnFault
                0x00005b8c        0x4 ./Sources/TSS/TSS_SystemSetupData.o
                0x00005b8c                tss_fOnFault
 .rodata.tss_fOnInit
                0x00005b90        0x4 ./Sources/TSS/TSS_SystemSetupData.o
                0x00005b90                tss_fOnInit
 .rodata.tss_cu8APosFilterWeight
                0x00005b94        0x1 ./Sources/TSS/TSS_SystemSetupData.o
                0x00005b94                tss_cu8APosFilterWeight
 *fill*         0x00005b95        0x3 
 .rodata.tss_fASliderCalculatePosIIRFilter
                0x00005b98        0x4 ./Sources/TSS/TSS_SystemSetupData.o
                0x00005b98                tss_fASliderCalculatePosIIRFilter
 .rodata.tss_cu8ASliderDelayBufferLength
                0x00005b9c        0x1 ./Sources/TSS/TSS_SystemSetupData.o
                0x00005b9c                tss_cu8ASliderDelayBufferLength
 *fill*         0x00005b9d        0x3 
 .rodata.tss_fASliderDelayControl
                0x00005ba0        0x4 ./Sources/TSS/TSS_SystemSetupData.o
                0x00005ba0                tss_fASliderDelayControl
 .rodata.tss_cu8ASliderTrendBufferLength
                0x00005ba4        0x1 ./Sources/TSS/TSS_SystemSetupData.o
                0x00005ba4                tss_cu8ASliderTrendBufferLength
 .rodata.tss_i8ASliderTrendThreshold
                0x00005ba5        0x1 ./Sources/TSS/TSS_SystemSetupData.o
                0x00005ba5                tss_i8ASliderTrendThreshold
 *fill*         0x00005ba6        0x2 
 .rodata.tss_fASliderTrendThreshold
                0x00005ba8        0x4 ./Sources/TSS/TSS_SystemSetupData.o
                0x00005ba8                tss_fASliderTrendThreshold
 .rodata.tss_fASliderTrendControl
                0x00005bac        0x4 ./Sources/TSS/TSS_SystemSetupData.o
                0x00005bac                tss_fASliderTrendControl
 .rodata.tss_fOnProximity
                0x00005bb0        0x4 ./Sources/TSS/TSS_SystemSetupData.o
                0x00005bb0                tss_fOnProximity
 .rodata.tss_fProximityConfig
                0x00005bb4        0x4 ./Sources/TSS/TSS_SystemSetupData.o
                0x00005bb4                tss_fProximityConfig
 .rodata.tss_fStuckKeyControl
                0x00005bb8        0x4 ./Sources/TSS/TSS_SystemSetupData.o
                0x00005bb8                tss_fStuckKeyControl
 .rodata.tss_fResetStuckKeyCounter
                0x00005bbc        0x4 ./Sources/TSS/TSS_SystemSetupData.o
                0x00005bbc                tss_fResetStuckKeyCounter
 .rodata.tss_fNegativeBaselineDrop
                0x00005bc0        0x4 ./Sources/TSS/TSS_SystemSetupData.o
                0x00005bc0                tss_fNegativeBaselineDrop
 .rodata.tss_fKeyDetectorRecalibrationRequest
                0x00005bc4        0x4 ./Sources/TSS/TSS_SystemSetupData.o
                0x00005bc4                tss_fKeyDetectorRecalibrationRequest
 .rodata.tss_fSignalDivider
                0x00005bc8        0x4 ./Sources/TSS/TSS_SystemSetupData.o
                0x00005bc8                tss_fSignalDivider
 .rodata.tss_fSignalMultiplier
                0x00005bcc        0x4 ./Sources/TSS/TSS_SystemSetupData.o
                0x00005bcc                tss_fSignalMultiplier
 .rodata.tss_fAutoCalibration
                0x00005bd0        0x4 ./Sources/TSS/TSS_SystemSetupData.o
                0x00005bd0                tss_fAutoCalibration
 .rodata.tss_fDeltaNoiseAnalysisBufferControl
                0x00005bd4        0x4 ./Sources/TSS/TSS_SystemSetupData.o
                0x00005bd4                tss_fDeltaNoiseAnalysisBufferControl
 .rodata.tss_fDeltaNoiseAnalysisIIRControl
                0x00005bd8        0x4 ./Sources/TSS/TSS_SystemSetupData.o
                0x00005bd8                tss_fDeltaNoiseAnalysisIIRControl
 .rodata.tss_u8BaselineInitLength
                0x00005bdc        0x1 ./Sources/TSS/TSS_SystemSetupData.o
                0x00005bdc                tss_u8BaselineInitLength
 .rodata.tss_u8AutoCalibInitLength
                0x00005bdd        0x1 ./Sources/TSS/TSS_SystemSetupData.o
                0x00005bdd                tss_u8AutoCalibInitLength
 .rodata.tss_u8DeltaNoiseAnalysisBufferLength
                0x00005bde        0x1 ./Sources/TSS/TSS_SystemSetupData.o
                0x00005bde                tss_u8DeltaNoiseAnalysisBufferLength
 .rodata.tss_i8DeltaNoiseAnalysisIIRWeight1
                0x00005bdf        0x1 ./Sources/TSS/TSS_SystemSetupData.o
                0x00005bdf                tss_i8DeltaNoiseAnalysisIIRWeight1
 .rodata.tss_i8DeltaNoiseAnalysisIIRWeight2
                0x00005be0        0x1 ./Sources/TSS/TSS_SystemSetupData.o
                0x00005be0                tss_i8DeltaNoiseAnalysisIIRWeight2
 *fill*         0x00005be1        0x3 
 .rodata.tss_csASCContext
                0x00005be4        0x8 ./Sources/TSS/TSS_SystemSetupData.o
                0x00005be4                tss_csASCContext
 .rodata.str1.1
                0x00005bec        0x2 r:/freescale/kds_v3/toolchain/bin/../lib/gcc/arm-none-eabi/4.8.4/../../../../arm-none-eabi/lib/armv6-m\libg_s.a(lib_a-impure.o)
 *fill*         0x00005bee        0x2 
 .rodata._global_impure_ptr
                0x00005bf0        0x4 r:/freescale/kds_v3/toolchain/bin/../lib/gcc/arm-none-eabi/4.8.4/../../../../arm-none-eabi/lib/armv6-m\libg_s.a(lib_a-impure.o)
                0x00005bf0                _global_impure_ptr
 .rodata.str1.1
                0x00005bf4       0x11 r:/freescale/kds_v3/toolchain/bin/../lib/gcc/arm-none-eabi/4.8.4/../../../../arm-none-eabi/lib/armv6-m\libg_s.a(lib_a-svfprintf.o)
 .rodata.str1.1
                0x00005c05       0x22 r:/freescale/kds_v3/toolchain/bin/../lib/gcc/arm-none-eabi/4.8.4/../../../../arm-none-eabi/lib/armv6-m\libg_s.a(lib_a-vfprintf_i.o)
 *(.glue_7)
 .glue_7        0x00000000        0x0 linker stubs
 *(.glue_7t)
 .glue_7t       0x00000000        0x0 linker stubs
 *(.eh_frame)
 *fill*         0x00005c27        0x1 
 .eh_frame      0x00005c28        0x0 r:/freescale/kds_v3/toolchain/bin/../lib/gcc/arm-none-eabi/4.8.4/armv6-m/crtbegin.o
 *(.init)
 .init          0x00005c28        0x4 r:/freescale/kds_v3/toolchain/bin/../lib/gcc/arm-none-eabi/4.8.4/armv6-m/crti.o
                0x00005c28                _init
 .init          0x00005c2c        0x8 r:/freescale/kds_v3/toolchain/bin/../lib/gcc/arm-none-eabi/4.8.4/armv6-m/crtn.o
 *(.fini)
 .fini          0x00005c34        0x4 r:/freescale/kds_v3/toolchain/bin/../lib/gcc/arm-none-eabi/4.8.4/armv6-m/crti.o
                0x00005c34                _fini
 .fini          0x00005c38        0x8 r:/freescale/kds_v3/toolchain/bin/../lib/gcc/arm-none-eabi/4.8.4/armv6-m/crtn.o
                0x00005c40                . = ALIGN (0x4)
                0x00005c40                _etext = .

.vfp11_veneer   0x00005c40        0x0
 .vfp11_veneer  0x00000000        0x0 linker stubs

.v4_bx          0x00005c40        0x0
 .v4_bx         0x00000000        0x0 linker stubs

.iplt           0x00005c40        0x0
 .iplt          0x00000000        0x0 r:/freescale/kds_v3/toolchain/bin/../lib/gcc/arm-none-eabi/4.8.4/armv6-m/crtbegin.o

.ARM.extab
 *(.ARM.extab* .gnu.linkonce.armextab.*)

.ARM            0x00005c40        0x8
                0x00005c40                __exidx_start = .
 *(.ARM.exidx*)
 .ARM.exidx     0x00005c40        0x8 r:/freescale/kds_v3/toolchain/bin/../lib/gcc/arm-none-eabi/4.8.4/../../../../arm-none-eabi/lib/armv6-m/crt0.o
                0x00005c48                __exidx_end = .

.rel.dyn        0x00005c48        0x0
 .rel.iplt      0x00000000        0x0 r:/freescale/kds_v3/toolchain/bin/../lib/gcc/arm-none-eabi/4.8.4/armv6-m/crtbegin.o

.ctors          0x00005c48        0x0
                0x00005c48                __CTOR_LIST__ = .
 *crtbegin.o(.ctors)
 *(EXCLUDE_FILE(*crtend.o) .ctors)
 *(SORT(.ctors.*))
 *(.ctors)
                0x00005c48                __CTOR_END__ = .

.dtors          0x00005c48        0x0
                0x00005c48                __DTOR_LIST__ = .
 *crtbegin.o(.dtors)
 *(EXCLUDE_FILE(*crtend.o) .dtors)
 *(SORT(.dtors.*))
 *(.dtors)
                0x00005c48                __DTOR_END__ = .

.preinit_array  0x00005c48        0x0
                0x00005c48                PROVIDE (__preinit_array_start, .)
 *(.preinit_array*)
                0x00005c48                PROVIDE (__preinit_array_end, .)

.init_array     0x00005c48        0x4
                0x00005c48                PROVIDE (__init_array_start, .)
 *(SORT(.init_array.*))
 *(.init_array*)
 .init_array    0x00005c48        0x4 r:/freescale/kds_v3/toolchain/bin/../lib/gcc/arm-none-eabi/4.8.4/armv6-m/crtbegin.o
                0x00005c4c                PROVIDE (__init_array_end, .)

.fini_array     0x00005c4c        0x4
                0x00005c4c                PROVIDE (__fini_array_start, .)
 *(SORT(.fini_array.*))
 *(.fini_array*)
 .fini_array    0x00005c4c        0x4 r:/freescale/kds_v3/toolchain/bin/../lib/gcc/arm-none-eabi/4.8.4/armv6-m/crtbegin.o
                0x00005c50                PROVIDE (__fini_array_end, .)
                0x00005c50                ___ROM_AT = .

.mtb            0x1fffe000        0x0
                0x1fffe000                . = ALIGN (0x8)
                0x1fffe000                _mtb_start = .
 *(.mtb_buf)
                0x1fffe000                . = ALIGN (0x8)
                0x1fffe000                _mtb_end = .

.data           0x1fffe000       0x7c load address 0x00005c50
                0x1fffe000                . = ALIGN (0x4)
                0x1fffe000                _sdata = .
 *(.data)
 .data          0x1fffe000        0x1 M:\Users\cetho\workspace.kds\Lab 3\Sources\TSS\libTSS_KXX_M0.a(TSS_KeyDetector.o)
 *(.data*)
 *fill*         0x1fffe001        0x3 
 .data.AnalogSlider
                0x1fffe004        0x8 ./Sources/TSS/TSS_SystemSetupData.o
                0x1fffe004                AnalogSlider
 .data.mode     0x1fffe00c        0x4 ./Sources/main.o
                0x1fffe00c                mode
 .data.TimerTime
                0x1fffe010        0x4 ./Sources/main.o
                0x1fffe010                TimerTime
 .data.CurrentTime
                0x1fffe014        0x4 ./Sources/main.o
                0x1fffe014                CurrentTime
 .data.impure_data
                0x1fffe018       0x60 r:/freescale/kds_v3/toolchain/bin/../lib/gcc/arm-none-eabi/4.8.4/../../../../arm-none-eabi/lib/armv6-m\libg_s.a(lib_a-impure.o)
 .data._impure_ptr
                0x1fffe078        0x4 r:/freescale/kds_v3/toolchain/bin/../lib/gcc/arm-none-eabi/4.8.4/../../../../arm-none-eabi/lib/armv6-m\libg_s.a(lib_a-impure.o)
                0x1fffe078                _impure_ptr
                0x1fffe07c                . = ALIGN (0x4)
                0x1fffe07c                _edata = .
                0x0000007c                ___data_size = (_edata - _sdata)

.jcr            0x1fffe07c        0x0 load address 0x00005ccc
 .jcr           0x1fffe07c        0x0 r:/freescale/kds_v3/toolchain/bin/../lib/gcc/arm-none-eabi/4.8.4/armv6-m/crtbegin.o

.igot.plt       0x1fffe07c        0x0 load address 0x00005ccc
 .igot.plt      0x00000000        0x0 r:/freescale/kds_v3/toolchain/bin/../lib/gcc/arm-none-eabi/4.8.4/armv6-m/crtbegin.o
                0x1fffe07c                . = ALIGN (0x4)

.bss            0x1fffe07c      0x1e4 load address 0x00005ccc
                0x1fffe07c                __START_BSS = .
                0x1fffe07c                PROVIDE (__bss_start__, __START_BSS)
 *(.bss)
 .bss           0x1fffe07c       0x1c r:/freescale/kds_v3/toolchain/bin/../lib/gcc/arm-none-eabi/4.8.4/armv6-m/crtbegin.o
 .bss           0x1fffe098        0x4 M:\Users\cetho\workspace.kds\Lab 3\Sources\TSS\libTSS_KXX_M0.a(TSS_KeyDetector.o)
 .bss           0x1fffe09c        0x1 M:\Users\cetho\workspace.kds\Lab 3\Sources\TSS\libTSS_KXX_M0.a(TSS_Main.o)
 *(.bss*)
 *fill*         0x1fffe09d        0x3 
 .bss.TSS_TSIL0_METHOD_RAMDATA_CONTEXT
                0x1fffe0a0        0x8 ./Sources/TSS/TSS_SensorTSIL.o
                0x1fffe0a0                TSS_TSIL0_METHOD_RAMDATA_CONTEXT
 .bss.tsi_au16Resolution
                0x1fffe0a8        0x2 ./Sources/TSS/TSS_SensorTSIL.o
 *fill*         0x1fffe0aa        0x2 
 .bss.TouchPosition
                0x1fffe0ac        0x4 ./Sources/main.o
                0x1fffe0ac                TouchPosition
 .bss.interruptCount
                0x1fffe0b0        0x4 ./Sources/main.o
                0x1fffe0b0                interruptCount
 .bss.DeviceDataPrv__DEFAULT_RTOS_ALLOC
                0x1fffe0b4        0x8 ./Generated_Code/GPIO1.o
 .bss.INT_PORTC_PORTD__DEFAULT_RTOS_ISRPARAM
                0x1fffe0bc        0x4 ./Generated_Code/GPIO1.o
 .bss.DeviceDataPrv__DEFAULT_RTOS_ALLOC
                0x1fffe0c0        0x8 ./Generated_Code/GPIO2.o
 .bss.INT_PORTC_PORTD__DEFAULT_RTOS_ISRPARAM
                0x1fffe0c8        0x4 ./Generated_Code/GPIO2.o
 .bss.DeviceDataPrv__DEFAULT_RTOS_ALLOC
                0x1fffe0cc        0x4 ./Generated_Code/LED_GREEN.o
 .bss.DeviceDataPrv__DEFAULT_RTOS_ALLOC
                0x1fffe0d0        0x4 ./Generated_Code/LED_RED.o
 .bss.PE_LDD_DeviceDataList
                0x1fffe0d4       0x1c ./Generated_Code/PE_LDD.o
                0x1fffe0d4                PE_LDD_DeviceDataList
 .bss.DeviceDataPrv__DEFAULT_RTOS_ALLOC
                0x1fffe0f0        0x4 ./Generated_Code/SegLCD1.o
 .bss.DeviceDataPrv__DEFAULT_RTOS_ALLOC
                0x1fffe0f4        0xc ./Generated_Code/TI1.o
 .bss.DeviceDataPrv__DEFAULT_RTOS_ALLOC
                0x1fffe100        0x8 ./Generated_Code/TU1.o
 .bss.INT_LPTimer__DEFAULT_RTOS_ISRPARAM
                0x1fffe108        0x4 ./Generated_Code/TU1.o
 .bss.__malloc_sbrk_start
                0x1fffe10c        0x4 r:/freescale/kds_v3/toolchain/bin/../lib/gcc/arm-none-eabi/4.8.4/../../../../arm-none-eabi/lib/armv6-m\libg_s.a(lib_a-nano-mallocr.o)
                0x1fffe10c                __malloc_sbrk_start
 .bss.__malloc_free_list
                0x1fffe110        0x4 r:/freescale/kds_v3/toolchain/bin/../lib/gcc/arm-none-eabi/4.8.4/../../../../arm-none-eabi/lib/armv6-m\libg_s.a(lib_a-nano-mallocr.o)
                0x1fffe110                __malloc_free_list
 .bss.heap_end.4246
                0x1fffe114        0x4 r:/freescale/kds_v3/toolchain/bin/../lib/gcc/arm-none-eabi/4.8.4/../../../../arm-none-eabi/lib/armv6-m\libnosys.a(sbrk.o)
 *(COMMON)
 COMMON         0x1fffe118       0x24 ./Sources/lcd/LCD.o
                0x1fffe118                bLCD_CharPosition
                0x1fffe119                lcd_alternate_mode
                0x1fffe11c                lcdBuffer
 COMMON         0x1fffe13c       0x10 ./Sources/TSS/TSS_Sensor.o
                0x1fffe13c                tss_u8SampleIntFlag
                0x1fffe140                tss_psElectrodeTimertAdr
                0x1fffe144                tss_u8ElectrodeBitNum
                0x1fffe148                tss_psElectrodeRGPIOAdr
 COMMON         0x1fffe14c       0x20 ./Sources/TSS/TSS_SensorTSIL.o
                0x1fffe14c                TSS_TSIL0_CHANNEL_COUNTER_BUFFER
 COMMON         0x1fffe16c       0xbe ./Sources/TSS/TSS_SystemSetupData.o
                0x1fffe16c                tss_au8StuckCount
                0x1fffe16e                tss_u8ConfCheckSum
                0x1fffe170                tss_au8Sensitivity
                0x1fffe174                tss_ai8DeltaAmplitude
                0x1fffe178                tss_CSSys
                0x1fffe188                tss_cau8SignalMultiplier
                0x1fffe18c                tss_ai8MaxDeltaAmplitude
                0x1fffe190                tss_asDeltaNoiseAnalysisBufferData
                0x1fffe194                tss_cau8SignalDivider
                0x1fffe198                tss_ai8InstantDelta
                0x1fffe19c                tss_au8ControlIdleState
                0x1fffe1a0                TSS_C0_DELAY_BUFFER
                0x1fffe1a4                tss_au16PrevCapSample
                0x1fffe1a8                TSS_C0_TREND_BUFFER
                0x1fffe1c8                tss_ai8DeltaNoiseAnalysisBuffer
                0x1fffe1cc                tss_au8ControlScheduleCount
                0x1fffe1d0                TSS_C0_TREND_CONTEXT
                0x1fffe1d4                tss_au8TouchCount
                0x1fffe1d8                tss_au8ElectrodeMeasured
                0x1fffe1dc                tss_au16InstantSignal
                0x1fffe1e0                tss_ai8CalPrevDelta
                0x1fffe1e4                tss_au8DebounceCount
                0x1fffe1e8                tss_au8ElectrodeStatus
                0x1fffe1ec                tss_au8ControlIdleCounter
                0x1fffe1f0                tss_ai8NoiseAmplitude
                0x1fffe1f4                tss_asDeltaNoiseAnalysisIIRData
                0x1fffe200                tss_asAutoCalibrationData
                0x1fffe208                tss_au8ElecState
                0x1fffe20c                TSS_C0_DELAY_CONTEXT
                0x1fffe210                tss_au8ElectrodeEnablers
                0x1fffe214                TSS_C0_POSFILTER_CONTEXT
                0x1fffe218                tss_au16ElecBaseline
                0x1fffe21c                tss_au16ControlBuffers
                0x1fffe220                tss_cau8ShieldPairs
                0x1fffe224                tss_apsControlPrivateData
                0x1fffe228                tss_au8ReleaseCount
 *fill*         0x1fffe22a        0x2 
 COMMON         0x1fffe22c       0x2c ./Sources/main.o
                0x1fffe22c                sLCDBuffer
                0x1fffe23c                main_counter
                0x1fffe240                j
                0x1fffe244                MySegLCDPtr
                0x1fffe248                i
                0x1fffe24c                GREEN
                0x1fffe250                m
                0x1fffe254                RED
 COMMON         0x1fffe258        0x2 M:\Users\cetho\workspace.kds\Lab 3\Sources\TSS\libTSS_KXX_M0.a(TSS_KeyDetector.o)
                0x1fffe258                tss_u16CapSample
 *fill*         0x1fffe25a        0x2 
 COMMON         0x1fffe25c        0x4 r:/freescale/kds_v3/toolchain/bin/../lib/gcc/arm-none-eabi/4.8.4/../../../../arm-none-eabi/lib/armv6-m\libg_s.a(lib_a-reent.o)
                0x1fffe25c                errno
                0x1fffe260                . = ALIGN (0x4)
                0x1fffe260                __END_BSS = .
                0x1fffe260                PROVIDE (__bss_end__, __END_BSS)
                0x00005ccc                _romp_at = (___ROM_AT + SIZEOF (.data))

.romp           0x1fffe260       0x18 load address 0x00005ccc
                0x00005ccc                __S_romp = _romp_at
                0x1fffe260        0x4 LONG 0x5c50 ___ROM_AT
                0x1fffe264        0x4 LONG 0x1fffe000 _sdata
                0x1fffe268        0x4 LONG 0x7c ___data_size
                0x1fffe26c        0x4 LONG 0x0
                0x1fffe270        0x4 LONG 0x0
                0x1fffe274        0x4 LONG 0x0
                0x00040000                text_end = (ORIGIN (m_text) + 0x3fbf0)
                0x00005ce4                data_init_end = ((___ROM_AT + SIZEOF (.data)) + SIZEOF (.romp))
                0x00000001                ASSERT ((data_init_end <= text_end), region m_text overflowed with text and data)

._user_heap_stack
                0x1fffe278      0x400 load address 0x00005ce4
                0x1fffe278                . = ALIGN (0x4)
                0x1fffe278                PROVIDE (end, .)
                0x1fffe278                PROVIDE (_end, .)
                0x1fffe278                PROVIDE (__end__, .)
                0x1fffe278                __heap_addr = .
                0x1fffe278                __HeapBase = .
                0x1fffe278                . = (. + __heap_size)
                0x1fffe278                __HeapLimit = .
                0x1fffe678                . = (. + __stack_size)
 *fill*         0x1fffe278      0x400 
                0x1fffe678                . = ALIGN (0x4)

.ARM.attributes
                0x00000000       0x28
 *(.ARM.attributes)
 .ARM.attributes
                0x00000000       0x1e r:/freescale/kds_v3/toolchain/bin/../lib/gcc/arm-none-eabi/4.8.4/armv6-m/crti.o
 .ARM.attributes
                0x0000001e       0x2c r:/freescale/kds_v3/toolchain/bin/../lib/gcc/arm-none-eabi/4.8.4/armv6-m/crtbegin.o
 .ARM.attributes
                0x0000004a       0x1b r:/freescale/kds_v3/toolchain/bin/../lib/gcc/arm-none-eabi/4.8.4/../../../../arm-none-eabi/lib/armv6-m/crt0.o
 .ARM.attributes
                0x00000065       0x32 ./Sources/lcd/LCD.o
 .ARM.attributes
                0x00000097       0x32 ./Sources/lcd/s401.o
 .ARM.attributes
                0x000000c9       0x32 ./Sources/TSS/TSS_Sensor.o
 .ARM.attributes
                0x000000fb       0x32 ./Sources/TSS/TSS_SensorTSIL.o
 .ARM.attributes
                0x0000012d       0x32 ./Sources/TSS/TSS_SystemSetupData.o
 .ARM.attributes
                0x0000015f       0x32 ./Sources/Events.o
 .ARM.attributes
                0x00000191       0x22 ./Sources/helper.o
 .ARM.attributes
                0x000001b3       0x32 ./Sources/main.o
 .ARM.attributes
                0x000001e5       0x32 ./Project_Settings/Startup_Code/startup.o
 .ARM.attributes
                0x00000217       0x32 ./Generated_Code/Cpu.o
 .ARM.attributes
                0x00000249       0x32 ./Generated_Code/GPIO1.o
 .ARM.attributes
                0x0000027b       0x32 ./Generated_Code/GPIO2.o
 .ARM.attributes
                0x000002ad       0x32 ./Generated_Code/LED_GREEN.o
 .ARM.attributes
                0x000002df       0x32 ./Generated_Code/LED_RED.o
 .ARM.attributes
                0x00000311       0x32 ./Generated_Code/PE_LDD.o
 .ARM.attributes
                0x00000343       0x32 ./Generated_Code/PTC.o
 .ARM.attributes
                0x00000375       0x32 ./Generated_Code/SegLCD1.o
 .ARM.attributes
                0x000003a7       0x32 ./Generated_Code/TI1.o
 .ARM.attributes
                0x000003d9       0x32 ./Generated_Code/TSS1.o
 .ARM.attributes
                0x0000040b       0x32 ./Generated_Code/TU1.o
 .ARM.attributes
                0x0000043d       0x32 ./Generated_Code/Vectors.o
 .ARM.attributes
                0x0000046f       0x31 M:\Users\cetho\workspace.kds\Lab 3\Sources\TSS\libTSS_KXX_M0.a(TSS_ASliderDecoder.o)
 .ARM.attributes
                0x000004a0       0x31 M:\Users\cetho\workspace.kds\Lab 3\Sources\TSS\libTSS_KXX_M0.a(TSS_Filters.o)
 .ARM.attributes
                0x000004d1       0x31 M:\Users\cetho\workspace.kds\Lab 3\Sources\TSS\libTSS_KXX_M0.a(TSS_KeyDetector.o)
 .ARM.attributes
                0x00000502       0x31 M:\Users\cetho\workspace.kds\Lab 3\Sources\TSS\libTSS_KXX_M0.a(TSS_Main.o)
 .ARM.attributes
                0x00000533       0x1e r:/freescale/kds_v3/toolchain/bin/../lib/gcc/arm-none-eabi/4.8.4/armv6-m\libgcc.a(_udivsi3.o)
 .ARM.attributes
                0x00000551       0x1e r:/freescale/kds_v3/toolchain/bin/../lib/gcc/arm-none-eabi/4.8.4/armv6-m\libgcc.a(_divsi3.o)
 .ARM.attributes
                0x0000056f       0x1e r:/freescale/kds_v3/toolchain/bin/../lib/gcc/arm-none-eabi/4.8.4/armv6-m\libgcc.a(_dvmd_tls.o)
 .ARM.attributes
                0x0000058d       0x2c r:/freescale/kds_v3/toolchain/bin/../lib/gcc/arm-none-eabi/4.8.4/../../../../arm-none-eabi/lib/armv6-m\libg_s.a(lib_a-exit.o)
 .ARM.attributes
                0x000005b9       0x2c r:/freescale/kds_v3/toolchain/bin/../lib/gcc/arm-none-eabi/4.8.4/../../../../arm-none-eabi/lib/armv6-m\libg_s.a(lib_a-impure.o)
 .ARM.attributes
                0x000005e5       0x2c r:/freescale/kds_v3/toolchain/bin/../lib/gcc/arm-none-eabi/4.8.4/../../../../arm-none-eabi/lib/armv6-m\libg_s.a(lib_a-init.o)
 .ARM.attributes
                0x00000611       0x2c r:/freescale/kds_v3/toolchain/bin/../lib/gcc/arm-none-eabi/4.8.4/../../../../arm-none-eabi/lib/armv6-m\libg_s.a(lib_a-memset.o)
 .ARM.attributes
                0x0000063d       0x2c r:/freescale/kds_v3/toolchain/bin/../lib/gcc/arm-none-eabi/4.8.4/../../../../arm-none-eabi/lib/armv6-m\libg_s.a(lib_a-sprintf.o)
 .ARM.attributes
                0x00000669       0x2c r:/freescale/kds_v3/toolchain/bin/../lib/gcc/arm-none-eabi/4.8.4/../../../../arm-none-eabi/lib/armv6-m\libg_s.a(lib_a-svfprintf.o)
 .ARM.attributes
                0x00000695       0x2c r:/freescale/kds_v3/toolchain/bin/../lib/gcc/arm-none-eabi/4.8.4/../../../../arm-none-eabi/lib/armv6-m\libg_s.a(lib_a-vfprintf_i.o)
 .ARM.attributes
                0x000006c1       0x2c r:/freescale/kds_v3/toolchain/bin/../lib/gcc/arm-none-eabi/4.8.4/../../../../arm-none-eabi/lib/armv6-m\libg_s.a(lib_a-memchr-stub.o)
 .ARM.attributes
                0x000006ed       0x2c r:/freescale/kds_v3/toolchain/bin/../lib/gcc/arm-none-eabi/4.8.4/../../../../arm-none-eabi/lib/armv6-m\libg_s.a(lib_a-memcpy-stub.o)
 .ARM.attributes
                0x00000719       0x2c r:/freescale/kds_v3/toolchain/bin/../lib/gcc/arm-none-eabi/4.8.4/../../../../arm-none-eabi/lib/armv6-m\libg_s.a(lib_a-memmove.o)
 .ARM.attributes
                0x00000745       0x2c r:/freescale/kds_v3/toolchain/bin/../lib/gcc/arm-none-eabi/4.8.4/../../../../arm-none-eabi/lib/armv6-m\libg_s.a(lib_a-nano-freer.o)
 .ARM.attributes
                0x00000771       0x2c r:/freescale/kds_v3/toolchain/bin/../lib/gcc/arm-none-eabi/4.8.4/../../../../arm-none-eabi/lib/armv6-m\libg_s.a(lib_a-nano-mallocr.o)
 .ARM.attributes
                0x0000079d       0x2c r:/freescale/kds_v3/toolchain/bin/../lib/gcc/arm-none-eabi/4.8.4/../../../../arm-none-eabi/lib/armv6-m\libg_s.a(lib_a-nano-reallocr.o)
 .ARM.attributes
                0x000007c9       0x2c r:/freescale/kds_v3/toolchain/bin/../lib/gcc/arm-none-eabi/4.8.4/../../../../arm-none-eabi/lib/armv6-m\libg_s.a(lib_a-sbrkr.o)
 .ARM.attributes
                0x000007f5       0x2c r:/freescale/kds_v3/toolchain/bin/../lib/gcc/arm-none-eabi/4.8.4/../../../../arm-none-eabi/lib/armv6-m\libg_s.a(lib_a-strlen.o)
 .ARM.attributes
                0x00000821       0x2c r:/freescale/kds_v3/toolchain/bin/../lib/gcc/arm-none-eabi/4.8.4/../../../../arm-none-eabi/lib/armv6-m\libg_s.a(lib_a-nano-msizer.o)
 .ARM.attributes
                0x0000084d       0x2c r:/freescale/kds_v3/toolchain/bin/../lib/gcc/arm-none-eabi/4.8.4/../../../../arm-none-eabi/lib/armv6-m\libg_s.a(lib_a-reent.o)
 .ARM.attributes
                0x00000879       0x2c r:/freescale/kds_v3/toolchain/bin/../lib/gcc/arm-none-eabi/4.8.4/../../../../arm-none-eabi/lib/armv6-m\libnosys.a(sbrk.o)
 .ARM.attributes
                0x000008a5       0x2c r:/freescale/kds_v3/toolchain/bin/../lib/gcc/arm-none-eabi/4.8.4/../../../../arm-none-eabi/lib/armv6-m\libnosys.a(_exit.o)
 .ARM.attributes
                0x000008d1       0x1e r:/freescale/kds_v3/toolchain/bin/../lib/gcc/arm-none-eabi/4.8.4/armv6-m/crtn.o
OUTPUT(Lab 3.elf elf32-littlearm)

.debug_info     0x00000000     0x69be
 .debug_info    0x00000000      0x9d0 ./Sources/lcd/LCD.o
 .debug_info    0x000009d0       0xd4 ./Sources/lcd/s401.o
 .debug_info    0x00000aa4      0x4b5 ./Sources/TSS/TSS_Sensor.o
 .debug_info    0x00000f59      0xee1 ./Sources/TSS/TSS_SensorTSIL.o
 .debug_info    0x00001e3a     0x1024 ./Sources/TSS/TSS_SystemSetupData.o
 .debug_info    0x00002e5e      0x626 ./Sources/Events.o
 .debug_info    0x00003484       0x67 ./Sources/helper.o
 .debug_info    0x000034eb      0x2a9 ./Sources/main.o
 .debug_info    0x00003794      0x20a ./Project_Settings/Startup_Code/startup.o
 .debug_info    0x0000399e      0x855 ./Generated_Code/Cpu.o
 .debug_info    0x000041f3      0x551 ./Generated_Code/GPIO1.o
 .debug_info    0x00004744      0x551 ./Generated_Code/GPIO2.o
 .debug_info    0x00004c95      0x3a6 ./Generated_Code/LED_GREEN.o
 .debug_info    0x0000503b      0x3a6 ./Generated_Code/LED_RED.o
 .debug_info    0x000053e1      0x251 ./Generated_Code/PE_LDD.o
 .debug_info    0x00005632      0x11f ./Generated_Code/PTC.o
 .debug_info    0x00005751      0x531 ./Generated_Code/SegLCD1.o
 .debug_info    0x00005c82      0x177 ./Generated_Code/TI1.o
 .debug_info    0x00005df9      0x606 ./Generated_Code/TSS1.o
 .debug_info    0x000063ff      0x4b1 ./Generated_Code/TU1.o
 .debug_info    0x000068b0      0x10e ./Generated_Code/Vectors.o

.debug_abbrev   0x00000000     0x19dd
 .debug_abbrev  0x00000000      0x25d ./Sources/lcd/LCD.o
 .debug_abbrev  0x0000025d       0x60 ./Sources/lcd/s401.o
 .debug_abbrev  0x000002bd      0x139 ./Sources/TSS/TSS_Sensor.o
 .debug_abbrev  0x000003f6      0x1f0 ./Sources/TSS/TSS_SensorTSIL.o
 .debug_abbrev  0x000005e6      0x133 ./Sources/TSS/TSS_SystemSetupData.o
 .debug_abbrev  0x00000719      0x16a ./Sources/Events.o
 .debug_abbrev  0x00000883       0x14 ./Sources/helper.o
 .debug_abbrev  0x00000897      0x141 ./Sources/main.o
 .debug_abbrev  0x000009d8      0x11e ./Project_Settings/Startup_Code/startup.o
 .debug_abbrev  0x00000af6      0x14f ./Generated_Code/Cpu.o
 .debug_abbrev  0x00000c45      0x1af ./Generated_Code/GPIO1.o
 .debug_abbrev  0x00000df4      0x1af ./Generated_Code/GPIO2.o
 .debug_abbrev  0x00000fa3      0x15f ./Generated_Code/LED_GREEN.o
 .debug_abbrev  0x00001102      0x15f ./Generated_Code/LED_RED.o
 .debug_abbrev  0x00001261      0x10d ./Generated_Code/PE_LDD.o
 .debug_abbrev  0x0000136e       0x8d ./Generated_Code/PTC.o
 .debug_abbrev  0x000013fb      0x1a5 ./Generated_Code/SegLCD1.o
 .debug_abbrev  0x000015a0       0xdd ./Generated_Code/TI1.o
 .debug_abbrev  0x0000167d      0x15f ./Generated_Code/TSS1.o
 .debug_abbrev  0x000017dc      0x15d ./Generated_Code/TU1.o
 .debug_abbrev  0x00001939       0xa4 ./Generated_Code/Vectors.o

.debug_aranges  0x00000000      0x508
 .debug_aranges
                0x00000000       0xb0 ./Sources/lcd/LCD.o
 .debug_aranges
                0x000000b0       0x18 ./Sources/lcd/s401.o
 .debug_aranges
                0x000000c8       0x30 ./Sources/TSS/TSS_Sensor.o
 .debug_aranges
                0x000000f8       0x78 ./Sources/TSS/TSS_SensorTSIL.o
 .debug_aranges
                0x00000170       0x20 ./Sources/TSS/TSS_SystemSetupData.o
 .debug_aranges
                0x00000190       0x50 ./Sources/Events.o
 .debug_aranges
                0x000001e0       0x20 ./Sources/helper.o
 .debug_aranges
                0x00000200       0x40 ./Sources/main.o
 .debug_aranges
                0x00000240       0x50 ./Project_Settings/Startup_Code/startup.o
 .debug_aranges
                0x00000290       0x40 ./Generated_Code/Cpu.o
 .debug_aranges
                0x000002d0       0x50 ./Generated_Code/GPIO1.o
 .debug_aranges
                0x00000320       0x50 ./Generated_Code/GPIO2.o
 .debug_aranges
                0x00000370       0x48 ./Generated_Code/LED_GREEN.o
 .debug_aranges
                0x000003b8       0x48 ./Generated_Code/LED_RED.o
 .debug_aranges
                0x00000400       0x30 ./Generated_Code/PE_LDD.o
 .debug_aranges
                0x00000430       0x20 ./Generated_Code/PTC.o
 .debug_aranges
                0x00000450       0x28 ./Generated_Code/SegLCD1.o
 .debug_aranges
                0x00000478       0x28 ./Generated_Code/TI1.o
 .debug_aranges
                0x000004a0       0x28 ./Generated_Code/TSS1.o
 .debug_aranges
                0x000004c8       0x28 ./Generated_Code/TU1.o
 .debug_aranges
                0x000004f0       0x18 ./Generated_Code/Vectors.o

.debug_ranges   0x00000000      0x398
 .debug_ranges  0x00000000       0xa0 ./Sources/lcd/LCD.o
 .debug_ranges  0x000000a0       0x20 ./Sources/TSS/TSS_Sensor.o
 .debug_ranges  0x000000c0       0x68 ./Sources/TSS/TSS_SensorTSIL.o
 .debug_ranges  0x00000128       0x10 ./Sources/TSS/TSS_SystemSetupData.o
 .debug_ranges  0x00000138       0x40 ./Sources/Events.o
 .debug_ranges  0x00000178       0x30 ./Sources/main.o
 .debug_ranges  0x000001a8       0x40 ./Project_Settings/Startup_Code/startup.o
 .debug_ranges  0x000001e8       0x30 ./Generated_Code/Cpu.o
 .debug_ranges  0x00000218       0x40 ./Generated_Code/GPIO1.o
 .debug_ranges  0x00000258       0x40 ./Generated_Code/GPIO2.o
 .debug_ranges  0x00000298       0x38 ./Generated_Code/LED_GREEN.o
 .debug_ranges  0x000002d0       0x38 ./Generated_Code/LED_RED.o
 .debug_ranges  0x00000308       0x20 ./Generated_Code/PE_LDD.o
 .debug_ranges  0x00000328       0x10 ./Generated_Code/PTC.o
 .debug_ranges  0x00000338       0x18 ./Generated_Code/SegLCD1.o
 .debug_ranges  0x00000350       0x18 ./Generated_Code/TI1.o
 .debug_ranges  0x00000368       0x18 ./Generated_Code/TSS1.o
 .debug_ranges  0x00000380       0x18 ./Generated_Code/TU1.o

.debug_macro    0x00000000    0x19def
 .debug_macro   0x00000000       0xb2 ./Sources/lcd/LCD.o
 .debug_macro   0x000000b2      0x7f6 ./Sources/lcd/LCD.o
 .debug_macro   0x000008a8       0x16 ./Sources/lcd/LCD.o
 .debug_macro   0x000008be       0x44 ./Sources/lcd/LCD.o
 .debug_macro   0x00000902      0x209 ./Sources/lcd/LCD.o
 .debug_macro   0x00000b0b     0x15b5 ./Sources/lcd/LCD.o
 .debug_macro   0x000020c0      0x14e ./Sources/lcd/LCD.o
 .debug_macro   0x0000220e       0x64 ./Sources/lcd/LCD.o
 .debug_macro   0x00002272     0x9005 ./Sources/lcd/LCD.o
 .debug_macro   0x0000b277       0x9a ./Sources/lcd/LCD.o
 .debug_macro   0x0000b311      0x130 ./Sources/lcd/LCD.o
 .debug_macro   0x0000b441      0x2e3 ./Sources/lcd/LCD.o
 .debug_macro   0x0000b724       0x22 ./Sources/lcd/LCD.o
 .debug_macro   0x0000b746       0x9c ./Sources/lcd/s401.o
 .debug_macro   0x0000b7e2       0x10 ./Sources/lcd/s401.o
 .debug_macro   0x0000b7f2      0x124 ./Sources/lcd/s401.o
 .debug_macro   0x0000b916       0xe8 ./Sources/TSS/TSS_Sensor.o
 .debug_macro   0x0000b9fe       0x19 ./Sources/TSS/TSS_Sensor.o
 .debug_macro   0x0000ba17       0x2d ./Sources/TSS/TSS_Sensor.o
 .debug_macro   0x0000ba44     0x1216 ./Sources/TSS/TSS_Sensor.o
 .debug_macro   0x0000cc5a       0xf2 ./Sources/TSS/TSS_SensorTSIL.o
 .debug_macro   0x0000cd4c     0x1210 ./Sources/TSS/TSS_SensorTSIL.o
 .debug_macro   0x0000df5c      0x137 ./Sources/TSS/TSS_SystemSetupData.o
 .debug_macro   0x0000e093      0x183 ./Sources/Events.o
 .debug_macro   0x0000e216       0x94 ./Sources/Events.o
 .debug_macro   0x0000e2aa      0x12c ./Sources/Events.o
 .debug_macro   0x0000e3d6       0x46 ./Sources/Events.o
 .debug_macro   0x0000e41c       0x4c ./Sources/Events.o
 .debug_macro   0x0000e468       0x19 ./Sources/Events.o
 .debug_macro   0x0000e481      0x25b ./Sources/Events.o
 .debug_macro   0x0000e6dc       0x4a ./Sources/Events.o
 .debug_macro   0x0000e726       0x1c ./Sources/Events.o
 .debug_macro   0x0000e742       0x19 ./Sources/Events.o
 .debug_macro   0x0000e75b      0x4ea ./Sources/Events.o
 .debug_macro   0x0000ec45       0x74 ./Sources/Events.o
 .debug_macro   0x0000ecb9       0x7a ./Sources/Events.o
 .debug_macro   0x0000ed33      0x183 ./Sources/main.o
 .debug_macro   0x0000eeb6      0x12f ./Project_Settings/Startup_Code/startup.o
 .debug_macro   0x0000efe5       0x58 ./Project_Settings/Startup_Code/startup.o
 .debug_macro   0x0000f03d       0x35 ./Project_Settings/Startup_Code/startup.o
 .debug_macro   0x0000f072       0xa2 ./Project_Settings/Startup_Code/startup.o
 .debug_macro   0x0000f114      0x166 ./Project_Settings/Startup_Code/startup.o
 .debug_macro   0x0000f27a       0x4a ./Project_Settings/Startup_Code/startup.o
 .debug_macro   0x0000f2c4       0x52 ./Project_Settings/Startup_Code/startup.o
 .debug_macro   0x0000f316       0x16 ./Project_Settings/Startup_Code/startup.o
 .debug_macro   0x0000f32c       0x43 ./Project_Settings/Startup_Code/startup.o
 .debug_macro   0x0000f36f      0x180 ./Project_Settings/Startup_Code/startup.o
 .debug_macro   0x0000f4ef      0x2a6 ./Project_Settings/Startup_Code/startup.o
 .debug_macro   0x0000f795       0x10 ./Project_Settings/Startup_Code/startup.o
 .debug_macro   0x0000f7a5       0x35 ./Project_Settings/Startup_Code/startup.o
 .debug_macro   0x0000f7da       0x1f ./Project_Settings/Startup_Code/startup.o
 .debug_macro   0x0000f7f9       0x16 ./Project_Settings/Startup_Code/startup.o
 .debug_macro   0x0000f80f       0x16 ./Project_Settings/Startup_Code/startup.o
 .debug_macro   0x0000f825       0x29 ./Project_Settings/Startup_Code/startup.o
 .debug_macro   0x0000f84e       0x10 ./Project_Settings/Startup_Code/startup.o
 .debug_macro   0x0000f85e      0x20f ./Project_Settings/Startup_Code/startup.o
 .debug_macro   0x0000fa6d     0x8ff9 ./Project_Settings/Startup_Code/startup.o
 .debug_macro   0x00018a66      0x1a6 ./Generated_Code/Cpu.o
 .debug_macro   0x00018c0c       0xa0 ./Generated_Code/Cpu.o
 .debug_macro   0x00018cac      0x185 ./Generated_Code/GPIO1.o
 .debug_macro   0x00018e31      0x185 ./Generated_Code/GPIO2.o
 .debug_macro   0x00018fb6       0xa6 ./Generated_Code/LED_GREEN.o
 .debug_macro   0x0001905c       0x46 ./Generated_Code/LED_GREEN.o
 .debug_macro   0x000190a2       0xa6 ./Generated_Code/LED_RED.o
 .debug_macro   0x00019148      0x169 ./Generated_Code/PE_LDD.o
 .debug_macro   0x000192b1       0x95 ./Generated_Code/PTC.o
 .debug_macro   0x00019346       0x12 ./Generated_Code/PTC.o
 .debug_macro   0x00019358       0xbc ./Generated_Code/SegLCD1.o
 .debug_macro   0x00019414       0x12 ./Generated_Code/SegLCD1.o
 .debug_macro   0x00019426      0x20e ./Generated_Code/SegLCD1.o
 .debug_macro   0x00019634      0x187 ./Generated_Code/TI1.o
 .debug_macro   0x000197bb      0x181 ./Generated_Code/TSS1.o
 .debug_macro   0x0001993c       0xbb ./Generated_Code/TU1.o
 .debug_macro   0x000199f7      0x255 ./Generated_Code/TU1.o
 .debug_macro   0x00019c4c      0x1a3 ./Generated_Code/Vectors.o

.debug_line     0x00000000     0x496d
 .debug_line    0x00000000      0x494 ./Sources/lcd/LCD.o
 .debug_line    0x00000494      0x22c ./Sources/lcd/s401.o
 .debug_line    0x000006c0      0x34d ./Sources/TSS/TSS_Sensor.o
 .debug_line    0x00000a0d      0x563 ./Sources/TSS/TSS_SensorTSIL.o
 .debug_line    0x00000f70      0x2dc ./Sources/TSS/TSS_SystemSetupData.o
 .debug_line    0x0000124c      0x43a ./Sources/Events.o
 .debug_line    0x00001686       0x52 ./Sources/helper.o
 .debug_line    0x000016d8      0x43a ./Sources/main.o
 .debug_line    0x00001b12      0x3c2 ./Project_Settings/Startup_Code/startup.o
 .debug_line    0x00001ed4      0x4ec ./Generated_Code/Cpu.o
 .debug_line    0x000023c0      0x480 ./Generated_Code/GPIO1.o
 .debug_line    0x00002840      0x480 ./Generated_Code/GPIO2.o
 .debug_line    0x00002cc0      0x2b8 ./Generated_Code/LED_GREEN.o
 .debug_line    0x00002f78      0x2b4 ./Generated_Code/LED_RED.o
 .debug_line    0x0000322c      0x407 ./Generated_Code/PE_LDD.o
 .debug_line    0x00003633      0x1f9 ./Generated_Code/PTC.o
 .debug_line    0x0000382c      0x294 ./Generated_Code/SegLCD1.o
 .debug_line    0x00003ac0      0x3e7 ./Generated_Code/TI1.o
 .debug_line    0x00003ea7      0x3f0 ./Generated_Code/TSS1.o
 .debug_line    0x00004297      0x27e ./Generated_Code/TU1.o
 .debug_line    0x00004515      0x458 ./Generated_Code/Vectors.o

.debug_str      0x00000000    0x5b3cf
 .debug_str     0x00000000    0x374ca ./Sources/lcd/LCD.o
                              0x378db (size before relaxing)
 .debug_str     0x000374ca       0x16 ./Sources/lcd/s401.o
                              0x37447 (size before relaxing)
 .debug_str     0x000374e0    0x15e9a ./Sources/TSS/TSS_Sensor.o
                              0x4c8b6 (size before relaxing)
 .debug_str     0x0004d37a      0xb55 ./Sources/TSS/TSS_SensorTSIL.o
                              0x4a13a (size before relaxing)
 .debug_str     0x0004decf     0x10fc ./Sources/TSS/TSS_SystemSetupData.o
                              0x42115 (size before relaxing)
 .debug_str     0x0004efcb     0x64ea ./Sources/Events.o
                              0x4784d (size before relaxing)
 .debug_str     0x000554b5       0x91 ./Sources/main.o
                              0x47307 (size before relaxing)
 .debug_str     0x00055546     0x268e ./Project_Settings/Startup_Code/startup.o
                              0x3230c (size before relaxing)
 .debug_str     0x00057bd4      0x19c ./Generated_Code/Cpu.o
                              0x47527 (size before relaxing)
 .debug_str     0x00057d70      0x1b0 ./Generated_Code/GPIO1.o
                              0x474ba (size before relaxing)
 .debug_str     0x00057f20       0xe5 ./Generated_Code/GPIO2.o
                              0x474ba (size before relaxing)
 .debug_str     0x00058005       0xbf ./Generated_Code/LED_GREEN.o
                              0x37b05 (size before relaxing)
 .debug_str     0x000580c4       0x9f ./Generated_Code/LED_RED.o
                              0x37adf (size before relaxing)
 .debug_str     0x00058163      0x177 ./Generated_Code/PE_LDD.o
                              0x473c5 (size before relaxing)
 .debug_str     0x000582da       0x21 ./Generated_Code/PTC.o
                              0x36ac9 (size before relaxing)
 .debug_str     0x000582fb     0x2e0c ./Generated_Code/SegLCD1.o
                              0x39fef (size before relaxing)
 .debug_str     0x0005b107       0xa3 ./Generated_Code/TI1.o
                              0x47307 (size before relaxing)
 .debug_str     0x0005b1aa      0x125 ./Generated_Code/TSS1.o
                              0x477e5 (size before relaxing)
 .debug_str     0x0005b2cf       0xe4 ./Generated_Code/TU1.o
                              0x38a19 (size before relaxing)
 .debug_str     0x0005b3b3       0x1c ./Generated_Code/Vectors.o
                              0x47258 (size before relaxing)

.comment        0x00000000       0xe9
 .comment       0x00000000       0x70 ./Sources/lcd/LCD.o
                                 0x71 (size before relaxing)
 .comment       0x00000000       0x71 ./Sources/lcd/s401.o
 .comment       0x00000000       0x71 ./Sources/TSS/TSS_Sensor.o
 .comment       0x00000000       0x71 ./Sources/TSS/TSS_SensorTSIL.o
 .comment       0x00000000       0x71 ./Sources/TSS/TSS_SystemSetupData.o
 .comment       0x00000000       0x71 ./Sources/Events.o
 .comment       0x00000000       0x71 ./Sources/main.o
 .comment       0x00000000       0x71 ./Project_Settings/Startup_Code/startup.o
 .comment       0x00000000       0x71 ./Generated_Code/Cpu.o
 .comment       0x00000000       0x71 ./Generated_Code/GPIO1.o
 .comment       0x00000000       0x71 ./Generated_Code/GPIO2.o
 .comment       0x00000000       0x71 ./Generated_Code/LED_GREEN.o
 .comment       0x00000000       0x71 ./Generated_Code/LED_RED.o
 .comment       0x00000000       0x71 ./Generated_Code/PE_LDD.o
 .comment       0x00000000       0x71 ./Generated_Code/PTC.o
 .comment       0x00000000       0x71 ./Generated_Code/SegLCD1.o
 .comment       0x00000000       0x71 ./Generated_Code/TI1.o
 .comment       0x00000000       0x71 ./Generated_Code/TSS1.o
 .comment       0x00000000       0x71 ./Generated_Code/TU1.o
 .comment       0x00000000       0x71 ./Generated_Code/Vectors.o
 .comment       0x00000070       0x79 M:\Users\cetho\workspace.kds\Lab 3\Sources\TSS\libTSS_KXX_M0.a(TSS_ASliderDecoder.o)
                                 0x7a (size before relaxing)
 .comment       0x00000000       0x7a M:\Users\cetho\workspace.kds\Lab 3\Sources\TSS\libTSS_KXX_M0.a(TSS_Filters.o)
 .comment       0x00000000       0x7a M:\Users\cetho\workspace.kds\Lab 3\Sources\TSS\libTSS_KXX_M0.a(TSS_KeyDetector.o)
 .comment       0x00000000       0x7a M:\Users\cetho\workspace.kds\Lab 3\Sources\TSS\libTSS_KXX_M0.a(TSS_Main.o)

.debug_frame    0x00000000     0x1090
 .debug_frame   0x00000000      0x25c ./Sources/lcd/LCD.o
 .debug_frame   0x0000025c       0x70 ./Sources/TSS/TSS_Sensor.o
 .debug_frame   0x000002cc      0x190 ./Sources/TSS/TSS_SensorTSIL.o
 .debug_frame   0x0000045c       0x30 ./Sources/TSS/TSS_SystemSetupData.o
 .debug_frame   0x0000048c       0xe8 ./Sources/Events.o
 .debug_frame   0x00000574       0xa0 ./Sources/main.o
 .debug_frame   0x00000614       0xd0 ./Project_Settings/Startup_Code/startup.o
 .debug_frame   0x000006e4       0x9c ./Generated_Code/Cpu.o
 .debug_frame   0x00000780       0xf0 ./Generated_Code/GPIO1.o
 .debug_frame   0x00000870       0xf0 ./Generated_Code/GPIO2.o
 .debug_frame   0x00000960       0xd0 ./Generated_Code/LED_GREEN.o
 .debug_frame   0x00000a30       0xd0 ./Generated_Code/LED_RED.o
 .debug_frame   0x00000b00       0x6c ./Generated_Code/PE_LDD.o
 .debug_frame   0x00000b6c       0x2c ./Generated_Code/PTC.o
 .debug_frame   0x00000b98       0x54 ./Generated_Code/SegLCD1.o
 .debug_frame   0x00000bec       0x50 ./Generated_Code/TI1.o
 .debug_frame   0x00000c3c       0x4c ./Generated_Code/TSS1.o
 .debug_frame   0x00000c88       0x50 ./Generated_Code/TU1.o
 .debug_frame   0x00000cd8       0x20 r:/freescale/kds_v3/toolchain/bin/../lib/gcc/arm-none-eabi/4.8.4/armv6-m\libgcc.a(_udivsi3.o)
 .debug_frame   0x00000cf8       0x20 r:/freescale/kds_v3/toolchain/bin/../lib/gcc/arm-none-eabi/4.8.4/armv6-m\libgcc.a(_divsi3.o)
 .debug_frame   0x00000d18       0x28 r:/freescale/kds_v3/toolchain/bin/../lib/gcc/arm-none-eabi/4.8.4/../../../../arm-none-eabi/lib/armv6-m\libg_s.a(lib_a-exit.o)
 .debug_frame   0x00000d40       0x2c r:/freescale/kds_v3/toolchain/bin/../lib/gcc/arm-none-eabi/4.8.4/../../../../arm-none-eabi/lib/armv6-m\libg_s.a(lib_a-init.o)
 .debug_frame   0x00000d6c       0x20 r:/freescale/kds_v3/toolchain/bin/../lib/gcc/arm-none-eabi/4.8.4/../../../../arm-none-eabi/lib/armv6-m\libg_s.a(lib_a-memset.o)
 .debug_frame   0x00000d8c       0x4c r:/freescale/kds_v3/toolchain/bin/../lib/gcc/arm-none-eabi/4.8.4/../../../../arm-none-eabi/lib/armv6-m\libg_s.a(lib_a-sprintf.o)
 .debug_frame   0x00000dd8       0x74 r:/freescale/kds_v3/toolchain/bin/../lib/gcc/arm-none-eabi/4.8.4/../../../../arm-none-eabi/lib/armv6-m\libg_s.a(lib_a-svfprintf.o)
 .debug_frame   0x00000e4c       0x54 r:/freescale/kds_v3/toolchain/bin/../lib/gcc/arm-none-eabi/4.8.4/../../../../arm-none-eabi/lib/armv6-m\libg_s.a(lib_a-vfprintf_i.o)
 .debug_frame   0x00000ea0       0x20 r:/freescale/kds_v3/toolchain/bin/../lib/gcc/arm-none-eabi/4.8.4/../../../../arm-none-eabi/lib/armv6-m\libg_s.a(lib_a-memchr-stub.o)
 .debug_frame   0x00000ec0       0x28 r:/freescale/kds_v3/toolchain/bin/../lib/gcc/arm-none-eabi/4.8.4/../../../../arm-none-eabi/lib/armv6-m\libg_s.a(lib_a-memcpy-stub.o)
 .debug_frame   0x00000ee8       0x2c r:/freescale/kds_v3/toolchain/bin/../lib/gcc/arm-none-eabi/4.8.4/../../../../arm-none-eabi/lib/armv6-m\libg_s.a(lib_a-memmove.o)
 .debug_frame   0x00000f14       0x2c r:/freescale/kds_v3/toolchain/bin/../lib/gcc/arm-none-eabi/4.8.4/../../../../arm-none-eabi/lib/armv6-m\libg_s.a(lib_a-nano-freer.o)
 .debug_frame   0x00000f40       0x2c r:/freescale/kds_v3/toolchain/bin/../lib/gcc/arm-none-eabi/4.8.4/../../../../arm-none-eabi/lib/armv6-m\libg_s.a(lib_a-nano-mallocr.o)
 .debug_frame   0x00000f6c       0x30 r:/freescale/kds_v3/toolchain/bin/../lib/gcc/arm-none-eabi/4.8.4/../../../../arm-none-eabi/lib/armv6-m\libg_s.a(lib_a-nano-reallocr.o)
 .debug_frame   0x00000f9c       0x2c r:/freescale/kds_v3/toolchain/bin/../lib/gcc/arm-none-eabi/4.8.4/../../../../arm-none-eabi/lib/armv6-m\libg_s.a(lib_a-sbrkr.o)
 .debug_frame   0x00000fc8       0x20 r:/freescale/kds_v3/toolchain/bin/../lib/gcc/arm-none-eabi/4.8.4/../../../../arm-none-eabi/lib/armv6-m\libg_s.a(lib_a-strlen.o)
 .debug_frame   0x00000fe8       0x20 r:/freescale/kds_v3/toolchain/bin/../lib/gcc/arm-none-eabi/4.8.4/../../../../arm-none-eabi/lib/armv6-m\libg_s.a(lib_a-nano-msizer.o)
 .debug_frame   0x00001008       0x48 r:/freescale/kds_v3/toolchain/bin/../lib/gcc/arm-none-eabi/4.8.4/../../../../arm-none-eabi/lib/armv6-m\libg_s.a(lib_a-reent.o)
 .debug_frame   0x00001050       0x20 r:/freescale/kds_v3/toolchain/bin/../lib/gcc/arm-none-eabi/4.8.4/../../../../arm-none-eabi/lib/armv6-m\libnosys.a(sbrk.o)
 .debug_frame   0x00001070       0x20 r:/freescale/kds_v3/toolchain/bin/../lib/gcc/arm-none-eabi/4.8.4/../../../../arm-none-eabi/lib/armv6-m\libnosys.a(_exit.o)
